******************************************************************************
               TMS320C6x Linker PC v8.3.3                      
******************************************************************************
>> Linked Tue Sep  6 17:27:17 2022

OUTPUT FILE NAME:   <vital_signs_68xx_dss.xe674>
ENTRY POINT SYMBOL: "_c_int00"  address: 007fa840


MEMORY CONFIGURATION

         name            origin    length      used     unused   attr    fill
----------------------  --------  ---------  --------  --------  ----  --------
PAGE 0:
  L2SRAM_UMAP1          007e0000   00020000  0001ffc0  00000040  RWIX
  L2SRAM_UMAP0          00800000   00020000  00017391  00008c6f  RWIX
  L1PSRAM               00e00000   00004000  00002e60  000011a0  RWIX
  L1DSRAM               00f00000   00004000  00004000  00000000  RWIX
  L3SRAM                20000000   000c0000  00003720  000bc8e0  RWIX
  HWA_RAM               21030000   00010000  00000000  00010000  RWIX
  HSRAM                 21080000   00008000  00008000  00000000  RWIX

PAGE 1:
  L3SRAM                20000000   000c0000  000c0000  00000000  RWIX


SEGMENT ALLOCATION MAP

run origin  load origin   length   init length attrs members
----------  ----------- ---------- ----------- ----- -------
007e0000    007e0000    0001ffc0   0001ffc0    r-x
  007e0000    007e0000    00000200   00000200    r-x .vecs
  007e0200    007e0200    0001fdc0   0001fdc0    r-x .text
00800000    00800000    00013688   00000000    rw-
  00800000    00800000    0000c000   00000000    rw- .l2data
  0080c000    0080c000    00004000   00000000    rw- systemHeap
  00810000    00810000    0000313c   00000000    rw- .far
  00813140    00813140    00000418   00000000    rw- .stack
  00813558    00813558    00000120   00000000    rw- .cio
  00813678    00813678    00000010   00000000    rw- .bss
00813688    00813688    00000048   00000048    rw-
  00813688    00813688    00000048   00000048    rw- .neardata
008136d0    008136d0    00002461   00002461    r--
  008136d0    008136d0    00002461   00002461    r-- .const
00815b38    00815b38    00001684   00001684    rw-
  00815b38    00815b38    00001684   00001684    rw- .fardata
008171bc    008171bc    000001d0   000001d0    r--
  008171bc    008171bc    000001d0   000001d0    r-- .switch
00817390    00817390    00000010   00000010    r--
  00817390    00817390    00000010   00000010    r-- .ovly
00e00000    20000000    00002e60   00002e60    r-x
  00e00000    20000000    00002e60   00002e60    r-x .fastCode
00f00000    00f00000    00004000   00000000    rw-
  00f00000    00f00000    00004000   00000000    rw- .l1data
20002e60    20002e60    000008c0   000008c0    r-x
  20002e60    20002e60    000008c0   000008c0    r-x .overlay
21080000    21080000    00008000   00000000    rw-
  21080000    21080000    00008000   00000000    rw- .demoSharedMem
20000000    20000000    000c0000   00000000    rw-
  20000000    20000000    000c0000   00000000    rw- .l3data


SECTION ALLOCATION MAP

 output                                  attributes/
section   page    origin      length       input sections
--------  ----  ----------  ----------   ----------------
.vecs      0    007e0000    00000200     
                  007e0000    00000200     dss_mmw_pe674.oe674 (.vecs)

.stack     0    00813140    00000418     UNINITIALIZED
                  00813140    00000008     boot.ae674 : boot.oe674 (.stack)
                  00813148    00000410     --HOLE--

.cinit     0    00800000    00000000     UNINITIALIZED

.text      0    007e0200    0001fdc0     
                  007e0200    00000c80     dss_main.oe674 (.text:MmwDemo_parseProfileAndChirpConfig)
                  007e0e80    000008a0     ti.targets.rts6000.ae674 : System.oe674 (.text:xdc_runtime_System_doPrint__I)
                  007e1720    00000860     dss_data_path.oe674 (.text:MmwDemo_dataPathInitVitalSigns)
                  007e1f80    00000780     sysbios.ae674 : BIOS.obj (.text:ti_sysbios_family_c64p_Exception_handler__I)
                  007e2700    00000760                   : BIOS.obj (.text:ti_sysbios_knl_Event_pend__E)
                  007e2e60    00000720                   : BIOS.obj (.text:ti_sysbios_knl_Semaphore_pend__E)
                  007e3580    000006e0     dss_data_path.oe674 (.text:MmwDemo_dataPathConfigBuffers)
                  007e3c60    00000680     libadcbuf_xwr68xx.ae674 : adcbuf_mmwave.oe674 (.text:ADCBUF_MMWave_control)
                  007e42e0    00000640     sysbios.ae674 : BIOS.obj (.text:ti_sysbios_family_c64p_Cache_Module_startup__E)
                  007e4920    00000620                   : BIOS.obj (.text:ti_sysbios_heaps_HeapMem_allocUnprotected__E)
                  007e4f40    000005e0     rts6740_elf.lib : divd.c.obj (.text:__c6xabi_divd)
                  007e5520    000005e0     sysbios.ae674 : BIOS.obj (.text:ti_sysbios_knl_Task_Instance_finalize__E)
                  007e5b00    000005c0                   : BIOS.obj (.text:ti_sysbios_heaps_HeapMem_freeUnprotected__E)
                  007e60c0    000005a0     dss_main.oe674 (.text:MmwDemo_mboxReadTask)
                  007e6660    00000500     libmmwave_xwr68xx.ae674 : mmwave_dualcore.oe674 (.text:MMWave_deviceExecuteFxn)
                  007e6b60    00000500     sysbios.ae674 : BIOS.obj (.text:ti_sysbios_timers_rti_Timer_Module_startup__E)
                  007e7060    00000460     dss_data_path.oe674 (.text:MmwDemo_gen_twiddle_fft16x16_fast)
                  007e74c0    00000440     sysbios.ae674 : BIOS.obj (.text:ti_sysbios_knl_Task_sleep__E)
                  007e7900    00000420     libmailbox_xwr68xx.ae674 : mailbox.oe674 (.text:Mailbox_open)
                  007e7d20    00000420     sysbios.ae674 : BIOS.obj (.text:ti_sysbios_knl_Task_Instance_init__E)
                  007e8140    00000400     libmmwavelink_xwr68xx.ae674 : rl_driver.oe674 (.text:rlDriverRxHdrRead)
                  007e8540    000003e0     dss_data_path.oe674 (.text:MmwDemo_dcRangeSignatureCompensation)
                  007e8920    000003e0     sysbios.ae674 : BIOS.obj (.text:ti_sysbios_knl_Task_schedule__I)
                  007e8d00    00000360     libcrc_xwr68xx.ae674 : crc.oe674 (.text:CRC_open)
                  007e9060    00000360     libmmwavelink_xwr68xx.ae674 : rl_driver.oe674 (.text:rlDriverMsgRead)
                  007e93c0    00000320     dss_main.oe674 (.text:MmwDemo_dssDataPathTask)
                  007e96e0    00000320     sysbios.ae674 : BIOS.obj (.text:ti_sysbios_knl_Event_post__E)
                  007e9a00    000002e0     libmmwavelink_xwr68xx.ae674 : rl_driver.oe674 (.text:rlDriverCmdSendRetry)
                  007e9ce0    000002e0     sysbios.ae674 : BIOS.obj (.text:ti_sysbios_heaps_HeapMem_Instance_init__E)
                  007e9fc0    000002c0     libedma_xwr68xx.ae674 : edma.oe674 (.text:EDMA_configChannel)
                  007ea280    000002c0                           : edma.oe674 (.text:EDMA_configErrorMonitoring)
                  007ea540    000002c0     dss_data_path.oe674 (.text:MmwDemo_genWindow)
                  007ea800    000002c0     libmmwavelink_xwr68xx.ae674 : rl_driver.oe674 (.text:rlDriverCmdInvoke)
                  007eaac0    000002c0     sysbios.ae674 : BIOS.obj (.text:ti_sysbios_knl_Clock_workFunc__E)
                  007ead80    000002a0     libcrc_xwr68xx.ae674 : crc.oe674 (.text:CRC_computeSignature)
                  007eb020    000002a0     libedma_xwr68xx.ae674 : edma.oe674 (.text:EDMA_open)
                  007eb2c0    000002a0     dss_data_path.oe674 (.text:MmwDemo_dataPathConfigEdma)
                  007eb560    000002a0     dss_main.oe674 (.text:MmwDemo_dssDataPathInit)
                  007eb800    00000280     rts6740_elf.lib : divf.c.obj (.text:__c6xabi_divf)
                  007eba80    00000260                     : imath64.c.obj (.text:__c6xabi_divull)
                  007ebce0    00000260     libmmwavelink_xwr68xx.ae674 : rl_driver.oe674 (.text:rlDriverInit)
                  007ebf40    00000260     sysbios.ae674 : BIOS.obj (.text:ti_sysbios_knl_Semaphore_post__E)
                  007ec1a0    00000260     ti.targets.rts6000.ae674 : Startup.oe674 (.text:xdc_runtime_Startup_startMods__I)
                  007ec400    00000240     libmmwave_xwr68xx.ae674 : mmwave_link.oe674 (.text:MMWave_startLink)
                  007ec640    00000240     dss_main.oe674 (.text:MmwDemo_dssDataPathReconfig)
                  007ec880    00000240     dss_vitalSignsDemo_utilsFunc.oe674 (.text:find_Peaks)
                  007ecac0    00000240     sysbios.ae674 : BIOS.obj (.text:ti_sysbios_family_c64p_EventCombiner_dispatch__E)
                  007ecd00    00000240                   : BIOS.obj (.text:ti_sysbios_family_c64p_Exception_internalHandler__I)
                  007ecf40    00000240                   : BIOS.obj (.text:ti_sysbios_family_c64p_Hwi_dispatchCore__I)
                  007ed180    00000240                   : BIOS.obj (.text:ti_sysbios_knl_Task_postInit__I)
                  007ed3c0    00000240                   : BIOS.obj (.text:ti_sysbios_timers_rti_Timer_getFreq__E)
                  007ed600    00000240                   : BIOS.obj (.text:ti_sysbios_utils_Load_updateThreadContexts__E)
                  007ed840    00000240     ti.targets.rts6000.ae674 : Core-mem.oe674 (.text:xdc_runtime_Core_createObject__I)
                  007eda80    00000240     dss_mmw_pe674.oe674 (.text:xdc_runtime_System_printfExtend__I)
                  007edcc0    00000220     libedma_xwr68xx.ae674 : edma.oe674 (.text:EDMA_transferComplete_isr)
                  007edee0    00000220     libmailbox_xwr68xx.ae674 : mailbox.oe674 (.text:Mailbox_write)
                  007ee100    00000220     dss_main.oe674 (.text:MmwDemo_dssSendProcessOutputToMSS)
                  007ee320    00000220     dss_main.oe674 (.text:MmwDemo_parseAdcBufCfg)
                  007ee540    00000200     libmmwave_xwr68xx.ae674 : mmwave_link.oe674 (.text:MMWave_initMMWaveLink)
                  007ee740    00000200     dss_main.oe674 (.text:MmwDemo_dssChirpIntHandler)
                  007ee940    00000200     dss_data_path.oe674 (.text:MmwDemo_processChirp)
                  007eeb40    00000200     sysbios.ae674 : c64p_Hwi_disp_always.obj (.text:_ti_sysbios_family_c64p_Hwi_dispatchAlways)
                  007eed40    00000200     rts6740_elf.lib : atan.c.obj (.text:atan)
                  007eef40    00000200     sysbios.ae674 : BIOS.obj (.text:ti_sysbios_knl_Task_startCore__E)
                  007ef140    00000200     ti.targets.rts6000.ae674 : Error.oe674 (.text:xdc_runtime_Error_policyDefault__E)
                  007ef340    000001e0     libedma_xwr68xx.ae674 : edma.oe674 (.text:EDMA_init)
                  007ef520    000001e0     dss_main.oe674 (.text:MmwDemo_dssDataPathConfig)
                  007ef700    000001e0     dss_data_path.oe674 (.text:MmwDemo_gen_twiddle_fft32x32_fast)
                  007ef8e0    000001e0     rts6740_elf.lib : log.c.obj (.text:log)
                  007efac0    000001e0     libmmwavelink_xwr68xx.ae674 : rl_driver.oe674 (.text:rlDriverRdVerifyMsg)
                  007efca0    000001e0     dss_vitalSignsDemo_utilsFunc.oe674 (.text:shape_form_recognition)
                  007efe80    000001e0     sysbios.ae674 : BIOS.obj (.text:ti_sysbios_family_c64p_EventCombiner_dispatchPlug__E)
                  007f0060    000001e0                   : BIOS.obj (.text:ti_sysbios_gates_GateMutex_enter__E)
                  007f0240    000001e0                   : BIOS.obj (.text:ti_sysbios_knl_Task_exit__E)
                  007f0420    000001e0                   : BIOS.obj (.text:ti_sysbios_utils_Load_updateLoads__E)
                  007f0600    000001e0     ti.targets.rts6000.ae674 : Text.oe674 (.text:xdc_runtime_Text_putSite__E)
                  007f07e0    000001c0     libmmwave_xwr68xx.ae674 : mmwave_link.oe674 (.text:MMWave_asyncEventHandler)
                  007f09a0    000001c0                             : mmwave_dualcore.oe674 (.text:MMWave_deviceInitFxn)
                  007f0b60    000001c0     libmailbox_xwr68xx.ae674 : mailbox.oe674 (.text:Mailbox_read)
                  007f0d20    000001c0     dss_main.oe674 (.text:MmwDemo_edmaBlockCopy)
                  007f0ee0    000001c0     rts6740_elf.lib : atan2.c.obj (.text:atan2)
                  007f10a0    000001c0                     : fputc.c.obj (.text:fputc)
                  007f1260    000001c0                     : frexp.c.obj (.text:frexp)
                  007f1420    000001c0     libmmwavelink_xwr68xx.ae674 : rl_driver.oe674 (.text:rlDriverMsgCmdReply)
                  007f15e0    000001c0     rts6740_elf.lib : setvbuf.c.obj (.text:setvbuf)
                  007f17a0    000001c0     sysbios.ae674 : BIOS.obj (.text:ti_sysbios_utils_Load_idleFxn__E)
                  007f1960    000001a0     libadcbuf_xwr68xx.ae674 : adcbuf_mmwave.oe674 (.text:ADCBUF_MMWave_open)
                  007f1b00    000001a0     libedma_xwr68xx.ae674 : edma.oe674 (.text:EDMA_paramConfig_assist)
                  007f1ca0    000001a0     rts6740_elf.lib : hostrename.c.obj (.text:HOSTrename)
                  007f1e40    000001a0     libmmwavelink_xwr68xx.ae674 : rl_driver.oe674 (.text:rlDriverDeInit)
                  007f1fe0    000001a0                                 : rl_driver.oe674 (.text:rlDriverMsgWrite)
                  007f2180    000001a0     sysbios.ae674 : BIOS.obj (.text:ti_sysbios_family_c64p_EventCombiner_disableEvent__E)
                  007f2320    000001a0                   : BIOS.obj (.text:ti_sysbios_family_c64p_EventCombiner_enableEvent__E)
                  007f24c0    000001a0                   : BIOS.obj (.text:ti_sysbios_timers_rti_Timer_startup__E)
                  007f2660    000001a0                   : BIOS.obj (.text:ti_sysbios_utils_Load_logLoads__I)
                  007f2800    000001a0     ti.targets.rts6000.ae674 : Core-smem.oe674 (.text:xdc_runtime_Core_constructObject__I)
                  007f29a0    00000180     libadcbuf_xwr68xx.ae674 : adcbuf_mmwave.oe674 (.text:ADCBUFCmdParamCheck)
                  007f2b20    00000180     libmmwave_xwr68xx.ae674 : mmwave_fullcfg.oe674 (.text:MMWave_flushCfg)
                  007f2ca0    00000180                             : mmwave_fullcfg.oe674 (.text:MMWave_getChirpHandle)
                  007f2e20    00000180                             : mmwave.oe674 (.text:MMWave_start)
                  007f2fa0    00000180     sysbios.ae674 : c64p_Exception_asm.obj (.text)
                  007f3120    00000180                   : BIOS.obj (.text:ti_sysbios_utils_Load_taskCreateHook__E)
                  007f32a0    00000160     libedma_xwr68xx.ae674 : edma.oe674 (.text:EDMA_getErrorStatusInfo)
                  007f3400    00000160     dss_config_edma_util.oe674 (.text:EDMAutil_configType1)
                  007f3560    00000160     libmmwave_xwr68xx.ae674 : mmwave_link.oe674 (.text:MMWave_computeCRC)
                  007f36c0    00000160     libmailbox_xwr68xx.ae674 : mailbox.oe674 (.text:Mailbox_close)
                  007f3820    00000160     libsoc_xwr68xx.ae674 : soc.oe674 (.text:SOC_registerSysIntListener)
                  007f3980    00000160                          : soc_xwr68xx.oe674 (.text:SOC_ungateClock)
                  007f3ae0    00000160     dss_vitalSignsDemo_utilsFunc.oe674 (.text:filter_IIR_BiquadCascade)
                  007f3c40    00000160     libmmwavelink_xwr68xx.ae674 : rl_driver.oe674 (.text:rlDriverMsgReadCmdCtx)
                  007f3da0    00000160                                 : rl_driver.oe674 (.text:rlDriverWaitForResponse)
                  007f3f00    00000160     rts6740_elf.lib : sqrt.c.obj (.text:sqrt)
                  007f4060    00000160     sysbios.ae674 : BIOS.obj (.text:ti_sysbios_family_c64p_Hwi_Module_startup__E)
                  007f41c0    00000160                   : BIOS.obj (.text:ti_sysbios_utils_Load_startup__E)
                  007f4320    00000160     ti.targets.rts6000.ae674 : Text.oe674 (.text:xdc_runtime_Text_putMod__E)
                  007f4480    00000140     libedma_xwr68xx.ae674 : edma_low_level.oe674 (.text:EDMA3Init)
                  007f45c0    00000140                           : edma.oe674 (.text:EDMA_clearErrors)
                  007f4700    00000140     libmmwave_xwr68xx.ae674 : mmwave_fullcfg.oe674 (.text:MMWave_addChirp)
                  007f4840    00000140                             : mmwave.oe674 (.text:MMWave_init)
                  007f4980    00000140     dss_main.oe674 (.text:MmwDemo_dssDataPathStop)
                  007f4ac0    00000140     dss_main.oe674 (.text:MmwDemo_dssMmwaveEventCallbackFxn)
                  007f4c00    00000140     dss_vitalSignsDemo_utilsFunc.oe674 (.text:computeAGC)
                  007f4d40    00000140     libmmwavelink_xwr68xx.ae674 : rl_device.oe674 (.text:rlDevicePowerOn)
                  007f4e80    00000140                                 : rl_driver.oe674 (.text:rlDriverMsgReadSpawnCtx)
                  007f4fc0    00000140     sysbios.ae674 : BIOS.obj (.text:ti_sysbios_knl_Semaphore_Instance_init__E)
                  007f5100    00000140                   : BIOS.obj (.text:ti_sysbios_knl_Task_Module_startup__E)
                  007f5240    00000140                   : BIOS.obj (.text:ti_sysbios_knl_Task_blockI__E)
                  007f5380    00000140                   : BIOS.obj (.text:ti_sysbios_timers_rti_Timer_initDevice__I)
                  007f54c0    00000140     ti.targets.rts6000.ae674 : Core-mem.oe674 (.text:xdc_runtime_Core_deleteObject__I)
                  007f5600    00000140                              : Text.oe674 (.text:xdc_runtime_Text_putLab__E)
                  007f5740    00000120     libadcbuf_xwr68xx.ae674 : adcbuf_mmwave.oe674 (.text:ADCBUF_MMWave_getChanBufAddr)
                  007f5860    00000120     libedma_xwr68xx.ae674 : edma.oe674 (.text:EDMA_configParamSet)
                  007f5980    00000120     libsoc_xwr68xx.ae674 : soc_xwr68xx.oe674 (.text:SOC_gateClock)
                  007f5aa0    00000120     boot.ae674 : autoinit.oe674 (.text:_auto_init_elf)
                  007f5bc0    00000120     rts6740_elf.lib : getdevice.c.obj (.text:getdevice)
                  007f5ce0    00000120     dss_vitalSignsDemo_utilsFunc.oe674 (.text:heapsort_index)
                  007f5e00    00000120     libmmwavelink_xwr68xx.ae674 : rl_driver.oe674 (.text:rlDriverAsyncEventHandler)
                  007f5f20    00000120                                 : rl_driver.oe674 (.text:rlDriverProcRdMsg)
                  007f6040    00000120     sysbios.ae674 : BIOS.obj (.text:ti_sysbios_knl_Task_unblockI__E)
                  007f6160    00000120                   : BIOS.obj (.text:ti_sysbios_utils_Load_taskDeleteHook__E)
                  007f6280    00000100     libmmwave_xwr68xx.ae674 : mmwave_fullcfg.oe674 (.text:MMWave_addBpmChirp)
                  007f6380    00000100                             : mmwave_fullcfg.oe674 (.text:MMWave_addProfile)
                  007f6480    00000100                             : mmwave_fullcfg.oe674 (.text:MMWave_getChirpCfg)
                  007f6580    00000100     libmailbox_xwr68xx.ae674 : mailbox.oe674 (.text:Mailbox_readFlush)
                  007f6680    00000100     dss_main.oe674 (.text:MmwDemo_dssFrameStartIntHandler)
                  007f6780    00000100     libsoc_xwr68xx.ae674 : soc_xwr68xx_dss.oe674 (.text:SOC_deviceInit)
                  007f6880    00000100                          : soc_xwr68xx.oe674 (.text:SOC_translateAddress)
                  007f6980    00000100     rts6740_elf.lib : fclose.c.obj (.text:__TI_closefile)
                  007f6a80    00000100     dss_vitalSignsDemo_utilsFunc.oe674 (.text:computeConfidenceMetric)
                  007f6b80    00000100     rts6740_elf.lib : fflush.c.obj (.text:fflush)
                  007f6c80    00000100     dss_vitalSignsDemo_utilsFunc.oe674 (.text:find_periodicity)
                  007f6d80    00000100     rts6740_elf.lib : fseek.c.obj (.text:fseek)
                  007f6e80    00000100     libmmwavelink_xwr68xx.ae674 : rl_device.oe674 (.text:rlDeviceGetVersion)
                  007f6f80    00000100                                 : rl_device.oe674 (.text:rlDevicePowerOff)
                  007f7080    00000100                                 : rl_driver.oe674 (.text:rlDriverClientCbCheck)
                  007f7180    00000100                                 : rl_driver.oe674 (.text:rlDriverOsiCbCheck)
                  007f7280    00000100     dss_vitalSignsDemo_utilsFunc.oe674 (.text:unwrap)
                  007f7380    00000100     ti.targets.rts6000.ae674 : Error.oe674 (.text:xdc_runtime_Error_print__E)
                  007f7480    00000100                              : Memory.oe674 (.text:xdc_runtime_Memory_alloc__E)
                  007f7580    00000100                              : Startup.oe674 (.text:xdc_runtime_Startup_exec__E)
                  007f7680    000000e0     libcrc_xwr68xx.ae674 : crc.oe674 (.text:CRC_getTransactionId)
                  007f7760    000000e0     libedma_xwr68xx.ae674 : edma.oe674 (.text:EDMA_isTransferComplete)
                  007f7840    000000e0     dss_config_edma_util.oe674 (.text:EDMA_setup_shadow_link)
                  007f7920    000000e0     libedma_xwr68xx.ae674 : edma.oe674 (.text:EDMA_transferController_error_isr)
                  007f7a00    000000e0     rts6740_elf.lib : hostlseek.c.obj (.text:HOSTlseek)
                  007f7ae0    000000e0                     : hostopen.c.obj (.text:HOSTopen)
                  007f7bc0    000000e0                     : hostwrite.c.obj (.text:HOSTwrite)
                  007f7ca0    000000e0     libmmwave_xwr68xx.ae674 : mmwave_dualcore.oe674 (.text:MMWave_deviceStartFxn)
                  007f7d80    000000e0                             : mmwave_fullcfg.oe674 (.text:MMWave_getProfileCfg)
                  007f7e60    000000e0     libmailbox_xwr68xx.ae674 : mailbox.oe674 (.text:Mailbox_boxFullISRMssDss)
                  007f7f40    000000e0                              : mailbox.oe674 (.text:Mailbox_init)
                  007f8020    000000e0     dss_main.oe674 (.text:MmwDemo_dssDataPathStart)
                  007f8100    000000e0     dss_main.oe674 (.text:_MmwDemo_dssAssert)
                  007f81e0    000000e0     rts6740_elf.lib : _io_perm.c.obj (.text:__TI_wrt_ok)
                  007f82c0    000000e0                     : divi.asm.obj (.text:__divi)
                  007f83a0    000000e0                     : close.c.obj (.text:close)
                  007f8480    000000e0     dss_vitalSignsDemo_utilsFunc.oe674 (.text:computeEnergyHarmonics)
                  007f8560    000000e0     rts6740_elf.lib : exit.c.obj (.text:exit)
                  007f8640    000000e0                     : memset.c.obj (.text:memset)
                  007f8720    000000e0     libmmwavelink_xwr68xx.ae674 : rl_driver.oe674 (.text:rlDriverHostIrqHandler)
                  007f8800    000000e0                                 : rl_driver.oe674 (.text:rlDriverValidateHdr)
                  007f88e0    000000e0     sysbios.ae674 : BIOS.obj (.text:ti_sysbios_heaps_HeapMem_alloc__E)
                  007f89c0    000000e0                   : BIOS.obj (.text:ti_sysbios_utils_Load_updateCurrentThreadTime__E)
                  007f8aa0    000000c0     libcrc_xwr68xx.ae674 : crc.oe674 (.text:CRC_getSignature)
                  007f8b60    000000c0     libedma_xwr68xx.ae674 : edma.oe674 (.text:EDMA_error_isr)
                  007f8c20    000000c0                           : edma.oe674 (.text:EDMA_startDmaTransfer)
                  007f8ce0    000000c0     rts6740_elf.lib : hostread.c.obj (.text:HOSTread)
                  007f8da0    000000c0                     : hostunlink.c.obj (.text:HOSTunlink)
                  007f8e60    000000c0     libmmwave_xwr68xx.ae674 : mmwave_dualcore.oe674 (.text:MMWave_deviceEventFxn)
                  007f8f20    000000c0                             : mmwave_fullcfg.oe674 (.text:MMWave_getNumChirps)
                  007f8fe0    000000c0                             : mmwave_link.oe674 (.text:MMWave_initCRC)
                  007f90a0    000000c0                             : mmwave_link.oe674 (.text:MMWave_initLink)
                  007f9160    000000c0                             : mmwave_link.oe674 (.text:MMWave_spawn)
                  007f9220    000000c0     libmailbox_xwr68xx.ae674 : mailbox.oe674 (.text:Mailbox_boxFullISRProcessing)
                  007f92e0    000000c0     rts6740_elf.lib : fflush.c.obj (.text:__TI_doflush)
                  007f93a0    000000c0                     : divu.asm.obj (.text:__divu)
                  007f9460    000000c0                     : remi.asm.obj (.text:__remi)
                  007f9520    000000c0                     : modf.c.obj (.text:modf)
                  007f95e0    000000c0     libmmwavelink_xwr68xx.ae674 : rl_driver.oe674 (.text:rlDriverCalChkSum)
                  007f96a0    000000c0                                 : rl_driver.oe674 (.text:rlDriverExecuteGetApi)
                  007f9760    000000c0                                 : rl_driver.oe674 (.text:rlDriverExecuteSetApi)
                  007f9820    000000c0                                 : rl_controller.oe674 (.text:rlGetSubBlock)
                  007f98e0    000000c0     sysbios.ae674 : BIOS.obj (.text:ti_sysbios_heaps_HeapMem_getStats__E)
                  007f99a0    000000c0                   : BIOS.obj (.text:ti_sysbios_knl_Clock_logTick__E)
                  007f9a60    000000c0                   : BIOS.obj (.text:ti_sysbios_knl_Task_allBlockedFunction__I)
                  007f9b20    000000c0     dss_mmw_pe674.oe674 (.text:ti_sysbios_knl_Task_create)
                  007f9be0    000000c0     sysbios.ae674 : BIOS.obj (.text:ti_sysbios_utils_Load_taskSwitchHook__E)
                  007f9ca0    000000c0     rts6740_elf.lib : tls.c.obj (.text:tls:init:__TI_tls_init)
                  007f9d60    000000c0     ti.targets.rts6000.ae674 : Assert.oe674 (.text:xdc_runtime_Assert_raise__I)
                  007f9e20    000000c0                              : Error.oe674 (.text:xdc_runtime_Error_setX__E)
                  007f9ee0    000000a0     libedma_xwr68xx.ae674 : edma_low_level.oe674 (.text:EDMA3EnableChInShadowReg)
                  007f9f80    000000a0                           : edma.oe674 (.text:EDMA_disableChannel)
                  007fa020    000000a0                           : edma.oe674 (.text:EDMA_enableChannel)
                  007fa0c0    000000a0     rts6740_elf.lib : hostclose.c.obj (.text:HOSTclose)
                  007fa160    000000a0     libmmwave_xwr68xx.ae674 : mmwave.oe674 (.text:MMWave_execute)
                  007fa200    000000a0                             : mmwave_link.oe674 (.text:MMWave_executeLink)
                  007fa2a0    000000a0                             : mmwave_link.oe674 (.text:MMWave_mboxOpen)
                  007fa340    000000a0                             : mmwave.oe674 (.text:MMWave_sync)
                  007fa3e0    000000a0     libmailbox_xwr68xx.ae674 : mailbox.oe674 (.text:Mailbox_boxEmptyISRProcessing)
                  007fa480    000000a0     dss_data_path.oe674 (.text:MmwDemo_dataPathWait1DInputData)
                  007fa520    000000a0     dss_data_path.oe674 (.text:MmwDemo_dataPathWait1DOutputData)
                  007fa5c0    000000a0     libsoc_xwr68xx.ae674 : soc.oe674 (.text:SOC_SystemISR)
                  007fa660    000000a0                          : soc_xwr68xx_dss.oe674 (.text:SOC_triggerDSStoMSSsoftwareInterrupt)
                  007fa700    000000a0     rts6740_elf.lib : fopen.c.obj (.text:__TI_cleanup)
                  007fa7a0    000000a0                     : remu.asm.obj (.text:__remu)
                  007fa840    000000a0     boot.ae674 : boot.oe674 (.text:_c_int00)
                  007fa8e0    000000a0     dss_vitalSignsDemo_utilsFunc.oe674 (.text:computeAutoCorrelation)
                  007fa980    000000a0     dss_vitalSignsDemo_utilsFunc.oe674 (.text:filterPeaksWfm)
                  007faa20    000000a0     rts6740_elf.lib : getdevice.c.obj (.text:finddevice)
                  007faac0    000000a0                     : memcpy64.asm.obj (.text:memcpy)
                  007fab60    000000a0     libmmwavelink_xwr68xx.ae674 : rl_controller.oe674 (.text:rlAppendSubBlock)
                  007fac00    000000a0                                 : rl_driver.oe674 (.text:rlDriverVerifyCRC)
                  007faca0    000000a0     sysbios.ae674 : BIOS.obj (.text:ti_sysbios_family_c64p_Exception_Module_startup__E)
                  007fad40    000000a0                   : BIOS.obj (.text:ti_sysbios_family_c64p_Hwi_getStackInfo__E)
                  007fade0    000000a0     ti.targets.rts6000.ae674 : Core-params.oe674 (.text:xdc_runtime_Core_assignParams__I)
                  007fae80    000000a0                              : System.oe674 (.text:xdc_runtime_System_formatNum__I)
                  007faf20    000000a0                              : System.oe674 (.text:xdc_runtime_System_putchar__I)
                  007fafc0    000000a0                              : Text.oe674 (.text:xdc_runtime_Text_printVisFxn__I)
                  007fb060    000000a0                              : Text.oe674 (.text:xdc_runtime_Text_xprintf__I)
                  007fb100    00000080     libadcbuf_xwr68xx.ae674 : adcbuf_mmwave.oe674 (.text:ADCBUF_MMWave_close)
                  007fb180    00000080                             : ADCBuf.oe674 (.text:ADCBuf_init)
                  007fb200    00000080     libedma_xwr68xx.ae674 : edma_low_level.oe674 (.text:EDMA3MapChToEvtQ)
                  007fb280    00000080                           : edma.oe674 (.text:EDMA_getTransferControllerErrorStatusInfo)
                  007fb300    00000080                           : edma.oe674 (.text:EDMA_linkParamSets)
                  007fb380    00000080     libmmwave_xwr68xx.ae674 : mmwave_link.oe674 (.text:MMWave_mboxWrite)
                  007fb400    00000080     libmailbox_xwr68xx.ae674 : mailbox.oe674 (.text:Mailbox_writeReset)
                  007fb480    00000080     dss_main.oe674 (.text:MmwDemo_cfgUpdate)
                  007fb500    00000080     dss_data_path.oe674 (.text:MmwDemo_dataPathComputeDerivedConfig)
                  007fb580    00000080     dss_data_path.oe674 (.text:MmwDemo_dataPathConfigFFTs)
                  007fb600    00000080     dss_main.oe674 (.text:MmwDemo_dssDataPathOutputLogging)
                  007fb680    00000080     libosal_xwr68xx.ae674 : SemaphoreP_tirtos.oe674 (.text:SemaphoreP_create)
                  007fb700    00000080     rts6740_elf.lib : trgmsg.c.obj (.text:__TI_readmsg)
                  007fb780    00000080                     : fixdu.c.obj (.text:__c6xabi_fixdu)
                  007fb800    00000080                     : llshift.c.obj (.text:__c6xabi_llshl)
                  007fb880    00000080     sysbios.ae674 : c62_TaskSupport_asm.obj (.text:_ti_sysbios_family_c62_TaskSupport_swap__E)
                  007fb900    00000080     dss_vitalSignsDemo_utilsFunc.oe674 (.text:binary_search)
                  007fb980    00000080     dss_vitalSignsDemo_utilsFunc.oe674 (.text:computeMaxIndex)
                  007fba00    00000080     libmmwavelink_xwr68xx.ae674 : rl_driver.oe674 (.text:rlDeviceIdentifyCmdDir)
                  007fba80    00000080                                 : rl_driver.oe674 (.text:rlDriverOsiInit)
                  007fbb00    00000080     dss_mmw_pe674.oe674 (.text:ti_sysbios_BIOS_atExitFunc__I)
                  007fbb80    00000080     dss_mmw_pe674.oe674 (.text:ti_sysbios_BIOS_registerRTSLock__I)
                  007fbc00    00000080     sysbios.ae674 : BIOS.obj (.text:ti_sysbios_family_c64p_Hwi_dispatchC__I)
                  007fbc80    00000080     dss_mmw_pe674.oe674 (.text:ti_sysbios_gates_GateHwi_Object__create__S)
                  007fbd00    00000080     dss_mmw_pe674.oe674 (.text:ti_sysbios_gates_GateMutex_Object__create__S)
                  007fbd80    00000080     sysbios.ae674 : BIOS.obj (.text:ti_sysbios_hal_Hwi_checkStack)
                  007fbe00    00000080     dss_mmw_pe674.oe674 (.text:ti_sysbios_heaps_HeapMem_Object__create__S)
                  007fbe80    00000080     sysbios.ae674 : BIOS.obj (.text:ti_sysbios_heaps_HeapMem_init__I)
                  007fbf00    00000080     dss_mmw_pe674.oe674 (.text:ti_sysbios_knl_Clock_doTick__I)
                  007fbf80    00000080     dss_mmw_pe674.oe674 (.text:ti_sysbios_knl_Event_create)
                  007fc000    00000080     sysbios.ae674 : BIOS.obj (.text:ti_sysbios_knl_Event_pendTimeout__I)
                  007fc080    00000080                   : BIOS.obj (.text:ti_sysbios_knl_Idle_run__E)
                  007fc100    00000080     dss_mmw_pe674.oe674 (.text:ti_sysbios_knl_Semaphore_create)
                  007fc180    00000080     sysbios.ae674 : BIOS.obj (.text:ti_sysbios_knl_Semaphore_pendTimeout__I)
                  007fc200    00000080     dss_mmw_pe674.oe674 (.text:ti_sysbios_rts_MemAlloc_alloc)
                  007fc280    00000080     rts6740_elf.lib : unlink.c.obj (.text:unlink)
                  007fc300    00000080     ti.targets.rts6000.ae674 : Core-label.oe674 (.text:xdc_runtime_Core_assignLabel__I)
                  007fc380    00000080                              : SysStd.oe674 (.text:xdc_runtime_SysStd_abort__E)
                  007fc400    00000080                              : System.oe674 (.text:xdc_runtime_System_atexit__E)
                  007fc480    00000080                              : System.oe674 (.text:xdc_runtime_System_avprintf__E)
                  007fc500    00000080                              : System.oe674 (.text:xdc_runtime_System_processAtExit__E)
                  007fc580    00000080                              : System.oe674 (.text:xdc_runtime_System_vprintf__E)
                  007fc600    00000060     libadcbuf_xwr68xx.ae674 : ADCBuf.oe674 (.text:ADCBuf_open)
                  007fc660    00000060     libcrc_xwr68xx.ae674 : crc.oe674 (.text:CRC_getCRCDataSelectBitValue)
                  007fc6c0    00000060                          : crc.oe674 (.text:CRC_getCRCTypeBitValue)
                  007fc720    00000060                          : crc.oe674 (.text:CRC_isTransactionIdValid)
                  007fc780    00000060                          : crc.oe674 (.text:CRC_resetSignature)
                  007fc7e0    00000060     libedma_xwr68xx.ae674 : edma_low_level.oe674 (.text:EDMA3ClrEvt)
                  007fc840    00000060                           : edma_low_level.oe674 (.text:EDMA3ClrIntr)
                  007fc8a0    00000060                           : edma_low_level.oe674 (.text:EDMA3ClrMissEvt)
                  007fc900    00000060                           : edma_low_level.oe674 (.text:EDMA3DisableDmaEvt)
                  007fc960    00000060                           : edma_low_level.oe674 (.text:EDMA3DisableEvtIntr)
                  007fc9c0    00000060                           : edma_low_level.oe674 (.text:EDMA3EnableDmaEvt)
                  007fca20    00000060                           : edma_low_level.oe674 (.text:EDMA3EnableEvtIntr)
                  007fca80    00000060                           : edma_low_level.oe674 (.text:EDMA3SetEvt)
                  007fcae0    00000060                           : edma.oe674 (.text:EDMA_configTransferControllerError)
                  007fcb40    00000060                           : edma.oe674 (.text:EDMA_isError)
                  007fcba0    00000060                           : edma.oe674 (.text:EDMA_setDestinationAddress)
                  007fcc00    00000060                           : edma.oe674 (.text:EDMA_setSourceAddress)
                  007fcc60    00000060                           : edma.oe674 (.text:EDMA_validate_channelIdchannelType)
                  007fccc0    00000060     libmmwave_xwr68xx.ae674 : mmwave_listlib.oe674 (.text:MMWave_listCat)
                  007fcd20    00000060                             : mmwave_listlib.oe674 (.text:MMWave_listRemoveNode)
                  007fcd80    00000060                             : mmwave_osal.oe674 (.text:MMWave_osalMutexCreate)
                  007fcde0    00000060                             : mmwave_osal.oe674 (.text:MMWave_osalSemCreate)
                  007fce40    00000060     libmailbox_xwr68xx.ae674 : mailbox.oe674 (.text:Mailbox_Config_init)
                  007fcea0    00000060     dss_data_path.oe674 (.text:MmwDemo_dataPathObjInit)
                  007fcf00    00000060     dss_main.oe674 (.text:MmwDemo_dssMMWaveCtrlTask)
                  007fcf60    00000060     dss_main.oe674 (.text:MmwDemo_dssMmwaveOpenCallbackFxn)
                  007fcfc0    00000060     dss_data_path.oe674 (.text:MmwDemo_waitEndOfChirps)
                  007fd020    00000060     libsoc_xwr68xx.ae674 : soc_xwr68xx.oe674 (.text:SOC_setMMWaveDSSLinkState)
                  007fd080    00000060                          : soc_xwr68xx.oe674 (.text:SOC_setMMWaveMSSLinkState)
                  007fd0e0    00000060                          : soc.oe674 (.text:SOC_unhaltBSS)
                  007fd140    00000060                          : soc_xwr68xx_dss.oe674 (.text:SOC_waitBSSPowerUp)
                  007fd1a0    00000060     rts6740_elf.lib : trgmsg.c.obj (.text:__TI_writemsg)
                  007fd200    00000060                     : llshift.c.obj (.text:__c6xabi_llshru)
                  007fd260    00000060                     : imath64.c.obj (.text:_subcull)
                  007fd2c0    00000060     sysbios.ae674 : c64p_Hwi_asm_switch.obj (.text:_ti_sysbios_family_c64p_Hwi_switchAndDispatch__I)
                  007fd320    00000060     dss_vitalSignsDemo_utilsFunc.oe674 (.text:filter_RemoveImpulseNoise)
                  007fd380    00000060     rts6740_elf.lib : lseek.c.obj (.text:lseek)
                  007fd3e0    00000060     libmmwavelink_xwr68xx.ae674 : rl_device.oe674 (.text:rlDeviceGetMssVersion)
                  007fd440    00000060                                 : rl_sensor.oe674 (.text:rlEnableContMode)
                  007fd4a0    00000060                                 : rl_sensor.oe674 (.text:rlRfRunTimeCalibConfig)
                  007fd500    00000060                                 : rl_sensor.oe674 (.text:rlSensorStart)
                  007fd560    00000060     dss_mmw_pe674.oe674 (.text:ti_sysbios_BIOS_errorRaiseHook__I)
                  007fd5c0    00000060     dss_mmw_pe674.oe674 (.text:ti_sysbios_BIOS_removeRTSLock__I)
                  007fd620    00000060     dss_mmw_pe674.oe674 (.text:ti_sysbios_BIOS_startFunc__I)
                  007fd680    00000060     sysbios.ae674 : BIOS.obj (.text:ti_sysbios_family_c62_TaskSupport_start__E)
                  007fd6e0    00000060                   : BIOS.obj (.text:ti_sysbios_family_c64p_Cache_setMar__E)
                  007fd740    00000060                   : BIOS.obj (.text:ti_sysbios_family_c64p_EventCombiner_Module_startup__E)
                  007fd7a0    00000060                   : BIOS.obj (.text:ti_sysbios_family_c64p_EventCombiner_unused__E)
                  007fd800    00000060     dss_mmw_pe674.oe674 (.text:ti_sysbios_gates_GateMutex_Object__delete__S)
                  007fd860    00000060     sysbios.ae674 : BIOS.obj (.text:ti_sysbios_hal_Hwi_initStack)
                  007fd8c0    00000060                   : BIOS.obj (.text:ti_sysbios_heaps_HeapMem_free__E)
                  007fd920    00000060                   : BIOS.obj (.text:ti_sysbios_knl_Clock_Module_startup__E)
                  007fd980    00000060     dss_mmw_pe674.oe674 (.text:ti_sysbios_knl_Queue_construct)
                  007fd9e0    00000060     dss_mmw_pe674.oe674 (.text:ti_sysbios_knl_Semaphore_Object__delete__S)
                  007fda40    00000060     dss_mmw_pe674.oe674 (.text:ti_sysbios_knl_Semaphore_construct)
                  007fdaa0    00000060     sysbios.ae674 : BIOS.obj (.text:ti_sysbios_knl_Task_enter__I)
                  007fdb00    00000060                   : BIOS.obj (.text:ti_sysbios_knl_Task_restore__E)
                  007fdb60    00000060                   : BIOS.obj (.text:ti_sysbios_timers_rti_Timer_periodicStub__E)
                  007fdbc0    00000060     rts6740_elf.lib : write.c.obj (.text:write)
                  007fdc20    00000060     ti.targets.rts6000.ae674 : Memory.oe674 (.text:xdc_runtime_Memory_valloc__E)
                  007fdc80    00000060                              : Text.oe674 (.text:xdc_runtime_Text_cordText__E)
                  007fdce0    00000040     libadcbuf_xwr68xx.ae674 : adcbuf_mmwave.oe674 (.text:ADCBUFContinuousModeCtrl)
                  007fdd20    00000040                             : adcbuf_mmwave.oe674 (.text:ADCBUFSetPingNumChirpThreshhold)
                  007fdd60    00000040                             : adcbuf_mmwave.oe674 (.text:ADCBUFSetPongNumChirpThreshhold)
                  007fdda0    00000040                             : adcbuf_mmwave.oe674 (.text:ADCBUFSrcSelect)
                  007fdde0    00000040     libcrc_xwr68xx.ae674 : crc.oe674 (.text:CRC_getSignatureRegister)
                  007fde20    00000040                          : crc.oe674 (.text:CRC_releaseTransactionId)
                  007fde60    00000040     libadcbuf_xwr68xx.ae674 : adcbuf_mmwave.oe674 (.text:CSL_FEXTR)
                  007fdea0    00000040     libmmwave_xwr68xx.ae674 : mmwave.oe674 (.text:CSL_FEXTR)
                  007fdee0    00000040     libsoc_xwr68xx.ae674 : soc.oe674 (.text:CSL_FEXTR)
                  007fdf20    00000040                          : soc_xwr68xx.oe674 (.text:CSL_FEXTR)
                  007fdf60    00000040     libadcbuf_xwr68xx.ae674 : adcbuf_mmwave.oe674 (.text:CSL_FINSR)
                  007fdfa0    00000040     libcrc_xwr68xx.ae674 : crc.oe674 (.text:CSL_FINSR)
                  007fdfe0    00000040     libmailbox_xwr68xx.ae674 : mailbox.oe674 (.text:CSL_FINSR)
                  007fe020    00000040     libsoc_xwr68xx.ae674 : soc.oe674 (.text:CSL_FINSR)
                  007fe060    00000040                          : soc_xwr68xx.oe674 (.text:CSL_FINSR)
                  007fe0a0    00000040                          : soc_xwr68xx_dss.oe674 (.text:CSL_FINSR)
                  007fe0e0    00000040     libedma_xwr68xx.ae674 : edma_low_level.oe674 (.text:EDMA3MapQdmaChToPaRAM)
                  007fe120    00000040                           : edma_low_level.oe674 (.text:EDMA3SetPaRAM)
                  007fe160    00000040                           : edma_low_level.oe674 (.text:EDMA3SetQdmaTrigWord)
                  007fe1a0    00000040     libosal_xwr68xx.ae674 : HwiP_tirtos.oe674 (.text:HwiP_create)
                  007fe1e0    00000040                           : HwiP_tirtos.oe674 (.text:HwiP_delete)
                  007fe220    00000040     libmmwave_xwr68xx.ae674 : mmwave_dualcore.oe674 (.text:MMWave_deviceSyncFxn)
                  007fe260    00000040                             : mmwave.oe674 (.text:MMWave_encodeError)
                  007fe2a0    00000040                             : mmwave_listlib.oe674 (.text:MMWave_listAdd)
                  007fe2e0    00000040                             : mmwave_listlib.oe674 (.text:MMWave_listRemove)
                  007fe320    00000040                             : mmwave_osal.oe674 (.text:MMWave_osalMutexLock)
                  007fe360    00000040                             : mmwave_osal.oe674 (.text:MMWave_osalSemWait)
                  007fe3a0    00000040     libmailbox_xwr68xx.ae674 : mailbox.oe674 (.text:Mailbox_boxEmptyISRBss)
                  007fe3e0    00000040                              : mailbox.oe674 (.text:Mailbox_boxEmptyISRMssDss)
                  007fe420    00000040                              : mailbox.oe674 (.text:Mailbox_boxFullISRBss)
                  007fe460    00000040     dss_data_path.oe674 (.text:MmwDemo_dataPathInit1Dstate)
                  007fe4a0    00000040     dss_main.oe674 (.text:MmwDemo_dssMmwaveConfigCallbackFxn)
                  007fe4e0    00000040     dss_main.oe674 (.text:MmwDemo_dssMmwaveStartCallbackFxn)
                  007fe520    00000040     dss_data_path.oe674 (.text:MmwDemo_edmaErrorCallbackFxn)
                  007fe560    00000040     dss_data_path.oe674 (.text:MmwDemo_edmaTransferControllerErrorCallbackFxn)
                  007fe5a0    00000040     dss_data_path.oe674 (.text:MmwDemo_pow2roundup)
                  007fe5e0    00000040     dss_data_path.oe674 (.text:MmwDemo_printHeapStats)
                  007fe620    00000040     libsoc_xwr68xx.ae674 : soc_xwr68xx_dss.oe674 (.text:SOC_getInAddr_LUTType)
                  007fe660    00000040                          : soc_xwr68xx_dss.oe674 (.text:SOC_getOutAddr_LUTType)
                  007fe6a0    00000040                          : soc_xwr68xx.oe674 (.text:SOC_isMMWaveDSSOperational)
                  007fe6e0    00000040                          : soc_xwr68xx.oe674 (.text:SOC_isMMWaveMSSOperational)
                  007fe720    00000040     rts6740_elf.lib : frcmpyd_div.c.obj (.text:__TI_frcmpyd_div)
                  007fe760    00000040                     : strasg.asm.obj (.text:__strasgi_64plus)
                  007fe7a0    00000040                     : args_main.c.obj (.text:_args_main)
                  007fe7e0    00000040     sysbios.ae674 : c62_TaskSupport_asm.obj (.text:_ti_sysbios_family_c62_TaskSupport_buildTaskStack)
                  007fe820    00000040     dss_vitalSignsDemo_utilsFunc.oe674 (.text:filter_FIR)
                  007fe860    00000040     dss_mmw_pe674.oe674 (.text:free)
                  007fe8a0    00000040     rts6740_elf.lib : log10.c.obj (.text:log10)
                  007fe8e0    00000040     libmmwavelink_xwr68xx.ae674 : rl_controller.oe674 (.text:rlAppendDummy)
                  007fe920    00000040                                 : rl_device.oe674 (.text:rlDeviceGetRfVersion)
                  007fe960    00000040     dss_mmw_pe674.oe674 (.text:ti_sysbios_BIOS_exitFunc__I)
                  007fe9a0    00000040     dss_mmw_pe674.oe674 (.text:ti_sysbios_BIOS_rtsLock__I)
                  007fe9e0    00000040     dss_mmw_pe674.oe674 (.text:ti_sysbios_BIOS_rtsUnlock__I)
                  007fea20    00000040     sysbios.ae674 : BIOS.obj (.text:ti_sysbios_family_c64p_Hwi_disableInterrupt__E)
                  007fea60    00000040                   : BIOS.obj (.text:ti_sysbios_family_c64p_Hwi_enableInterrupt__E)
                  007feaa0    00000040     dss_mmw_pe674.oe674 (.text:ti_sysbios_gates_GateHwi_Handle__label__S)
                  007feae0    00000040     dss_mmw_pe674.oe674 (.text:ti_sysbios_gates_GateHwi_Object__delete__S)
                  007feb20    00000040     dss_mmw_pe674.oe674 (.text:ti_sysbios_gates_GateMutex_Handle__label__S)
                  007feb60    00000040     sysbios.ae674 : BIOS.obj (.text:ti_sysbios_gates_GateMutex_Instance_init__E)
                  007feba0    00000040                   : BIOS.obj (.text:ti_sysbios_gates_GateMutex_leave__E)
                  007febe0    00000040     dss_mmw_pe674.oe674 (.text:ti_sysbios_heaps_HeapMem_Handle__label__S)
                  007fec20    00000040     dss_mmw_pe674.oe674 (.text:ti_sysbios_heaps_HeapMem_Object__delete__S)
                  007fec60    00000040     dss_mmw_pe674.oe674 (.text:ti_sysbios_heaps_HeapMem_Object__get__S)
                  007feca0    00000040     dss_mmw_pe674.oe674 (.text:ti_sysbios_knl_Semaphore_destruct)
                  007fece0    00000040     dss_mmw_pe674.oe674 (.text:ti_sysbios_knl_Task_Object__get__S)
                  007fed20    00000040     sysbios.ae674 : BIOS.obj (.text:ti_sysbios_knl_Task_sleepTimeout__I)
                  007fed60    00000040     ti.targets.rts6000.ae674 : Error.oe674 (.text:xdc_runtime_Error_check__E)
                  007feda0    00000040                              : Error.oe674 (.text:xdc_runtime_Error_init__E)
                  007fede0    00000040                              : Registry.oe674 (.text:xdc_runtime_Registry_findById__E)
                  007fee20    00000040                              : System.oe674 (.text:xdc_runtime_System_abort__E)
                  007fee60    00000040     dss_mmw_pe674.oe674 (.text:xdc_runtime_System_aprintf__E)
                  007feea0    00000040     ti.targets.rts6000.ae674 : System.oe674 (.text:xdc_runtime_System_exit__E)
                  007feee0    00000040     dss_mmw_pe674.oe674 (.text:xdc_runtime_System_printf__E)
                  007fef20    00000020     libadcbuf_xwr68xx.ae674 : adcbuf_mmwave.oe674 (.text:ADCBUF_MMWave_init)
                  007fef40    00000020                             : ADCBuf.oe674 (.text:ADCBuf_Params_init)
                  007fef60    00000020                             : ADCBuf.oe674 (.text:ADCBuf_control)
                  007fef80    00000020     libcrc_xwr68xx.ae674 : crc.oe674 (.text:CRC_initConfigParams)
                  007fefa0    00000020     libsoc_xwr68xx.ae674 : soc_xwr68xx_dss.oe674 (.text:CSL_FEXTR)
                  007fefc0    00000020     libedma_xwr68xx.ae674 : edma_low_level.oe674 (.text:EDMA3ChannelToParamMap)
                  007fefe0    00000020                           : edma_low_level.oe674 (.text:EDMA3ClrCCErr)
                  007ff000    00000020                           : edma_low_level.oe674 (.text:EDMA3DisableQdmaEvt)
                  007ff020    00000020                           : edma_low_level.oe674 (.text:EDMA3EnableQdmaEvt)
                  007ff040    00000020                           : edma_low_level.oe674 (.text:EDMA3ErrIntrHighStatusGet)
                  007ff060    00000020                           : edma_low_level.oe674 (.text:EDMA3GetCCErrStatus)
                  007ff080    00000020                           : edma_low_level.oe674 (.text:EDMA3GetErrIntrStatus)
                  007ff0a0    00000020                           : edma_low_level.oe674 (.text:EDMA3GetIntrStatus)
                  007ff0c0    00000020                           : edma_low_level.oe674 (.text:EDMA3IntrStatusHighGet)
                  007ff0e0    00000020                           : edma_low_level.oe674 (.text:EDMA3QdmaClrMissEvt)
                  007ff100    00000020                           : edma_low_level.oe674 (.text:EDMA3QdmaGetErrIntrStatus)
                  007ff120    00000020                           : edma.oe674 (.text:EDMA_getNumInstances)
                  007ff140    00000020                           : edma_low_level.oe674 (.text:EDMAsetRegion)
                  007ff160    00000020     libosal_xwr68xx.ae674 : HwiP_tirtos.oe674 (.text:HwiP_Params_init)
                  007ff180    00000020                           : HwiP_tirtos.oe674 (.text:HwiP_disable)
                  007ff1a0    00000020                           : HwiP_tirtos.oe674 (.text:HwiP_disableInterrupt)
                  007ff1c0    00000020                           : HwiP_tirtos.oe674 (.text:HwiP_enableInterrupt)
                  007ff1e0    00000020                           : HwiP_tirtos.oe674 (.text:HwiP_restore)
                  007ff200    00000020     libmmwave_xwr68xx.ae674 : mmwave.oe674 (.text:MMWave_decodeErrorLevel)
                  007ff220    00000020                             : mmwave_dualcore.oe674 (.text:MMWave_deviceGetDeviceInfo)
                  007ff240    00000020                             : mmwave_dualcore.oe674 (.text:MMWave_deviceMailboxCallbackFxn)
                  007ff260    00000020                             : mmwave_link.oe674 (.text:MMWave_disableDevice)
                  007ff280    00000020                             : mmwave_link.oe674 (.text:MMWave_enableDevice)
                  007ff2a0    00000020                             : mmwave_listlib.oe674 (.text:MMWave_listGetHead)
                  007ff2c0    00000020                             : mmwave_listlib.oe674 (.text:MMWave_listGetNext)
                  007ff2e0    00000020                             : mmwave_link.oe674 (.text:MMWave_maskHostIRQ)
                  007ff300    00000020                             : mmwave_link.oe674 (.text:MMWave_mboxCallbackFxn)
                  007ff320    00000020                             : mmwave_link.oe674 (.text:MMWave_mboxClose)
                  007ff340    00000020                             : mmwave_link.oe674 (.text:MMWave_mboxRead)
                  007ff360    00000020                             : mmwave_osal.oe674 (.text:MMWave_osalMutexDelete)
                  007ff380    00000020                             : mmwave_osal.oe674 (.text:MMWave_osalMutexUnlock)
                  007ff3a0    00000020                             : mmwave_osal.oe674 (.text:MMWave_osalSemDelete)
                  007ff3c0    00000020                             : mmwave_osal.oe674 (.text:MMWave_osalSemSignal)
                  007ff3e0    00000020                             : mmwave_link.oe674 (.text:MMWave_registerInterruptHandler)
                  007ff400    00000020                             : mmwave_link.oe674 (.text:MMWave_unmaskHostIRQ)
                  007ff420    00000020                             : mmwave_link.oe674 (.text:MMWave_waitIRQStatus)
                  007ff440    00000020     libosal_xwr68xx.ae674 : MemoryP_tirtos.oe674 (.text:MemoryP_ctrlAlloc)
                  007ff460    00000020                           : MemoryP_tirtos.oe674 (.text:MemoryP_ctrlFree)
                  007ff480    00000020     dss_data_path.oe674 (.text:MmwDemo_checkDynamicConfigErrors)
                  007ff4a0    00000020     dss_main.oe674 (.text:MmwDemo_dssMmwaveCloseCallbackFxn)
                  007ff4c0    00000020     dss_main.oe674 (.text:MmwDemo_dssMmwaveStopCallbackFxn)
                  007ff4e0    00000020     dss_main.oe674 (.text:MmwDemo_mboxCallback)
                  007ff500    00000020     libosal_xwr68xx.ae674 : SemaphoreP_tirtos.oe674 (.text:SemaphoreP_Params_init)
                  007ff520    00000020                           : SemaphoreP_tirtos.oe674 (.text:SemaphoreP_delete)
                  007ff540    00000020                           : SemaphoreP_tirtos.oe674 (.text:SemaphoreP_pend)
                  007ff560    00000020                           : SemaphoreP_tirtos.oe674 (.text:SemaphoreP_post)
                  007ff580    00000020                           : DebugP_tirtos.oe674 (.text:_DebugP_assert)
                  007ff5a0    00000020     rts6740_elf.lib : errno.c.obj (.text:__c6xabi_errno_addr)
                  007ff5c0    00000020                     : push.asm.obj (.text:__pop_rts)
                  007ff5e0    00000020                     : push.asm.obj (.text:__push_rts)
                  007ff600    00000020                     : _lock.c.obj (.text:_nop)
                  007ff620    00000020                     : _lock.c.obj (.text:_register_lock)
                  007ff640    00000020                     : _lock.c.obj (.text:_register_unlock)
                  007ff660    00000020     sysbios.ae674 : c62_TaskSupport_asm.obj (.text:_ti_sysbios_family_c62_TaskSupport_glue)
                  007ff680    00000020     rts6740_elf.lib : exit.c.obj (.text:abort)
                  007ff6a0    00000020                     : fputc.c.obj (.text:putchar)
                  007ff6c0    00000020     libmmwavelink_xwr68xx.ae674 : rl_driver.oe674 (.text:rlDriverGetHandle)
                  007ff6e0    00000020                                 : rl_driver.oe674 (.text:rlDriverGetPlatformId)
                  007ff700    00000020                                 : rl_driver.oe674 (.text:rlDriverIsDeviceMapValid)
                  007ff720    00000020                                 : rl_controller.oe674 (.text:rlGetSubBlockId)
                  007ff740    00000020                                 : rl_controller.oe674 (.text:rlGetSubBlockLen)
                  007ff760    00000020     dss_mmw_pe674.oe674 (.text:ti_sysbios_BIOS_RtsGateProxy_enter__E)
                  007ff780    00000020     dss_mmw_pe674.oe674 (.text:ti_sysbios_BIOS_RtsGateProxy_leave__E)
                  007ff7a0    00000020     sysbios.ae674 : BIOS.obj (.text:ti_sysbios_BIOS_getCpuFreq__E)
                  007ff7c0    00000020                   : BIOS.obj (.text:ti_sysbios_BIOS_linkedWithIncorrectBootLibrary__E)
                  007ff7e0    00000020     dss_mmw_pe674.oe674 (.text:ti_sysbios_BIOS_nullFunc__I)
                  007ff800    00000020     sysbios.ae674 : BIOS.obj (.text:ti_sysbios_BIOS_setThreadType__E)
                  007ff820    00000020                   : BIOS.obj (.text:ti_sysbios_BIOS_start__E)
                  007ff840    00000020     dss_mmw_pe674.oe674 (.text:ti_sysbios_family_c62_TaskSupport_Module__startupDone__S)
                  007ff860    00000020     sysbios.ae674 : BIOS.obj (.text:ti_sysbios_family_c62_TaskSupport_checkStack__E)
                  007ff880    00000020                   : BIOS.obj (.text:ti_sysbios_family_c62_TaskSupport_getStackAlignment__E)
                  007ff8a0    00000020     dss_mmw_pe674.oe674 (.text:ti_sysbios_family_c64p_Hwi_Module__startupDone__F)
                  007ff8c0    00000020     sysbios.ae674 : BIOS.obj (.text:ti_sysbios_family_c64p_Hwi_clearInterrupt__E)
                  007ff8e0    00000020                   : BIOS.obj (.text:ti_sysbios_family_c64p_Hwi_startup__E)
                  007ff900    00000020                   : BIOS.obj (.text:ti_sysbios_family_c64p_Hwi_switchFromBootStack__E)
                  007ff920    00000020                   : BIOS.obj (.text:ti_sysbios_family_c64p_TimestampProvider_Module_startup__E)
                  007ff940    00000020                   : BIOS.obj (.text:ti_sysbios_family_c64p_TimestampProvider_get32__E)
                  007ff960    00000020                   : BIOS.obj (.text:ti_sysbios_gates_GateHwi_Instance_init__E)
                  007ff980    00000020                   : BIOS.obj (.text:ti_sysbios_gates_GateHwi_enter__E)
                  007ff9a0    00000020                   : BIOS.obj (.text:ti_sysbios_gates_GateHwi_leave__E)
                  007ff9c0    00000020                   : BIOS.obj (.text:ti_sysbios_gates_GateHwi_query__E)
                  007ff9e0    00000020                   : BIOS.obj (.text:ti_sysbios_gates_GateMutex_Instance_finalize__E)
                  007ffa00    00000020                   : BIOS.obj (.text:ti_sysbios_gates_GateMutex_query__E)
                  007ffa20    00000020                   : BIOS.obj (.text:ti_sysbios_hal_Hwi_Module_startup__E)
                  007ffa40    00000020     dss_mmw_pe674.oe674 (.text:ti_sysbios_heaps_HeapMem_Module_GateProxy_enter__E)
                  007ffa60    00000020     dss_mmw_pe674.oe674 (.text:ti_sysbios_heaps_HeapMem_Module_GateProxy_leave__E)
                  007ffa80    00000020     sysbios.ae674 : BIOS.obj (.text:ti_sysbios_heaps_HeapMem_isBlocking__E)
                  007ffaa0    00000020     dss_mmw_pe674.oe674 (.text:ti_sysbios_knl_Clock_TimerProxy_getMaxTicks__E)
                  007ffac0    00000020     sysbios.ae674 : BIOS.obj (.text:ti_sysbios_knl_Event_Instance_init__E)
                  007ffae0    00000020                   : BIOS.obj (.text:ti_sysbios_knl_Idle_loop__E)
                  007ffb00    00000020                   : BIOS.obj (.text:ti_sysbios_knl_Queue_Instance_init__E)
                  007ffb20    00000020     dss_mmw_pe674.oe674 (.text:ti_sysbios_knl_Queue_Object__get__S)
                  007ffb40    00000020     dss_mmw_pe674.oe674 (.text:ti_sysbios_knl_Queue_destruct)
                  007ffb60    00000020     sysbios.ae674 : BIOS.obj (.text:ti_sysbios_knl_Queue_empty__E)
                  007ffb80    00000020                   : BIOS.obj (.text:ti_sysbios_knl_Semaphore_Instance_finalize__E)
                  007ffba0    00000020     dss_mmw_pe674.oe674 (.text:ti_sysbios_knl_Semaphore_Params__init__S)
                  007ffbc0    00000020     dss_mmw_pe674.oe674 (.text:ti_sysbios_knl_Semaphore_delete)
                  007ffbe0    00000020     dss_mmw_pe674.oe674 (.text:ti_sysbios_knl_Task_Params__init__S)
                  007ffc00    00000020     sysbios.ae674 : BIOS.obj (.text:ti_sysbios_knl_Task_disable__E)
                  007ffc20    00000020                   : BIOS.obj (.text:ti_sysbios_knl_Task_startup__E)
                  007ffc40    00000020     dss_mmw_pe674.oe674 (.text:ti_sysbios_timers_rti_Timer_Module__startupDone__F)
                  007ffc60    00000020     sysbios.ae674 : BIOS.obj (.text:ti_sysbios_timers_rti_Timer_getMaxTicks__E)
                  007ffc80    00000020                   : BIOS.obj (.text:ti_sysbios_utils_Load_getCPULoad__E)
                  007ffca0    00000020                   : BIOS.obj (.text:ti_sysbios_utils_Load_taskRegHook__E)
                  007ffcc0    00000020     ti.targets.rts6000.ae674 : Error.oe674 (.text:xdc_runtime_Error_getSite__E)
                  007ffce0    00000020                              : Error.oe674 (.text:xdc_runtime_Error_raiseX__E)
                  007ffd00    00000020                              : Gate.oe674 (.text:xdc_runtime_Gate_enterSystem__E)
                  007ffd20    00000020                              : Gate.oe674 (.text:xdc_runtime_Gate_leaveSystem__E)
                  007ffd40    00000020     dss_mmw_pe674.oe674 (.text:xdc_runtime_IHeap_alloc)
                  007ffd60    00000020     dss_mmw_pe674.oe674 (.text:xdc_runtime_IHeap_free)
                  007ffd80    00000020     ti.targets.rts6000.ae674 : Memory.oe674 (.text:xdc_runtime_Memory_calloc__E)
                  007ffda0    00000020                              : Memory.oe674 (.text:xdc_runtime_Memory_free__E)
                  007ffdc0    00000020                              : Memory.oe674 (.text:xdc_runtime_Memory_getMaxDefaultTypeAlign__E)
                  007ffde0    00000020     dss_mmw_pe674.oe674 (.text:xdc_runtime_Startup_exec__I)
                  007ffe00    00000020     dss_mmw_pe674.oe674 (.text:xdc_runtime_Startup_reset__I)
                  007ffe20    00000020     ti.targets.rts6000.ae674 : Startup.oe674 (.text:xdc_runtime_Startup_rtsDone__E)
                  007ffe40    00000020                              : SysStd.oe674 (.text:xdc_runtime_SysStd_exit__E)
                  007ffe60    00000020                              : SysStd.oe674 (.text:xdc_runtime_SysStd_putch__E)
                  007ffe80    00000020                              : SysStd.oe674 (.text:xdc_runtime_SysStd_ready__E)
                  007ffea0    00000020     dss_mmw_pe674.oe674 (.text:xdc_runtime_System_Module_GateProxy_enter__E)
                  007ffec0    00000020     dss_mmw_pe674.oe674 (.text:xdc_runtime_System_Module_GateProxy_leave__E)
                  007ffee0    00000020     ti.targets.rts6000.ae674 : System.oe674 (.text:xdc_runtime_System_Module_startup__E)
                  007fff00    00000020                              : System.oe674 (.text:xdc_runtime_System_vsnprintf__E)
                  007fff20    00000020                              : Text.oe674 (.text:xdc_runtime_Text_ropeText__E)
                  007fff40    00000020     dss_mmw_pe674.oe674 (.text:xdc_runtime_Text_visitRope__I)
                  007fff60    00000010     dss_data_path.oe674 ($Tramp$S$$MmwDemo_interChirpProcessing)
                  007fff70    00000010     dss_data_path.oe674 ($Tramp$S$$MmwDemo_dataPathInitEdma)
                  007fff80    00000010     mathlib.ae674 : sinsp.oe674 ($Tramp$S$$sinsp)
                  007fff90    00000010                   : cossp.oe674 ($Tramp$S$$cossp)
                  007fffa0    00000010     dss_main.oe674 ($Tramp$S$$MmwDemo_dssDataPathProcessEvents)
                  007fffb0    00000010     --HOLE-- [fill = 00000000]

.l2data    0    00800000    0000c000     UNINITIALIZED
                  00800000    0000c000     dss_data_path.oe674 (.l2data)

systemHeap 
*          0    0080c000    00004000     UNINITIALIZED
                  0080c000    00004000     dss_mmw_pe674.oe674 (systemHeap)

.far       0    00810000    0000313c     UNINITIALIZED
                  00810000    000026cc     (.common:gMmwDssMCB)
                  008126cc    00000004     --HOLE--
                  008126d0    000004d8     libedma_xwr68xx.ae674 : edma.oe674 (.far:EDMA_object)
                  00812ba8    00000320     dss_mmw_pe674.oe674 (.far:taskStackSection)
                  00812ec8    00000140     (.common:__TI_tmpnams)
                  00813008    00000100     (.common:gMMWave_MCB)
                  00813108    00000010     (.common:edmaDbg)
                  00813118    00000010     (.common:gCycleLog)
                  00813128    00000008     (.common:gMMWave_DualcoreMCB)
                  00813130    00000008     (.common:parmbuf)
                  00813138    00000004     (.common:ti_sysbios_knl_Task_Instance_State_0_hookEnv__A)

.cio       0    00813558    00000120     UNINITIALIZED
                  00813558    00000120     rts6740_elf.lib : trgmsg.c.obj (.cio)

.rodata    0    00813678    00000000     UNINITIALIZED

.bss       0    00813678    00000010     UNINITIALIZED
                  00813678    00000010     dss_data_path.oe674 (.bss)

.neardata 
*          0    00813688    00000048     
                  00813688    0000003c     dss_data_path.oe674 (.neardata)
                  008136c4    00000004     libadcbuf_xwr68xx.ae674 : ADCBuf.oe674 (.neardata)
                  008136c8    00000004     libcrc_xwr68xx.ae674 : crc_xwr68xx.oe674 (.neardata)
                  008136cc    00000004     libedma_xwr68xx.ae674 : edma_low_level.oe674 (.neardata)

.const     0    008136d0    00002461     
                  008136d0    000009b4     dss_main.oe674 (.const:.string)
                  00814084    00000004     ti.targets.rts6000.ae674 : Assert.oe674 (.const:.string)
                  00814088    00000800     dss_data_path.oe674 (.const:twiddleTableCommon)
                  00814888    00000518     sysbios.ae674 : BIOS.obj (.const:.string)
                  00814da0    00000164     dss_config_edma_util.oe674 (.const:.string)
                  00814f04    000000f0     dss_data_path.oe674 (.const:.string)
                  00814ff4    00000074     dss_mmw_pe674.oe674 (.const:.string)
                  00815068    0000006c     libmmwavelink_xwr68xx.ae674 : rl_driver.oe674 (.const:.string)
                  008150d4    00000004     dss_mmw_pe674.oe674 (.const:ti_sysbios_family_c62_TaskSupport_stackAlignment__C)
                  008150d8    00000060     dss_data_path.oe674 (.const:$P$T2$27)
                  00815138    00000058     libedma_xwr68xx.ae674 : edma.oe674 (.const:.string)
                  00815190    00000058     ti.targets.rts6000.ae674 : Error.oe674 (.const:.string)
                  008151e8    0000004c     libmailbox_xwr68xx.ae674 : mailbox.oe674 (.const:.string)
                  00815234    00000044     dss_mmw_pe674.oe674 (.const:ti_sysbios_knl_Task_Object__PARAMS__C)
                  00815278    00000040     dss_data_path.oe674 (.const:$P$T4$29)
                  008152b8    00000040     ti.targets.rts6000.ae674 : Text.oe674 (.const:.string)
                  008152f8    0000003c     libsoc_xwr68xx.ae674 : soc_xwr68xx_dss.oe674 (.const:.string)
                  00815334    00000004     dss_mmw_pe674.oe674 (.const:ti_sysbios_family_c64p_Cache_E_invalidL1CacheSize__C)
                  00815338    00000038     libedma_xwr68xx.ae674 : edma_xwr1xxx.oe674 (.const:gEdmaHwAttrs)
                  00815370    00000034     libmmwave_xwr68xx.ae674 : mmwave_dualcore.oe674 (.const:.string)
                  008153a4    00000004     dss_mmw_pe674.oe674 (.const:ti_sysbios_family_c64p_Cache_E_invalidL2CacheSize__C)
                  008153a8    00000030     dss_data_path.oe674 (.const:$P$T0$25)
                  008153d8    0000002c     ti.targets.rts6000.ae674 : Startup.oe674 (.const:.string)
                  00815404    00000004     dss_mmw_pe674.oe674 (.const:ti_sysbios_family_c64p_Cache_MAR0_31__C)
                  00815408    00000028     dss_data_path.oe674 (.const:$P$T5$30)
                  00815430    00000028     libmmwave_xwr68xx.ae674 : mmwave.oe674 (.const:.string)
                  00815458    00000028     dss_mmw_pe674.oe674 (.const:ti_sysbios_heaps_HeapMem_Module__FXNS__C)
                  00815480    00000028     dss_mmw_pe674.oe674 (.const:xdc_runtime_Startup_sfxnTab__A)
                  008154a8    00000024     libmailbox_xwr68xx.ae674 : mailbox.oe674 (.const:Mailbox_defaultCfg)
                  008154cc    00000024     dss_mmw_pe674.oe674 (.const:ti_sysbios_gates_GateHwi_Module__FXNS__C)
                  008154f0    00000024     dss_mmw_pe674.oe674 (.const:ti_sysbios_gates_GateMutex_Module__FXNS__C)
                  00815514    00000024     dss_mmw_pe674.oe674 (.const:ti_sysbios_heaps_HeapMem_Object__PARAMS__C)
                  00815538    00000024     dss_mmw_pe674.oe674 (.const:ti_sysbios_knl_Semaphore_Object__PARAMS__C)
                  0081555c    00000020     libosal_xwr68xx.ae674 : SemaphoreP_tirtos.oe674 (.const:.string)
                  0081557c    00000020     dss_mmw_pe674.oe674 (.const:ti_sysbios_gates_GateHwi_Object__DESC__C)
                  0081559c    00000020     dss_mmw_pe674.oe674 (.const:ti_sysbios_gates_GateMutex_Object__DESC__C)
                  008155bc    00000020     dss_mmw_pe674.oe674 (.const:ti_sysbios_heaps_HeapMem_Object__DESC__C)
                  008155dc    00000020     dss_mmw_pe674.oe674 (.const:ti_sysbios_knl_Event_Object__DESC__C)
                  008155fc    00000020     dss_mmw_pe674.oe674 (.const:ti_sysbios_knl_Queue_Object__DESC__C)
                  0081561c    00000020     dss_mmw_pe674.oe674 (.const:ti_sysbios_knl_Semaphore_Object__DESC__C)
                  0081563c    00000020     dss_mmw_pe674.oe674 (.const:ti_sysbios_knl_Task_Object__DESC__C)
                  0081565c    0000001c     libosal_xwr68xx.ae674 : HwiP_tirtos.oe674 (.const:.string)
                  00815678    00000018     libmmwave_xwr68xx.ae674 : mmwave_fullcfg.oe674 (.const:.string)
                  00815690    00000018     ti.targets.rts6000.ae674 : System.oe674 (.const:.string)
                  008156a8    00000018     dss_mmw_pe674.oe674 (.const:ti_sysbios_gates_GateHwi_Object__PARAMS__C)
                  008156c0    00000018     dss_mmw_pe674.oe674 (.const:ti_sysbios_gates_GateMutex_Object__PARAMS__C)
                  008156d8    00000018     dss_mmw_pe674.oe674 (.const:ti_sysbios_knl_Event_Object__PARAMS__C)
                  008156f0    00000018     dss_mmw_pe674.oe674 (.const:ti_sysbios_knl_Queue_Object__PARAMS__C)
                  00815708    00000018     dss_mmw_pe674.oe674 (.const:ti_sysbios_knl_Task_hooks__A)
                  00815720    00000014     dss_data_path.oe674 (.const:$P$T3$28)
                  00815734    00000014     libadcbuf_xwr68xx.ae674 : adcbuf_mmwave.oe674 (.const:.string)
                  00815748    00000014     libmmwave_xwr68xx.ae674 : mmwave_link.oe674 (.const:.string)
                  0081575c    00000014     libadcbuf_xwr68xx.ae674 : adcbuf_mmwave.oe674 (.const:gADCBufFxnTable)
                  00815770    00000014     dss_mmw_pe674.oe674 (.const:xdc_runtime_Startup_sfxnRts__A)
                  00815784    00000010     libmmwavelink_xwr68xx.ae674 : rl_driver.oe674 (.const:$P$T0$1)
                  00815794    00000004     dss_mmw_pe674.oe674 (.const:ti_sysbios_family_c64p_Cache_MAR128_159__C)
                  00815798    00000010     libmmwavelink_xwr68xx.ae674 : rl_driver.oe674 (.const:$P$T1$2)
                  008157a8    00000010                                 : rl_driver.oe674 (.const:$P$T10$11)
                  008157b8    00000010                                 : rl_driver.oe674 (.const:$P$T3$4)
                  008157c8    00000010                                 : rl_driver.oe674 (.const:$P$T5$6)
                  008157d8    00000010                                 : rl_driver.oe674 (.const:$P$T6$7)
                  008157e8    00000010                                 : rl_driver.oe674 (.const:$P$T9$10)
                  008157f8    00000010     libadcbuf_xwr68xx.ae674 : ADCBuf.oe674 (.const:ADCBuf_defaultParams)
                  00815808    00000010     libedma_xwr68xx.ae674 : edma.oe674 (.const:EDMA_config$1)
                  00815818    00000010     libadcbuf_xwr68xx.ae674 : adcbuf_xwr1xxx.oe674 (.const:gADCBufHwCfg)
                  00815828    00000010     dss_mmw_pe674.oe674 (.const:ti_sysbios_family_c64p_EventCombiner_EVTMASK__C)
                  00815838    0000000c     dss_data_path.oe674 (.const:$P$T1$26)
                  00815844    0000000c     libcrc_xwr68xx.ae674 : crc.oe674 (.const:.string)
                  00815850    00000008     dss_mmw_pe674.oe674 (.const:ti_sysbios_knl_Idle_funcList__A)
                  00815858    00000008     dss_mmw_pe674.oe674 (.const:ti_sysbios_knl_Idle_funcList__C)
                  00815860    00000008     dss_mmw_pe674.oe674 (.const:ti_sysbios_knl_Task_hooks__C)
                  00815868    00000008     dss_mmw_pe674.oe674 (.const:xdc_runtime_Startup_firstFxns__A)
                  00815870    00000008     dss_mmw_pe674.oe674 (.const:xdc_runtime_Startup_firstFxns__C)
                  00815878    00000008     dss_mmw_pe674.oe674 (.const:xdc_runtime_Startup_lastFxns__C)
                  00815880    00000004     dss_mmw_pe674.oe674 (.const:ti_sysbios_family_c64p_Cache_MAR160_191__C)
                  00815884    00000004     dss_mmw_pe674.oe674 (.const:ti_sysbios_family_c64p_Cache_MAR192_223__C)
                  00815888    00000004     dss_mmw_pe674.oe674 (.const:ti_sysbios_family_c64p_Cache_MAR224_255__C)
                  0081588c    00000004     dss_mmw_pe674.oe674 (.const:ti_sysbios_family_c64p_Cache_MAR32_63__C)
                  00815890    00000004     dss_mmw_pe674.oe674 (.const:ti_sysbios_family_c64p_Cache_MAR64_95__C)
                  00815894    00000004     dss_mmw_pe674.oe674 (.const:ti_sysbios_family_c64p_Cache_MAR96_127__C)
                  00815898    00000004     dss_mmw_pe674.oe674 (.const:ti_sysbios_family_c64p_EventCombiner_A_invalidEventId__C)
                  0081589c    00000004     dss_mmw_pe674.oe674 (.const:ti_sysbios_family_c64p_EventCombiner_EVTRegs__C)
                  008158a0    00000004     dss_mmw_pe674.oe674 (.const:ti_sysbios_family_c64p_EventCombiner_E_unpluggedEvent__C)
                  008158a4    00000004     dss_mmw_pe674.oe674 (.const:ti_sysbios_family_c64p_EventCombiner_Module__diagsEnabled__C)
                  008158a8    00000004     dss_mmw_pe674.oe674 (.const:ti_sysbios_family_c64p_EventCombiner_Module__diagsIncluded__C)
                  008158ac    00000004     dss_mmw_pe674.oe674 (.const:ti_sysbios_family_c64p_EventCombiner_Module__diagsMask__C)
                  008158b0    00000004     dss_mmw_pe674.oe674 (.const:ti_sysbios_family_c64p_Exception_E_exceptionMax__C)
                  008158b4    00000004     dss_mmw_pe674.oe674 (.const:ti_sysbios_family_c64p_Exception_exceptionHook__C)
                  008158b8    00000004     dss_mmw_pe674.oe674 (.const:ti_sysbios_family_c64p_Exception_externalHook__C)
                  008158bc    00000004     dss_mmw_pe674.oe674 (.const:ti_sysbios_family_c64p_Exception_internalHook__C)
                  008158c0    00000004     dss_mmw_pe674.oe674 (.const:ti_sysbios_family_c64p_Exception_nmiHook__C)
                  008158c4    00000004     dss_mmw_pe674.oe674 (.const:ti_sysbios_family_c64p_Hwi_INTRMUX1Address__C)
                  008158c8    00000004     dss_mmw_pe674.oe674 (.const:ti_sysbios_family_c64p_Hwi_LD_end__C)
                  008158cc    00000004     dss_mmw_pe674.oe674 (.const:ti_sysbios_family_c64p_Hwi_LM_begin__C)
                  008158d0    00000004     dss_mmw_pe674.oe674 (.const:ti_sysbios_family_c64p_Hwi_Module__diagsEnabled__C)
                  008158d4    00000004     dss_mmw_pe674.oe674 (.const:ti_sysbios_family_c64p_Hwi_Module__diagsIncluded__C)
                  008158d8    00000004     dss_mmw_pe674.oe674 (.const:ti_sysbios_family_c64p_Hwi_Module__diagsMask__C)
                  008158dc    00000004     dss_mmw_pe674.oe674 (.const:ti_sysbios_family_c64p_Hwi_Module__loggerFxn1__C)
                  008158e0    00000004     dss_mmw_pe674.oe674 (.const:ti_sysbios_family_c64p_Hwi_Module__loggerFxn8__C)
                  008158e4    00000004     dss_mmw_pe674.oe674 (.const:ti_sysbios_family_c64p_Hwi_Module__loggerObj__C)
                  008158e8    00000004     dss_mmw_pe674.oe674 (.const:ti_sysbios_gates_GateMutex_A_badContext__C)
                  008158ec    00000004     dss_mmw_pe674.oe674 (.const:ti_sysbios_gates_GateMutex_Instance_State_sem__O)
                  008158f0    00000004     dss_mmw_pe674.oe674 (.const:ti_sysbios_gates_GateMutex_Module__diagsEnabled__C)
                  008158f4    00000004     dss_mmw_pe674.oe674 (.const:ti_sysbios_gates_GateMutex_Module__diagsIncluded__C)
                  008158f8    00000004     dss_mmw_pe674.oe674 (.const:ti_sysbios_gates_GateMutex_Module__diagsMask__C)
                  008158fc    00000004     dss_mmw_pe674.oe674 (.const:ti_sysbios_hal_Hwi_E_stackOverflow__C)
                  00815900    00000004     dss_mmw_pe674.oe674 (.const:ti_sysbios_heaps_HeapMem_A_align__C)
                  00815904    00000004     dss_mmw_pe674.oe674 (.const:ti_sysbios_heaps_HeapMem_A_heapSize__C)
                  00815908    00000004     dss_mmw_pe674.oe674 (.const:ti_sysbios_heaps_HeapMem_A_invalidFree__C)
                  0081590c    00000004     dss_mmw_pe674.oe674 (.const:ti_sysbios_heaps_HeapMem_A_zeroBlock__C)
                  00815910    00000004     dss_mmw_pe674.oe674 (.const:ti_sysbios_heaps_HeapMem_E_memory__C)
                  00815914    00000004     dss_mmw_pe674.oe674 (.const:ti_sysbios_heaps_HeapMem_Module__diagsEnabled__C)
                  00815918    00000004     dss_mmw_pe674.oe674 (.const:ti_sysbios_heaps_HeapMem_Module__diagsIncluded__C)
                  0081591c    00000004     dss_mmw_pe674.oe674 (.const:ti_sysbios_heaps_HeapMem_Module__diagsMask__C)
                  00815920    00000004     dss_mmw_pe674.oe674 (.const:ti_sysbios_heaps_HeapMem_Module__gateObj__C)
                  00815924    00000004     dss_mmw_pe674.oe674 (.const:ti_sysbios_heaps_HeapMem_Object__count__C)
                  00815928    00000004     dss_mmw_pe674.oe674 (.const:ti_sysbios_heaps_HeapMem_reqAlign__C)
                  0081592c    00000004     dss_mmw_pe674.oe674 (.const:ti_sysbios_knl_Clock_LM_begin__C)
                  00815930    00000004     dss_mmw_pe674.oe674 (.const:ti_sysbios_knl_Clock_LM_tick__C)
                  00815934    00000004     dss_mmw_pe674.oe674 (.const:ti_sysbios_knl_Clock_LW_delayed__C)
                  00815938    00000004     dss_mmw_pe674.oe674 (.const:ti_sysbios_knl_Clock_Module_State_clockQ__O)
[...]
00815888  ti_sysbios_family_c64p_Cache_MAR224_255__C                   
0081588c  ti_sysbios_family_c64p_Cache_MAR32_63__C                     
00815890  ti_sysbios_family_c64p_Cache_MAR64_95__C                     
00815894  ti_sysbios_family_c64p_Cache_MAR96_127__C                    
00815898  ti_sysbios_family_c64p_EventCombiner_A_invalidEventId__C     
0081589c  ti_sysbios_family_c64p_EventCombiner_EVTRegs__C              
008158a0  ti_sysbios_family_c64p_EventCombiner_E_unpluggedEvent__C     
008158a4  ti_sysbios_family_c64p_EventCombiner_Module__diagsEnabled__C 
008158a8  ti_sysbios_family_c64p_EventCombiner_Module__diagsIncluded__C
008158ac  ti_sysbios_family_c64p_EventCombiner_Module__diagsMask__C    
008158b0  ti_sysbios_family_c64p_Exception_E_exceptionMax__C           
008158b4  ti_sysbios_family_c64p_Exception_exceptionHook__C            
008158b8  ti_sysbios_family_c64p_Exception_externalHook__C             
008158bc  ti_sysbios_family_c64p_Exception_internalHook__C             
008158c0  ti_sysbios_family_c64p_Exception_nmiHook__C                  
008158c4  ti_sysbios_family_c64p_Hwi_INTRMUX1Address__C                
008158c8  ti_sysbios_family_c64p_Hwi_LD_end__C                         
008158cc  ti_sysbios_family_c64p_Hwi_LM_begin__C                       
008158d0  ti_sysbios_family_c64p_Hwi_Module__diagsEnabled__C           
008158d4  ti_sysbios_family_c64p_Hwi_Module__diagsIncluded__C          
008158d8  ti_sysbios_family_c64p_Hwi_Module__diagsMask__C              
008158dc  ti_sysbios_family_c64p_Hwi_Module__loggerFxn1__C             
008158e0  ti_sysbios_family_c64p_Hwi_Module__loggerFxn8__C             
008158e4  ti_sysbios_family_c64p_Hwi_Module__loggerObj__C              
008158e8  ti_sysbios_gates_GateMutex_A_badContext__C                   
008158ec  ti_sysbios_gates_GateMutex_Instance_State_sem__O             
008158f0  ti_sysbios_gates_GateMutex_Module__diagsEnabled__C           
008158f4  ti_sysbios_gates_GateMutex_Module__diagsIncluded__C          
008158f8  ti_sysbios_gates_GateMutex_Module__diagsMask__C              
008158fc  ti_sysbios_hal_Hwi_E_stackOverflow__C                        
00815900  ti_sysbios_heaps_HeapMem_A_align__C                          
00815904  ti_sysbios_heaps_HeapMem_A_heapSize__C                       
00815908  ti_sysbios_heaps_HeapMem_A_invalidFree__C                    
0081590c  ti_sysbios_heaps_HeapMem_A_zeroBlock__C                      
00815910  ti_sysbios_heaps_HeapMem_E_memory__C                         
00815914  ti_sysbios_heaps_HeapMem_Module__diagsEnabled__C             
00815918  ti_sysbios_heaps_HeapMem_Module__diagsIncluded__C            
0081591c  ti_sysbios_heaps_HeapMem_Module__diagsMask__C                
00815920  ti_sysbios_heaps_HeapMem_Module__gateObj__C                  
00815924  ti_sysbios_heaps_HeapMem_Object__count__C                    
00815928  ti_sysbios_heaps_HeapMem_reqAlign__C                         
0081592c  ti_sysbios_knl_Clock_LM_begin__C                             
00815930  ti_sysbios_knl_Clock_LM_tick__C                              
00815934  ti_sysbios_knl_Clock_LW_delayed__C                           
00815938  ti_sysbios_knl_Clock_Module_State_clockQ__O                  
0081593c  ti_sysbios_knl_Clock_Module__diagsEnabled__C                 
00815940  ti_sysbios_knl_Clock_Module__diagsIncluded__C                
00815944  ti_sysbios_knl_Clock_Module__diagsMask__C                    
00815948  ti_sysbios_knl_Clock_Module__loggerFxn1__C                   
0081594c  ti_sysbios_knl_Clock_Module__loggerFxn2__C                   
00815950  ti_sysbios_knl_Clock_Module__loggerObj__C                    
00815954  ti_sysbios_knl_Event_A_badContext__C                         
00815958  ti_sysbios_knl_Event_A_eventInUse__C                         
0081595c  ti_sysbios_knl_Event_A_nullEventId__C                        
00815960  ti_sysbios_knl_Event_A_nullEventMasks__C                     
00815964  ti_sysbios_knl_Event_A_pendTaskDisabled__C                   
00815968  ti_sysbios_knl_Event_Instance_State_pendQ__O                 
0081596c  ti_sysbios_knl_Event_LM_pend__C                              
00815970  ti_sysbios_knl_Event_LM_post__C                              
00815974  ti_sysbios_knl_Event_Module__diagsEnabled__C                 
00815978  ti_sysbios_knl_Event_Module__diagsIncluded__C                
0081597c  ti_sysbios_knl_Event_Module__diagsMask__C                    
00815980  ti_sysbios_knl_Event_Module__loggerFxn4__C                   
00815984  ti_sysbios_knl_Event_Module__loggerFxn8__C                   
00815988  ti_sysbios_knl_Event_Module__loggerObj__C                    
0081598c  ti_sysbios_knl_Semaphore_A_badContext__C                     
00815990  ti_sysbios_knl_Semaphore_A_noEvents__C                       
00815994  ti_sysbios_knl_Semaphore_A_overflow__C                       
00815998  ti_sysbios_knl_Semaphore_A_pendTaskDisabled__C               
0081599c  ti_sysbios_knl_Semaphore_Instance_State_pendQ__O             
008159a0  ti_sysbios_knl_Semaphore_LM_pend__C                          
008159a4  ti_sysbios_knl_Semaphore_LM_post__C                          
008159a8  ti_sysbios_knl_Semaphore_Module__diagsEnabled__C             
008159ac  ti_sysbios_knl_Semaphore_Module__diagsIncluded__C            
008159b0  ti_sysbios_knl_Semaphore_Module__diagsMask__C                
008159b4  ti_sysbios_knl_Semaphore_Module__loggerFxn2__C               
008159b8  ti_sysbios_knl_Semaphore_Module__loggerFxn4__C               
008159bc  ti_sysbios_knl_Semaphore_Module__loggerObj__C                
008159c0  ti_sysbios_knl_Task_A_badPriority__C                         
008159c4  ti_sysbios_knl_Task_A_badTaskState__C                        
008159c8  ti_sysbios_knl_Task_A_badThreadType__C                       
008159cc  ti_sysbios_knl_Task_A_badTimeout__C                          
008159d0  ti_sysbios_knl_Task_A_noPendElem__C                          
008159d4  ti_sysbios_knl_Task_A_sleepTaskDisabled__C                   
008159d8  ti_sysbios_knl_Task_E_spOutOfBounds__C                       
008159dc  ti_sysbios_knl_Task_E_stackOverflow__C                       
008159e0  ti_sysbios_knl_Task_LD_block__C                              
008159e4  ti_sysbios_knl_Task_LD_exit__C                               
008159e8  ti_sysbios_knl_Task_LD_ready__C                              
008159ec  ti_sysbios_knl_Task_LM_sleep__C                              
008159f0  ti_sysbios_knl_Task_LM_switch__C                             
008159f4  ti_sysbios_knl_Task_Module_State_inactiveQ__O                
008159f8  ti_sysbios_knl_Task_Module__diagsEnabled__C                  
008159fc  ti_sysbios_knl_Task_Module__diagsIncluded__C                 
00815a00  ti_sysbios_knl_Task_Module__diagsMask__C                     
00815a04  ti_sysbios_knl_Task_Module__loggerFxn2__C                    
00815a08  ti_sysbios_knl_Task_Module__loggerFxn4__C                    
00815a0c  ti_sysbios_knl_Task_Module__loggerObj__C                     
00815a10  ti_sysbios_knl_Task_Object__count__C                         
00815a14  ti_sysbios_knl_Task_Object__heap__C                          
00815a18  ti_sysbios_knl_Task_allBlockedFunc__C                        
00815a1c  ti_sysbios_knl_Task_defaultStackHeap__C                      
00815a20  ti_sysbios_knl_Task_defaultStackSize__C                      
00815a24  ti_sysbios_knl_Task_numConstructedTasks__C                   
00815a28  ti_sysbios_timers_rti_Timer_E_cannotSupport__C               
00815a2c  ti_sysbios_timers_rti_Timer_Module__diagsEnabled__C          
00815a30  ti_sysbios_timers_rti_Timer_Module__diagsIncluded__C         
00815a34  ti_sysbios_timers_rti_Timer_Module__diagsMask__C             
00815a38  ti_sysbios_timers_rti_Timer_numTimerDevices__C               
00815a3c  ti_sysbios_timers_rti_Timer_startupNeeded__C                 
00815a40  ti_sysbios_utils_Load_LS_cpuLoad__C                          
00815a44  ti_sysbios_utils_Load_LS_taskLoad__C                         
00815a48  ti_sysbios_utils_Load_Module_State_taskList__O               
00815a4c  ti_sysbios_utils_Load_Module__diagsEnabled__C                
00815a50  ti_sysbios_utils_Load_Module__diagsIncluded__C               
00815a54  ti_sysbios_utils_Load_Module__diagsMask__C                   
00815a58  ti_sysbios_utils_Load_Module__loggerFxn1__C                  
00815a5c  ti_sysbios_utils_Load_Module__loggerFxn4__C                  
00815a60  ti_sysbios_utils_Load_Module__loggerObj__C                   
00815a64  ti_sysbios_utils_Load_postUpdate__C                          
00815a68  ti_sysbios_utils_Load_windowInMs__C                          
00815a6c  xdc_runtime_Assert_E_assertFailed__C                         
00815a70  xdc_runtime_Core_A_initializedParams__C                      
00815a74  xdc_runtime_Core_Module__diagsEnabled__C                     
00815a78  xdc_runtime_Core_Module__diagsIncluded__C                    
00815a7c  xdc_runtime_Core_Module__diagsMask__C                        
00815a80  xdc_runtime_Error_E_memory__C                                
00815a84  xdc_runtime_Error_Module__diagsEnabled__C                    
00815a88  xdc_runtime_Error_Module__diagsIncluded__C                   
00815a8c  xdc_runtime_Error_Module__diagsMask__C                       
00815a90  xdc_runtime_Error_Module__loggerFxn8__C                      
00815a94  xdc_runtime_Error_Module__loggerObj__C                       
00815a98  xdc_runtime_Error_policyFxn__C                               
00815a9c  xdc_runtime_Error_policy__C                                  
00815aa0  xdc_runtime_Error_raiseHook__C                               
00815aa4  xdc_runtime_IGateProvider_Interface__BASE__C                 
00815aa8  xdc_runtime_IHeap_Interface__BASE__C                         
00815aac  xdc_runtime_IModule_Interface__BASE__C                       
00815ab0  xdc_runtime_Log_L_error__C                                   
00815ab4  xdc_runtime_Memory_defaultHeapInstance__C                    
00815ab8  xdc_runtime_Startup_execImpl__C                              
00815abc  xdc_runtime_Startup_maxPasses__C                             
00815ac0  xdc_runtime_Startup_sfxnRts__C                               
00815ac4  xdc_runtime_Startup_sfxnTab__C                               
00815ac8  xdc_runtime_System_Module__gateObj__C                        
00815acc  xdc_runtime_System_abortFxn__C                               
00815ad0  xdc_runtime_System_exitFxn__C                                
00815ad4  xdc_runtime_System_extendFxn__C                              
00815ad8  xdc_runtime_System_maxAtexitHandlers__C                      
00815adc  xdc_runtime_Text_charTab__C                                  
00815ae0  xdc_runtime_Text_nameEmpty__C                                
00815ae4  xdc_runtime_Text_nameStatic__C                               
00815ae8  xdc_runtime_Text_nameUnknown__C                              
00815aec  xdc_runtime_Text_visitRopeFxn__C                             
00815af0  ti_sysbios_family_c64p_Cache_Module__id__C                   
00815af2  ti_sysbios_family_c64p_EventCombiner_Module__id__C           
00815af4  ti_sysbios_family_c64p_Exception_Module__id__C               
00815af6  ti_sysbios_family_c64p_Exception_useInternalBuffer__C        
00815af8  ti_sysbios_family_c64p_Hwi_Module__id__C                     
00815afa  ti_sysbios_family_c64p_Hwi_Module__loggerDefined__C          
00815afc  ti_sysbios_gates_GateMutex_Module__id__C                     
00815afe  ti_sysbios_hal_Hwi_Module__id__C                             
00815b00  ti_sysbios_heaps_HeapMem_Module__id__C                       
00815b02  ti_sysbios_knl_Clock_Module__id__C                           
00815b04  ti_sysbios_knl_Clock_Module__loggerDefined__C                
00815b06  ti_sysbios_knl_Event_Module__id__C                           
00815b08  ti_sysbios_knl_Event_Module__loggerDefined__C                
00815b0a  ti_sysbios_knl_Semaphore_Module__id__C                       
00815b0c  ti_sysbios_knl_Semaphore_Module__loggerDefined__C            
00815b0e  ti_sysbios_knl_Task_Module__id__C                            
00815b10  ti_sysbios_knl_Task_Module__loggerDefined__C                 
00815b12  ti_sysbios_timers_rti_Timer_Module__id__C                    
00815b14  ti_sysbios_timers_rti_Timer_continueOnSuspend__C             
00815b16  ti_sysbios_utils_Load_Module__id__C                          
00815b18  ti_sysbios_utils_Load_Module__loggerDefined__C               
00815b1a  ti_sysbios_utils_Load_autoAddTasks__C                        
00815b1c  ti_sysbios_utils_Load_updateInIdle__C                        
00815b1e  xdc_runtime_Core_Module__id__C                               
00815b20  xdc_runtime_Error_Module__loggerDefined__C                   
00815b22  xdc_runtime_Error_maxDepth__C                                
00815b24  xdc_runtime_Main_Module__id__C                               
00815b26  xdc_runtime_Memory_Module__id__C                             
00815b28  xdc_runtime_Text_charCnt__C                                  
00815b2a  xdc_runtime_Text_isLoaded__C                                 
00815b2c  xdc_runtime_Text_registryModsLastId__C                       
00815b2e  xdc_runtime_Text_unnamedModsLastId__C                        
00815b30  xdc_runtime_Text_charTab__A                                  
00815b38  ti_sysbios_family_c64p_EventCombiner_Module__state__V        
008165d8  _ftable                                                      
008167b8  rl_rxMsg                                                     
008168b8  rl_txMsg                                                     
008169b8  _stream                                                      
00816a58  ti_sysbios_utils_Load_Module__state__V                       
00816af0  ti_sysbios_knl_Task_Module_State_0_readyQ__A                 
00816b70  _device                                                      
00816be8  ti_sysbios_family_c64p_Hwi_Object__table__V                  
00816c60  ti_sysbios_family_c64p_Hwi_Module__state__V                  
00816ccc  _lock                                                        
00816cd0  ti_sysbios_knl_Task_Object__table__V                         
00816d2c  gMailboxMCB                                                  
00816d7c  ti_sysbios_knl_Task_Module__state__V                         
00816dc4  _unlock                                                      
00816dc8  SOC_TranslateAddr_LUT                                        
00816e48  ti_sysbios_gates_GateMutex_Object__table__V                  
00816ec4  __TI_ft_end                                                  
00816ec8  ti_sysbios_timers_rti_Timer_Object__table__V                 
00816f04  ti_sysbios_family_c64p_Exception_Module__state__V            
00816f34  __errno                                                      
00816f34  errno                                                        
00816f66  xdc_runtime_Error_Module__state__V                           
00816f68  ti_sysbios_knl_Clock_Module__state__V                        
00816f94  ti_sysbios_family_c64p_Cache_Module__state__V                
00816fc0  ti_sysbios_BIOS_Module__state__V                             
00816fe4  xdc_runtime_Memory_Module__state__V                          
00817008  gSOCHwAttrib                                                 
00817028  xdc_runtime_Error_IgnoreBlock                                
00817048  ti_sysbios_utils_Load_Module_State_0_taskEnv__A              
00817080  ADCBuf_config                                                
008170b0  gMailboxDssBssHwCfg                                          
008170c8  gMailboxDssMssHwCfg                                          
008170e0  ti_sysbios_heaps_HeapMem_Object__table__V                    
008170f8  ti_sysbios_timers_rti_Timer_Module_State_0_device__A         
00817110  ti_sysbios_timers_rti_Timer_Module_State_0_intFreqs__A       
00817120  ti_sysbios_timers_rti_Timer_Module__state__V                 
00817130  __TI_cleanup_ptr                                             
00817134  __TI_dtors_ptr                                               
00817138  __TI_enable_exit_profile_output                              
0081713c  ti_sysbios_gates_GateHwi_Module__root__V                     
00817144  ti_sysbios_gates_GateMutex_Module__root__V                   
00817150  ti_sysbios_hal_Hwi_Object__table__V                          
00817158  ti_sysbios_heaps_HeapMem_Module__root__V                     
00817160  ti_sysbios_knl_Event_Module__root__V                         
00817168  ti_sysbios_knl_Queue_Module__root__V                         
00817170  ti_sysbios_knl_Semaphore_Module__root__V                     
00817178  ti_sysbios_knl_Task_Module__root__V                          
00817180  ti_sysbios_timers_rti_Timer_Module_State_0_handles__A        
00817188  xdc_runtime_Registry_Module__state__V                        
00817190  xdc_runtime_Startup_Module__state__V                         
00817198  xdc_runtime_System_Module__state__V                          
008171a0  ti_sysbios_gates_GateHwi_Object__table__V                    
008171a8  ti_sysbios_knl_Task_Module_State_0_idleTask__A               
008171b0  ti_sysbios_utils_Load_Module_State_0_runningTask__A          
008171b8  ti_sysbios_utils_Load_Module_State_0_taskStartTime__A        
00817390  _MmwDemo_fastCode_L1PSRAM_copy_table                         
00817390  __TI_table__MmwDemo_fastCode_L1PSRAM_copy_table              
00e00000  DSP_fft32x32                                                 
00e00380  DSP_fft16x16                                                 
00e00680  mmwavelib_windowing16x16                                     
00e007e0  cossp                                                        
00e00914  sinsp                                                        
00e00a20  MmwDemo_interFrameProcessing                                 
00e029a0  MmwDemo_interChirpProcessing                                 
00f00000  gMmwL1                                                       
20000000  _L3data_start                                                
20000000  gMmwL3                                                       
20002e60  SOC_init                                                     
20003320  main                                                         
20003420  MmwDemo_dataPathInitEdma                                     
21080000  gHSRAM                                                       
ffffffff  __TI_pprof_out_hndl                                          
ffffffff  __TI_prof_data_size                                          
ffffffff  __TI_prof_data_start                                         
ffffffff  __binit__                                                    
ffffffff  __c_args__                                                   
ffffffff  binit                                                        
UNDEFED   __TI_CINIT_Base                                              
UNDEFED   __TI_CINIT_Limit                                             
UNDEFED   __TI_Handler_Table_Base                                      
UNDEFED   __TI_Handler_Table_Limit                                     
UNDEFED   __TI_INITARRAY_Base                                          
UNDEFED   __TI_INITARRAY_Limit                                         
UNDEFED   __TI_TLS_INIT_Base                                           
UNDEFED   __TI_TLS_INIT_Limit                                          

[897 symbols]
