******************************************************************************
                  TI ARM Linker PC v16.9.6                     
******************************************************************************
>> Linked Tue Sep 06 17:27:38 2022

OUTPUT FILE NAME:   <vital_signs_68xx_mss.xer4f>
ENTRY POINT SYMBOL: "_c_int00"  address: 0000dea8


MEMORY CONFIGURATION

         name            origin    length      used     unused   attr    fill
----------------------  --------  ---------  --------  --------  ----  --------
PAGE 0:
  VECTORS               00000000   00000100  0000003c  000000c4     X
  PROG_RAM              00000100   0007ff00  00014c00  0006b300  R  X
  DATA_RAM              08000000   00030000  0000cb8c  00023474  RW  
  L3_RAM                51000000   000c0000  00000000  000c0000  RW  
  HWA_RAM               52030000   00010000  00000000  00010000  RW  
  HS_RAM                52080000   00008000  00000000  00008000  RW  

PAGE 1:
  L3_RAM                51000000   000c0000  00000000  000c0000  RW  


SEGMENT ALLOCATION MAP

run origin  load origin   length   init length attrs members
----------  ----------- ---------- ----------- ----- -------
00000000    00000000    0000003c   0000003c    r--
  00000000    00000000    0000003c   0000003c    r-- .vecs
00000100    00000100    00014c08   00014c08    r-x
  00000100    00000100    00011ec2   00011ec2    r-x .text
  00011fc8    00011fc8    0000290e   0000290e    r-- .const
  000148d8    000148d8    00000430   00000430    r-- .cinit
08000000    08000000    0000cb90   00000000    rw-
  08000000    08000000    00008000   00000000    rw- systemHeap
  08008000    08008000    00002254   00000000    rw- .bss
  0800a258    0800a258    00001138   00000000    rw- .data
  0800b390    0800b390    00001000   00000000    rw- .stack
  0800c390    0800c390    00000800   00000000    rw- .myFiqStack


SECTION ALLOCATION MAP

 output                                  attributes/
section   page    origin      length       input sections
--------  ----  ----------  ----------   ----------------
.vecs      0    00000000    0000003c     
                  00000000    0000003c     mss_mmw_per4ft.oer4ft (.vecs)

.text      0    00000100    00011ec2     
                  00000100    0000107a     rtsv7R4_T_le_v3D16_eabi.lib : _printfi.obj (.text)
                  0000117a    00000006     libosal_xwr68xx.aer4f : HwiP_tirtos.oer4f (.text:HwiP_restore)
                  00001180    000004e1     sysbios.aer4ft : BIOS.obj (.text:xdc_runtime_System_doPrint__I)
                  00001661    00000001     --HOLE-- [fill = 0]
                  00001662    00000002     libmmwave_xwr68xx.aer4f : mmwave_link.oer4f (.text:MMWave_maskHostIRQ)
                  00001664    0000048c     mss_main.oer4f (.text:MmwDemo_mssInitTask)
                  00001af0    00000444     cli.oer4f (.text:MmwDemo_CLIInit)
                  00001f34    00000410     libcli_xwr68xx.aer4f : cli_mmwave.oer4f (.text:CLI_MMWaveVersion)
                  00002344    0000000c     libmmwave_xwr68xx.aer4f : mmwave_dualcore.oer4f (.text:MMWave_deviceMailboxCallbackFxn)
                  00002350    00000394     sysbios.aer4ft : BIOS.obj (.text:ti_sysbios_knl_Event_pend__E)
                  000026e4    00000314     libsoc_xwr68xx.aer4f : soc_xwr68xx_mss.oer4f (.text:SOC_deviceInit)
                  000029f8    00000008     libosal_xwr68xx.aer4f : HwiP_tirtos.oer4f (.text:HwiP_disable)
                  00002a00    00000310     sysbios.aer4ft : BIOS.obj (.text:ti_sysbios_knl_Semaphore_pend__E)
                  00002d10    000002b8     rtsv7R4_T_le_v3D16_eabi.lib : ull_div32.obj (.text)
                  00002fc8    00000008     libmmwave_xwr68xx.aer4f : mmwave.oer4f (.text:MMWave_decodeErrorLevel)
                  00002fd0    000002a4     sysbios.aer4ft : BIOS.obj (.text:ti_sysbios_heaps_HeapMem_freeUnprotected__E)
                  00003274    00000284     libmmwave_xwr68xx.aer4f : mmwave_dualcore.oer4f (.text:MMWave_deviceExecuteFxn)
                  000034f8    00000008                             : mmwave_link.oer4f (.text:MMWave_mboxCallbackFxn)
                  00003500    00000280     sysbios.aer4ft : BIOS.obj (.text:ti_sysbios_family_arm_exc_Exception_excDumpContext__I)
                  00003780    00000274     mss_main.oer4f (.text:MmwDemo_mboxReadTask)
                  000039f4    0000000c     libmmwave_xwr68xx.aer4f : mmwave_osal.oer4f (.text:MMWave_osalMutexUnlock)
                  00003a00    00000268     sysbios.aer4ft : BIOS.obj (.text:ti_sysbios_knl_Task_Instance_finalize__E)
                  00003c68    00000260     libmailbox_xwr68xx.aer4f : mailbox.oer4f (.text:Mailbox_open)
                  00003ec8    00000254     libcli_xwr68xx.aer4f : cli_mmwave.oer4f (.text:CLI_MMWaveProfileCfg)
                  0000411c    00000004     libosal_xwr68xx.aer4f : HwiP_tirtos.oer4f (.text:HwiP_disableInterrupt)
                  00004120    00000228     sysbios.aer4ft : BIOS.obj (.text:ti_sysbios_heaps_HeapMem_allocUnprotected__E)
                  00004348    00000008     libosal_xwr68xx.aer4f : SemaphoreP_tirtos.oer4f (.text:SemaphoreP_Params_init)
                  00004350    00000220     sysbios.aer4ft : BIOS.obj (.text:ti_sysbios_knl_Task_sleep__E)
                  00004570    00000218     mss_main.oer4f (.text:MmwDemo_mssCtrlPathTask)
                  00004788    00000214     libuart_xwr68xx.aer4f : uartsci.oer4f (.text:UartSci_open)
                  0000499c    00000204     libcli_xwr68xx.aer4f : cli_mmwave.oer4f (.text:CLI_MMWaveChirpCfg)
                  00004ba0    00000200     libcrc_xwr68xx.aer4f : crc.oer4f (.text:CRC_open)
                  00004da0    000001f0     libdma_xwr68xx.aer4f : dma.oer4f (.text:DMA_setChannelParams)
                  00004f90    000001e4     rtsv7R4_T_le_v3D16_eabi.lib : strtod.obj (.text)
                  00005174    0000000c     libmmwave_xwr68xx.aer4f : mmwave_osal.oer4f (.text:MMWave_osalSemSignal)
                  00005180    000001e4     sysbios.aer4ft : BIOS.obj (.text:ti_sysbios_family_arm_v7r_vim_Hwi_dispatchIRQC__I)
                  00005364    0000000c     mss_main.oer4f (.text:MmwDemo_mboxCallback)
                  00005370    000001dc     sysbios.aer4ft : BIOS.obj (.text:ti_sysbios_knl_Task_Module_startup__E)
                  0000554c    000001c8     libmmwavelink_xwr68xx.aer4f : rl_driver.oer4f (.text:rlDriverRxHdrRead)
                  00005714    000001c8     rtsv7R4_T_le_v3D16_eabi.lib : fopen.obj (.text)
                  000058dc    00000004     libmmwave_xwr68xx.aer4f : mmwave_link.oer4f (.text:MMWave_disableDevice)
                  000058e0    000001c8     sysbios.aer4ft : BIOS.obj (.text:ti_sysbios_knl_Task_Instance_init__E)
                  00005aa8    000001b4     mss_main.oer4f (.text:MmwDemo_mssDataPathConfig)
                  00005c5c    000001b0     libmmwavelink_xwr68xx.aer4f : rl_driver.oer4f (.text:rlDriverMsgRead)
                  00005e0c    000001a4     libcli_xwr68xx.aer4f : cli_mmwave.oer4f (.text:CLI_MMWaveSubFrameCfg)
                  00005fb0    000001a4     libmmwave_xwr68xx.aer4f : mmwave_dualcore.oer4f (.text:MMWave_serializeCfg)
                  00006154    0000000c     libuart_xwr68xx.aer4f : UART.oer4f (.text:UART_Params_init)
                  00006160    0000019c     sysbios.aer4ft : BIOS.obj (.text:xdc_runtime_Error_policyDefault__E)
                  000062fc    00000194     libmmwave_xwr68xx.aer4f : mmwave_link.oer4f (.text:MMWave_openLink)
                  00006490    00000190     libmmwavelink_xwr68xx.aer4f : rl_driver.oer4f (.text:rlDriverCmdInvoke)
                  00006620    00000184     sysbios.aer4ft : BIOS.obj (.text:ti_sysbios_timers_rti_Timer_Module_startup__E)
                  000067a4    0000000c     libuart_xwr68xx.aer4f : uartsci_dma.oer4f (.text:UartSci_isDMAEnabled)
                  000067b0    0000017c     sysbios.aer4ft : BIOS.obj (.text:ti_sysbios_family_arm_exc_Exception_excHandler__I)
                  0000692c    00000004     libmmwave_xwr68xx.aer4f : mmwave_link.oer4f (.text:MMWave_enableDevice)
                  00006930    0000017c     sysbios.aer4ft : BIOS.obj (.text:ti_sysbios_knl_Semaphore_post__E)
                  00006aac    00000004     libmmwave_xwr68xx.aer4f : mmwave_listlib.oer4f (.text:MMWave_listGetHead)
                  00006ab0    00000174     sysbios.aer4ft : BIOS.obj (.text:ti_sysbios_knl_Event_post__E)
                  00006c24    00000170     libgpio_xwr68xx.aer4f : gpio.oer4f (.text:GPIO_setConfig)
                  00006d94    0000000c     sysbios.aer4ft : arm_IntrinsicsSupport_asm.obj (.text:_ti_sysbios_family_arm_IntrinsicsSupport_maxbitA)
                  00006da0    00000160                    : BIOS.obj (.text:ti_sysbios_family_arm_v7r_vim_Hwi_reconfig__E)
                  00006f00    00000150     cli.oer4f (.text:MmwDemo_CLICalibDcRangeSig)
                  00007050    0000014c     libcli_xwr68xx.aer4f : cli_mmwave.oer4f (.text:CLI_MMWaveFrameCfg)
                  0000719c    0000014c                          : cli.oer4f (.text:CLI_task)
                  000072e8    0000014c     libmmwave_xwr68xx.aer4f : mmwave_link.oer4f (.text:MMWave_initMMWaveLink)
                  00007434    0000014a     libuart_xwr68xx.aer4f : uartsci.oer4f (.text:UartSci_ISR)
                  0000757e    00000002     mss_main.oer4f (.text:MmwDemo_mssMmwaveCloseCallbackFxn)
                  00007580    00000148     libmmwavelink_xwr68xx.aer4f : rl_driver.oer4f (.text:rlDriverCmdSendRetry)
                  000076c8    00000008                                 : rl_driver.oer4f (.text:rlDriverConstructOutMsg)
                  000076d0    00000140     sysbios.aer4ft : BIOS.obj (.text:ti_sysbios_heaps_HeapMem_Instance_init__E)
                  00007810    00000140                    : BIOS.obj (.text:xdc_runtime_Core_createObject__I)
                  00007950    0000013c                    : BIOS.obj (.text:ti_sysbios_knl_Clock_workFunc__E)
                  00007a8c    00000138     mss_main.oer4f (.text:main)
                  00007bc4    0000000c     rtsv7R4_T_le_v3D16_eabi.lib : copy_zero_init.obj (.text:decompress:ZI)
                  00007bd0    00000134     sysbios.aer4ft : BIOS.obj (.text:xdc_runtime_Startup_startMods__I)
                  00007d04    00000124     libcli_xwr68xx.aer4f : cli_mmwave.oer4f (.text:CLI_MMWaveAdvFrameCfg)
                  00007e28    00000124                          : cli_mmwave.oer4f (.text:CLI_MMWaveContModeCfg)
                  00007f4c    00000004     libmmwave_xwr68xx.aer4f : mmwave_listlib.oer4f (.text:MMWave_listGetNext)
                  00007f50    00000118     sysbios.aer4ft : BIOS.obj (.text:ti_sysbios_family_arm_v7r_vim_Hwi_Instance_init__E)
                  00008068    00000008     libmmwavelink_xwr68xx.aer4f : rl_driver.oer4f (.text:rlDriverGetHandle)
                  00008070    00000118     sysbios.aer4ft : BIOS.obj (.text:ti_sysbios_knl_Swi_run__I)
                  00008188    00000114     cli.oer4f (.text:VitalSignsDemo_CLIvitalSignsParamsCfg)
                  0000829c    0000010c     libmmwave_xwr68xx.aer4f : mmwave_link.oer4f (.text:MMWave_asyncEventHandler)
                  000083a8    0000010c                             : mmwave_dualcore.oer4f (.text:MMWave_deviceInitFxn)
                  000084b4    0000000c     libmmwavelink_xwr68xx.aer4f : rl_driver.oer4f (.text:rlDriverGetPlatformId)
                  000084c0    0000010c     sysbios.aer4ft : BIOS.obj (.text:xdc_runtime_Core_constructObject__I)
                  000085cc    00000108     libdma_xwr68xx.aer4f : dma.oer4f (.text:DMA_disableInterrupt)
                  000086d4    00000108     libmailbox_xwr68xx.aer4f : mailbox.oer4f (.text:Mailbox_write)
                  000087dc    00000104     libmmwave_xwr68xx.aer4f : mmwave_link.oer4f (.text:MMWave_startLink)
                  000088e0    00000104     sysbios.aer4ft : BIOS.obj (.text:ti_sysbios_timers_rti_Timer_getFreq__E)
                  000089e4    00000100     libcli_xwr68xx.aer4f : cli_mmwave.oer4f (.text:CLI_MMWaveBPMCfgAdvanced)
                  00008ae4    00000100     libdma_xwr68xx.aer4f : dma.oer4f (.text:DMA_clearChannelInterruptFlag)
                  00008be4    00000100     libmmwavelink_xwr68xx.aer4f : rl_driver.oer4f (.text:rlDriverInit)
                  00008ce4    000000fc     libcrc_xwr68xx.aer4f : crc.oer4f (.text:CRC_computeSignature)
                  00008de0    000000fc     mss_main.oer4f (.text:MmwDemo_mssMmwaveEventCallbackFxn)
                  00008edc    000000f8     libmmwavelink_xwr68xx.aer4f : rl_driver.oer4f (.text:rlDriverRdVerifyMsg)
                  00008fd4    000000f8     mss_mmw_per4ft.oer4ft (.text:xdc_runtime_System_printfExtend__I)
                  000090cc    00000004     libmmwave_xwr68xx.aer4f : mmwave_link.oer4f (.text:MMWave_mboxClose)
                  000090d0    000000f0     sysbios.aer4ft : BIOS.obj (.text:ti_sysbios_family_arm_v7r_vim_Hwi_Module_startup__E)
                  000091c0    000000ec     rtsv7R4_T_le_v3D16_eabi.lib : s_scalbn.obj (.text)
                  000092ac    00000004     libmmwave_xwr68xx.aer4f : mmwave_link.oer4f (.text:MMWave_mboxRead)
                  000092b0    000000ec     sysbios.aer4ft : BIOS.obj (.text:ti_sysbios_heaps_HeapBuf_Module_startup__E)
                  0000939c    000000e4     libmmwavelink_xwr68xx.aer4f : rl_sensor.oer4f (.text:rlRfPhShiftCalibDataRestore)
                  00009480    000000e0     libcli_xwr68xx.aer4f : cli.oer4f (.text:CLI_open)
                  00009560    000000e0     libdma_xwr68xx.aer4f : dma.oer4f (.text:DMA_enableInterrupt)
                  00009640    000000dc     libmmwave_xwr68xx.aer4f : mmwave.oer4f (.text:MMWave_init)
                  0000971c    000000dc     libmmwavelink_xwr68xx.aer4f : rl_driver.oer4f (.text:rlDriverMsgCmdReply)
                  000097f8    000000dc     rtsv7R4_T_le_v3D16_eabi.lib : setvbuf.obj (.text)
                  000098d4    000000d4     libmailbox_xwr68xx.aer4f : mailbox.oer4f (.text:Mailbox_read)
                  000099a8    000000d4     mss_main.oer4f (.text:MmwDemo_mssDataPathStop)
                  00009a7c    000000d4     libmmwavelink_xwr68xx.aer4f : rl_sensor.oer4f (.text:rlSetMultiBpmChirpConfig)
                  00009b50    000000d4     sysbios.aer4ft : BIOS.obj (.text:ti_sysbios_knl_Task_exit__E)
                  00009c24    0000000c                    : BIOS.obj (.text:ti_sysbios_family_arm_v7a_Pmu_configureCounterI__I)
                  00009c30    000000d4                    : BIOS.obj (.text:ti_sysbios_knl_Task_schedule__I)
                  00009d04    000000d0                    : exc_Exception_asm.obj (.text:ti_sysbios_family_arm_exc_Exception_excHandlerAsm__I)
                  00009dd4    000000cc     libmmwavelink_xwr68xx.aer4f : rl_sensor.oer4f (.text:rlRfCalibDataRestore)
                  00009ea0    000000cc                                 : rl_sensor.oer4f (.text:rlSetChirpConfig)
                  00009f6c    000000cc     rtsv7R4_T_le_v3D16_eabi.lib : fflush.obj (.text)
                  0000a038    00000008     sysbios.aer4ft : BIOS.obj (.text:ti_sysbios_family_arm_v7a_Pmu_getEnabled__E)
                  0000a040    000000cc                    : BIOS.obj (.text:ti_sysbios_knl_Task_checkStacks__E)
                  0000a10c    000000c8     libmmwave_xwr68xx.aer4f : mmwave_fullcfg.oer4f (.text:MMWave_addChirp)
                  0000a1d4    000000c8                             : mmwave_link.oer4f (.text:MMWave_configBPM)
                  0000a29c    000000c8                             : mmwave_fullcfg.oer4f (.text:MMWave_flushCfg)
                  0000a364    000000c8                             : mmwave_fullcfg.oer4f (.text:MMWave_getChirpHandle)
                  0000a42c    000000c8     libsoc_xwr68xx.aer4f : soc_xwr68xx.oer4f (.text:SOC_ungateClock)
                  0000a4f4    000000c8     cli.oer4f (.text:VitalSignsDemo_CLIMotionDetection)
                  0000a5bc    000000c8     libmmwavelink_xwr68xx.aer4f : rl_sensor.oer4f (.text:rlSetFrameConfig)
                  0000a684    0000000c     mss_mmw_per4ft.oer4ft (.text:ti_sysbios_knl_Queue_Object__get__S)
                  0000a690    000000c8     sysbios.aer4ft : BIOS.obj (.text:ti_sysbios_knl_Task_postInit__I)
                  0000a758    00000006     libmmwavelink_xwr68xx.aer4f : rl_controller.oer4f (.text:rlGetSubBlockId)
                  0000a75e    00000002     mss_main.oer4f (.text:MmwDemo_mssMmwaveOpenCallbackFxn)
                  0000a760    000000c4     sysbios.aer4ft : BIOS.obj (.text:ti_sysbios_family_arm_v7a_Pmu_configureCounter__E)
                  0000a824    000000c0     libmmwavelink_xwr68xx.aer4f : rl_driver.oer4f (.text:rlDriverMsgWrite)
                  0000a8e4    0000000a     libosal_xwr68xx.aer4f : MemoryP_tirtos.oer4f (.text:MemoryP_ctrlFree)
                  0000a8ee    00000002     libuart_xwr68xx.aer4f : uartsci.oer4f (.text:UartSci_init)
                  0000a8f0    000000c0     sysbios.aer4ft : BIOS.obj (.text:ti_sysbios_timers_rti_Timer_startup__E)
                  0000a9b0    000000bc     libcli_xwr68xx.aer4f : cli.oer4f (.text:CLI_help)
                  0000aa6c    000000bc     libgpio_xwr68xx.aer4f : gpio.oer4f (.text:GPIO_write)
                  0000ab28    000000bc     libmmwave_xwr68xx.aer4f : mmwave_link.oer4f (.text:MMWave_computeCRC)
                  0000abe4    000000bc     rtsv7R4_T_le_v3D16_eabi.lib : open.obj (.text)
                  0000aca0    000000b8     libdma_xwr68xx.aer4f : dma.oer4f (.text:DMA_getChannelInterruptFlag)
                  0000ad58    000000b6     libsoc_xwr68xx.aer4f : soc_mpu.o (.text)
                  0000ae0e    00000002     rtsv7R4_T_le_v3D16_eabi.lib : i_div0.obj (.text)
                  0000ae10    000000b4     mss_main.oer4f (.text:MmwDemo_mssDataPathStart)
                  0000aec4    0000000a     libosal_xwr68xx.aer4f : SemaphoreP_tirtos.oer4f (.text:SemaphoreP_post)
                  0000aece    00000002     mss_mmw_per4ft.oer4ft (.text:ti_sysbios_BIOS_nullFunc__I)
                  0000aed0    000000b4     sysbios.aer4ft : BIOS.obj (.text:ti_sysbios_gates_GateMutex_enter__E)
                  0000af84    0000000a     libuart_xwr68xx.aer4f : UART.oer4f (.text:UART_read)
                  0000af8e    00000002     mss_mmw_per4ft.oer4ft (.text:xdc_runtime_Startup_reset__I)
                  0000af90    000000b4     sysbios.aer4ft : BIOS.obj (.text:ti_sysbios_knl_Task_startCore__E)
                  0000b044    000000b2     libuart_xwr68xx.aer4f : uartsci_dma.oer4f (.text:UartSci_openDMA)
                  0000b0f6    00000002     --HOLE-- [fill = 0]
                  0000b0f8    000000b0     libmmwave_xwr68xx.aer4f : mmwave_fullcfg.oer4f (.text:MMWave_addProfile)
                  0000b1a8    000000b0     libmmwavelink_xwr68xx.aer4f : rl_sensor.oer4f (.text:rlSetProfileConfig)
                  0000b258    00000006                                 : rl_controller.oer4f (.text:rlGetSubBlockLen)
                  0000b25e    00000002     --HOLE-- [fill = 0]
                  0000b260    000000b0     sysbios.aer4ft : BIOS.obj (.text:xdc_runtime_Text_putMod__E)
                  0000b310    000000ae     rtsv7R4_T_le_v3D16_eabi.lib : _io_perm.obj (.text)
                  0000b3be    00000002     --HOLE-- [fill = 0]
                  0000b3c0    000000ac     libesm_xwr68xx.aer4f : esm.oer4f (.text:ESM_processInterrupt)
                  0000b46c    000000a8     libcli_xwr68xx.aer4f : cli_mmwave.oer4f (.text:CLI_MMWaveExtensionHelp)
                  0000b514    000000a8     libmmwave_xwr68xx.aer4f : mmwave_link.oer4f (.text:MMWave_configureProfileChirp)
                  0000b5bc    000000a8                             : mmwave_fullcfg.oer4f (.text:MMWave_getBpmChirpHandle)
                  0000b664    000000a8     libpinmux_xwr68xx.aer4f : pinmux.oer4f (.text:Pinmux_Set_OverrideCtrl)
                  0000b70c    000000a8     libmmwavelink_xwr68xx.aer4f : rl_driver.oer4f (.text:rlDriverWaitForResponse)
                  0000b7b4    000000a8                                 : rl_sensor.oer4f (.text:rlSetAdvFrameConfig)
                  0000b85c    00000004     libmmwave_xwr68xx.aer4f : mmwave_link.oer4f (.text:MMWave_registerInterruptHandler)
                  0000b860    000000a8     sysbios.aer4ft : BIOS.obj (.text:ti_sysbios_knl_Swi_post__E)
                  0000b908    000000a4     libdma_xwr68xx.aer4f : dma.oer4f (.text:DMA_assignChannel)
                  0000b9ac    000000a4     libesm_xwr68xx.aer4f : esm.oer4f (.text:ESM_init)
                  0000ba50    000000a4     libmmwave_xwr68xx.aer4f : mmwave_fullcfg.oer4f (.text:MMWave_addBpmChirp)
                  0000baf4    000000a4                             : mmwave.oer4f (.text:MMWave_start)
                  0000bb98    000000a4     mss_main.oer4f (.text:MmwDemo_waitSensorStopComplete)
                  0000bc3c    000000a4     libsoc_xwr68xx.aer4f : soc_xwr68xx_mss.oer4f (.text:SOC_unhaltDSS)
                  0000bce0    000000a2     sysbios.aer4ft : BIOS.obj (.text:xdc_runtime_Text_putSite__E)
                  0000bd82    00000002     --HOLE-- [fill = 0]
                  0000bd84    000000a0     auto_init.aer4ft : auto_init.oer4ft (.text)
                  0000be24    0000000a     libuart_xwr68xx.aer4f : UART.oer4f (.text:UART_write)
                  0000be2e    00000002     --HOLE-- [fill = 0]
                  0000be30    000000a0     sysbios.aer4ft : BIOS.obj (.text:ti_sysbios_knl_Task_blockI__E)
                  0000bed0    0000009c     libmmwave_xwr68xx.aer4f : mmwave_link.oer4f (.text:MMWave_configLink)
                  0000bf6c    0000009c                             : mmwave_fullcfg.oer4f (.text:MMWave_getProfileHandle)
                  0000c008    0000009c     libuart_xwr68xx.aer4f : uartsci.oer4f (.text:UartSci_write)
                  0000c0a4    0000009c     rtsv7R4_T_le_v3D16_eabi.lib : memcpy_t2.obj (.text)
                  0000c140    0000009c     sysbios.aer4ft : BIOS.obj (.text:ti_sysbios_family_arm_v7r_vim_Hwi_initIntController__I)
                  0000c1dc    00000004     libmmwave_xwr68xx.aer4f : mmwave_link.oer4f (.text:MMWave_unmaskHostIRQ)
                  0000c1e0    0000009c     sysbios.aer4ft : BIOS.obj (.text:ti_sysbios_family_arm_v7r_vim_Hwi_mapChannel__I)
                  0000c27c    00000004     libmmwave_xwr68xx.aer4f : mmwave_link.oer4f (.text:MMWave_waitIRQStatus)
                  0000c280    0000009c     sysbios.aer4ft : BIOS.obj (.text:ti_sysbios_knl_Semaphore_Instance_init__E)
                  0000c31c    00000098     libmmwave_xwr68xx.aer4f : mmwave_fullcfg.oer4f (.text:MMWave_getChirpCfg)
                  0000c3b4    00000098     rtsv7R4_T_le_v3D16_eabi.lib : fclose.obj (.text)
                  0000c44c    00000098                                 : fputc.obj (.text)
                  0000c4e4    00000098     sysbios.aer4ft : vim_Hwi_asm_switch.obj (.text)
                  0000c57c    00000096     libuart_xwr68xx.aer4f : uartsci.oer4f (.text:UartSci_readChar)
                  0000c612    00000002     --HOLE-- [fill = 0]
                  0000c614    00000094     libmmwavelink_xwr68xx.aer4f : rl_driver.oer4f (.text:rlDriverDeInit)
                  0000c6a8    00000094                                 : rl_driver.oer4f (.text:rlDriverMsgReadCmdCtx)
                  0000c73c    00000094                                 : rl_driver.oer4f (.text:rlDriverProcRdMsg)
                  0000c7d0    00000094     sysbios.aer4ft : vim_Hwi_asm.obj (.text:ti_sysbios_family_arm_v7r_vim_Hwi_dispatchIRQ__I)
                  0000c864    00000090     libgpio_xwr68xx.aer4f : gpio.oer4f (.text:GPIO_init)
                  0000c8f4    00000090     libmailbox_xwr68xx.aer4f : mailbox.oer4f (.text:Mailbox_close)
                  0000c984    00000090     mss_main.oer4f (.text:MmwDemo_waitSensorStartComplete)
                  0000ca14    00000090     libuart_xwr68xx.aer4f : uartsci_dma.oer4f (.text:UartSci_initiateTxDMA)
                  0000caa4    00000090                           : uartsci.oer4f (.text:UartSci_read)
                  0000cb34    0000000a                           : UART.oer4f (.text:UART_writePolling)
                  0000cb3e    00000002     --HOLE-- [fill = 0]
                  0000cb40    00000090     sysbios.aer4ft : BIOS.obj (.text:ti_sysbios_family_arm_v7a_Pmu_startCounter__E)
                  0000cbd0    00000090                    : BIOS.obj (.text:ti_sysbios_knl_Task_unblockI__E)
                  0000cc60    0000008c     libcli_xwr68xx.aer4f : cli_mmwave.oer4f (.text:CLI_MMWaveDataOutputMode)
                  0000ccec    0000008c     cli.oer4f (.text:MmwDemo_CLIADCBufCfg)
                  0000cd78    0000008c     libsoc_xwr68xx.aer4f : soc.oer4f (.text:SOC_init)
                  0000ce04    0000008c                          : soc_xwr68xx.oer4f (.text:SOC_translateAddress)
                  0000ce90    0000008c     libuart_xwr68xx.aer4f : uartsci_dma.oer4f (.text:UartSci_initiateRxDMA)
                  0000cf1c    0000008c     cli.oer4f (.text:VitalSignsDemo_CLIGuiMonSel)
                  0000cfa8    0000008c     libmmwavelink_xwr68xx.aer4f : rl_device.oer4f (.text:rlDevicePowerOn)
                  0000d034    0000008c                                 : rl_driver.oer4f (.text:rlDriverMsgReadSpawnCtx)
                  0000d0c0    0000008c     sysbios.aer4ft : BIOS.obj (.text:ti_sysbios_family_arm_v7r_vim_Hwi_Instance_finalize__E)
                  0000d14c    00000004     mss_main.oer4f (.text:MmwDemo_sleep)
                  0000d150    0000008c     sysbios.aer4ft : BIOS.obj (.text:xdc_runtime_Memory_alloc__E)
                  0000d1dc    00000088     libmmwave_xwr68xx.aer4f : mmwave_fullcfg.oer4f (.text:MMWave_getProfileCfg)
                  0000d264    00000088     rtsv7R4_T_le_v3D16_eabi.lib : vsnprintf.obj (.text)
                  0000d2ec    00000084     libmmwave_xwr68xx.aer4f : mmwave_dualcore.oer4f (.text:MMWave_deviceCfgAsyncEvent)
                  0000d370    00000084                             : mmwave_dualcore.oer4f (.text:MMWave_deviceEventFxn)
                  0000d3f4    00000084                             : mmwave_fullcfg.oer4f (.text:MMWave_getNumBpmChirp)
                  0000d478    00000084                             : mmwave.oer4f (.text:MMWave_open)
                  0000d4fc    00000080     libcli_xwr68xx.aer4f : cli_mmwave.oer4f (.text:CLI_MMWaveChannelCfg)
                  0000d57c    00000080     libmmwave_xwr68xx.aer4f : mmwave_fullcfg.oer4f (.text:MMWave_getBpmChirpCfg)
                  0000d5fc    00000080     libsoc_xwr68xx.aer4f : soc.oer4f (.text:SOC_getDeviceRFFreqScaleFactor)
                  0000d67c    00000080     libuart_xwr68xx.aer4f : uartsci.oer4f (.text:UartSci_writePolling)
                  0000d6fc    00000080     libmmwavelink_xwr68xx.aer4f : rl_driver.oer4f (.text:rlDriverExecuteGetApi)
                  0000d77c    00000004     mss_mmw_per4ft.oer4ft (.text:ti_sysbios_BIOS_RtsGateProxy_enter__E)
                  0000d780    00000080     sysbios.aer4ft : BIOS.obj (.text:ti_sysbios_timers_rti_Timer_initDevice__I)
                  0000d800    0000007e     libosal_xwr68xx.aer4f : HwiP_tirtos.oer4f (.text:HwiP_create)
                  0000d87e    00000002     --HOLE-- [fill = 0]
                  0000d880    0000007c     libmmwave_xwr68xx.aer4f : mmwave_dualcore.oer4f (.text:MMWave_deviceOpenFxn)
                  0000d8fc    0000007c     libmailbox_xwr68xx.aer4f : mailbox.oer4f (.text:Mailbox_init)
                  0000d978    0000007c     libuart_xwr68xx.aer4f : uartsci.oer4f (.text:UartSci_readPolling)
                  0000d9f4    0000007c     sysbios.aer4ft : arm_TaskSupport_asm.obj (.text:_ti_sysbios_family_arm_TaskSupport_buildTaskStack)
                  0000da70    0000007c                    : BIOS.obj (.text:xdc_runtime_Core_deleteObject__I)
                  0000daec    0000007b     cli.oer4f (.text:MmwDemo_CLIGetSubframe)
                  0000db67    00000001     --HOLE-- [fill = 0]
                  0000db68    0000007a     rtsv7R4_T_le_v3D16_eabi.lib : memset_t2.obj (.text)
                  0000dbe2    00000002     --HOLE-- [fill = 0]
                  0000dbe4    00000078     libcli_xwr68xx.aer4f : cli_mmwave.oer4f (.text:CLI_MMWaveADCCfg)
                  0000dc5c    00000078     libmmwave_xwr68xx.aer4f : mmwave_fullcfg.oer4f (.text:MMWave_getNumChirps)
                  0000dcd4    00000078     mss_main.oer4f (.text:MmwDemo_Dss2MssISR)
                  0000dd4c    00000074     libmmwave_xwr68xx.aer4f : mmwave.oer4f (.text:MMWave_config)
                  0000ddc0    00000074                             : mmwave_dualcore.oer4f (.text:MMWave_deviceStartFxn)
                  0000de34    00000074     cli.oer4f (.text:MmwDemo_CLIClutterRemoval)
                  0000dea8    00000074     boot.aer4ft : boot.oer4ft (.text)
                  0000df1c    00000074     libmmwavelink_xwr68xx.aer4f : rl_driver.oer4f (.text:rlDriverAsyncEventHandler)
                  0000df90    00000074     rtsv7R4_T_le_v3D16_eabi.lib : getdevice.obj (.text)
                  0000e004    00000074                                 : s_frexp.obj (.text)
                  0000e078    00000072     libmmwavelink_xwr68xx.aer4f : rl_driver.oer4f (.text:rlDriverClientCbCheck)
                  0000e0ea    00000002     --HOLE-- [fill = 0]
                  0000e0ec    00000070     libmmwave_xwr68xx.aer4f : mmwave_dualcore.oer4f (.text:MMWave_deviceCfgFxn)
                  0000e15c    00000004     mss_mmw_per4ft.oer4ft (.text:ti_sysbios_BIOS_RtsGateProxy_leave__E)
                  0000e160    00000070     sysbios.aer4ft : BIOS.obj (.text:xdc_runtime_Error_print__E)
                  0000e1d0    00000070                    : BIOS.obj (.text:xdc_runtime_Text_visitRope2__I)
                  0000e240    0000006c     libdma_xwr68xx.aer4f : dma.oer4f (.text:DMA_disableChannel)
                  0000e2ac    0000006c                          : dma.oer4f (.text:DMA_enableChannel)
                  0000e318    0000006c     libgpio_xwr68xx.aer4f : gpio.oer4f (.text:GPIO_enableInt)
                  0000e384    0000006c     libmmwave_xwr68xx.aer4f : mmwave_link.oer4f (.text:MMWave_spawn)
                  0000e3f0    0000006c                             : mmwave_link.oer4f (.text:MMWave_stopLink)
                  0000e45c    0000006c     libpinmux_xwr68xx.aer4f : pinmux.oer4f (.text:Pinmux_Set_FuncSel)
                  0000e4c8    0000006c     rtsv7R4_T_le_v3D16_eabi.lib : copy_decompress_lzss.obj (.text:decompress:lzss)
                  0000e534    0000006c                                 : trgmsg.obj (.text)
                  0000e5a0    0000006a     libuart_xwr68xx.aer4f : uartsci.oer4f (.text:UartSci_control)
                  0000e60a    00000002     --HOLE-- [fill = 0]
                  0000e60c    00000068     libmmwave_xwr68xx.aer4f : mmwave_dualcore.oer4f (.text:MMWave_deviceStopFxn)
                  0000e674    00000068     libmailbox_xwr68xx.aer4f : mailbox.oer4f (.text:Mailbox_readFlush)
                  0000e6dc    00000068     libmmwavelink_xwr68xx.aer4f : rl_driver.oer4f (.text:rlDriverExecuteSetApi)
                  0000e744    00000068                                 : rl_driver.oer4f (.text:rlDriverHostIrqHandler)
                  0000e7ac    00000068     rtsv7R4_T_le_v3D16_eabi.lib : hostlseek.obj (.text)
                  0000e814    00000068                                 : hostrename.obj (.text)
                  0000e87c    00000004     mss_mmw_per4ft.oer4ft (.text:ti_sysbios_family_arm_TaskSupport_Module__startupDone__S)
                  0000e880    00000068     sysbios.aer4ft : BIOS.obj (.text:ti_sysbios_knl_Swi_schedule__I)
                  0000e8e8    00000066     libmmwavelink_xwr68xx.aer4f : rl_device.oer4f (.text:rlDevicePowerOff)
                  0000e94e    00000002     --HOLE-- [fill = 0]
                  0000e950    00000064     libcli_xwr68xx.aer4f : cli_mmwave.oer4f (.text:CLI_MMWaveLowPowerCfg)
                  0000e9b4    00000064     libosal_xwr68xx.aer4f : SemaphoreP_tirtos.oer4f (.text:SemaphoreP_create)
                  0000ea18    00000064     rtsv7R4_T_le_v3D16_eabi.lib : fseek.obj (.text)
                  0000ea7c    00000064                                 : sprintf.obj (.text)
                  0000eae0    00000064     sysbios.aer4ft : exc_Exception_asm.obj (.text:ti_sysbios_family_arm_exc_Exception_initCore0__I)
                  0000eb44    0000000a                    : tms570_Core_asm.obj (.text:ti_sysbios_family_arm_v7r_tms570_Core_getId__E)
                  0000eb4e    00000002     --HOLE-- [fill = 0]
                  0000eb50    00000064                    : BIOS.obj (.text:ti_sysbios_family_arm_v7r_vim_Hwi_phantomIntHandler__I)
                  0000ebb4    0000000a     mss_mmw_per4ft.oer4ft (.text:xdc_runtime_IHeap_alloc)
                  0000ebbe    00000002     --HOLE-- [fill = 0]
                  0000ebc0    00000064     sysbios.aer4ft : BIOS.obj (.text:ti_sysbios_knl_Clock_logTick__E)
                  0000ec24    0000000a     mss_mmw_per4ft.oer4ft (.text:xdc_runtime_IHeap_free)
                  0000ec2e    00000002     --HOLE-- [fill = 0]
                  0000ec30    00000064     sysbios.aer4ft : BIOS.obj (.text:xdc_runtime_Startup_exec__E)
                  0000ec94    00000060     libcli_xwr68xx.aer4f : cli_mmwave.oer4f (.text:CLI_MMWaveExtensionHandler)
                  0000ecf4    00000060     libgpio_xwr68xx.aer4f : gpio.oer4f (.text:GPIO_setCallback)
                  0000ed54    00000004     mss_mmw_per4ft.oer4ft (.text:ti_sysbios_family_arm_v7r_vim_Hwi_delete)
                  0000ed58    00000004     mss_mmw_per4ft.oer4ft (.text:ti_sysbios_heaps_HeapMem_Module_GateProxy_enter__E)
                  0000ed5c    00000004     mss_mmw_per4ft.oer4ft (.text:ti_sysbios_heaps_HeapMem_Module_GateProxy_leave__E)
                  0000ed60    00000060     sysbios.aer4ft : BIOS.obj (.text:ti_sysbios_heaps_HeapMem_alloc__E)
                  0000edc0    00000060                    : BIOS.obj (.text:xdc_runtime_Assert_raise__I)
                  0000ee20    0000005f                    : BIOS.obj (.text:xdc_runtime_Text_putLab__E)
                  0000ee7f    00000001     --HOLE-- [fill = 0]
                  0000ee80    0000005e     libuart_xwr68xx.aer4f : uartsci.oer4f (.text:UartSci_writeChar)
                  0000eede    00000002     --HOLE-- [fill = 0]
                  0000eee0    0000005c     libmmwave_xwr68xx.aer4f : mmwave_link.oer4f (.text:MMWave_mboxOpen)
                  0000ef3c    0000005c                             : mmwave.oer4f (.text:MMWave_stop)
                  0000ef98    0000005c     rtsv7R4_T_le_v3D16_eabi.lib : hostopen.obj (.text)
                  0000eff4    0000005c                                 : hostread.obj (.text)
                  0000f050    0000005a     libuart_xwr68xx.aer4f : uartsci.oer4f (.text:UartSci_readCancel)
                  0000f0aa    0000005a     libmmwavelink_xwr68xx.aer4f : rl_driver.oer4f (.text:rlDriverCalChkSum)
                  0000f104    00000058     libesm_xwr68xx.aer4f : esm.oer4f (.text:ESM_highpriority_FIQ)
                  0000f15c    00000058     libmmwave_xwr68xx.aer4f : mmwave.oer4f (.text:MMWave_execute)
                  0000f1b4    00000058                             : mmwave_link.oer4f (.text:MMWave_initCRC)
                  0000f20c    00000058     mss_main.oer4f (.text:MmwDemo_mmWaveCtrlTask)
                  0000f264    00000058     libuart_xwr68xx.aer4f : uartsci_dma.oer4f (.text:UartSci_closeDMA)
                  0000f2bc    00000058     rtsv7R4_T_le_v3D16_eabi.lib : close.obj (.text)
                  0000f314    00000058                                 : hostwrite.obj (.text)
                  0000f36c    00000004     mss_mmw_per4ft.oer4ft (.text:ti_sysbios_knl_Clock_TimerProxy_getMaxTicks__E)
                  0000f370    00000058     sysbios.aer4ft : BIOS.obj (.text:ti_sysbios_knl_Swi_restoreHwi__E)
                  0000f3c8    00000056     libmmwavelink_xwr68xx.aer4f : rl_driver.oer4f (.text:rlDriverOsiCbCheck)
                  0000f41e    00000002     --HOLE-- [fill = 0]
                  0000f420    00000054     libcrc_xwr68xx.aer4f : crc.oer4f (.text:CRC_getTransactionId)
                  0000f474    00000054     libdma_xwr68xx.aer4f : dma.oer4f (.text:DMA_freeChannel)
                  0000f4c8    00000054     libmmwave_xwr68xx.aer4f : mmwave_link.oer4f (.text:MMWave_initLink)
                  0000f51c    00000054     rtsv7R4_T_le_v3D16_eabi.lib : ltoa.obj (.text)
                  0000f570    00000054     mss_mmw_per4ft.oer4ft (.text:ti_sysbios_family_arm_v7r_vim_Hwi_create)
                  0000f5c4    00000004     mss_mmw_per4ft.oer4ft (.text:ti_sysbios_knl_Semaphore_delete)
                  0000f5c8    00000004     mss_mmw_per4ft.oer4ft (.text:xdc_runtime_System_Module_GateProxy_enter__E)
                  0000f5cc    00000004     mss_mmw_per4ft.oer4ft (.text:xdc_runtime_System_Module_GateProxy_leave__E)
                  0000f5d0    00000054     sysbios.aer4ft : BIOS.obj (.text:ti_sysbios_heaps_HeapMem_getStats__E)
                  0000f624    0000000c     --HOLE-- [fill = 0]
                  0000f630    00000054                    : BIOS.obj (.text:ti_sysbios_knl_Swi_runLoop__I)
                  0000f684    0000000c     --HOLE-- [fill = 0]
                  0000f690    00000054                    : BIOS.obj (.text:ti_sysbios_knl_Swi_startup__E)
                  0000f6e4    0000000c     --HOLE-- [fill = 0]
                  0000f6f0    00000054                    : BIOS.obj (.text:xdc_runtime_Core_assignLabel__I)
                  0000f744    00000050     libcrc_xwr68xx.aer4f : crc.oer4f (.text:CRC_getSignature)
                  0000f794    00000050     libmmwave_xwr68xx.aer4f : mmwave.oer4f (.text:MMWave_sync)
                  0000f7e4    00000050     libmmwavelink_xwr68xx.aer4f : rl_driver.oer4f (.text:rlDeviceIdentifyCmdDir)
                  0000f834    00000050                                 : rl_driver.oer4f (.text:rlDriverVerifyCRC)
                  0000f884    00000050     rtsv7R4_T_le_v3D16_eabi.lib : atoi.obj (.text)
                  0000f8d4    00000050                                 : exit.obj (.text)
                  0000f924    00000050                                 : u_div32.obj (.text)
                  0000f974    0000000c     --HOLE-- [fill = 0]
                  0000f980    00000050     sysbios.aer4ft : BIOS.obj (.text:xdc_runtime_System_exit__E)
                  0000f9d0    0000004c     libcli_xwr68xx.aer4f : cli.oer4f (.text:CLI_write)
                  0000fa1c    0000004c     libmailbox_xwr68xx.aer4f : mailbox.oer4f (.text:Mailbox_boxEmptyISRProcessing)
                  0000fa68    0000004c     libuart_xwr68xx.aer4f : uartsci.oer4f (.text:UartSci_writeCancel)
                  0000fab4    0000004c     rtsv7R4_T_le_v3D16_eabi.lib : cpy_tbl.obj (.text)
                  0000fb00    0000004c     sysbios.aer4ft : BIOS.obj (.text:ti_sysbios_family_arm_v7r_vim_Hwi_getStackInfo__E)
                  0000fb4c    0000004c     mss_mmw_per4ft.oer4ft (.text:ti_sysbios_knl_Task_create)
                  0000fb98    0000004a     libmailbox_xwr68xx.aer4f : mailbox.oer4f (.text:Mailbox_boxFullISRProcessing)
                  0000fbe2    0000000e     cli.oer4f (.text:MmwDemo_CLISensorStop)
                  0000fbf0    0000004a     sysbios.aer4ft : BIOS.obj (.text:xdc_runtime_Core_assignParams__I)
                  0000fc3a    00000006     --HOLE-- [fill = 0]
                  0000fc40    0000004a                    : BIOS.obj (.text:xdc_runtime_Text_xprintf__I)
                  0000fc8a    00000048     libmmwavelink_xwr68xx.aer4f : rl_device.oer4f (.text:rlDeviceGetVersion)
                  0000fcd2    00000002     --HOLE-- [fill = 0]
                  0000fcd4    00000048                                 : rl_driver.oer4f (.text:rlDriverOsiInit)
                  0000fd1c    00000046     libmailbox_xwr68xx.aer4f : mailbox.oer4f (.text:CSL_FINSR)
                  0000fd62    00000044     libcrc_xwr68xx.aer4f : crc.oer4f (.text:CRC_resetSignature)
                  0000fda6    00000002     --HOLE-- [fill = 0]
                  0000fda8    00000044     libmailbox_xwr68xx.aer4f : mailbox.oer4f (.text:Mailbox_boxFullISRMssDss)
                  0000fdec    00000044     cli.oer4f (.text:MmwDemo_mssCfgUpdate)
                  0000fe30    00000044     libsoc_xwr68xx.aer4f : soc_xwr68xx_mss.oer4f (.text:SOC_resetDMA)
                  0000fe74    00000044     rtsv7R4_T_le_v3D16_eabi.lib : hostclose.obj (.text)
                  0000feb8    00000044                                 : hostunlink.obj (.text)
                  0000fefc    00000004     --HOLE-- [fill = 0]
                  0000ff00    00000044     sysbios.aer4ft : BIOS.obj (.text:ti_sysbios_family_arm_v7r_tms570_Core_Module_startup__E)
                  0000ff44    0000000c     --HOLE-- [fill = 0]
                  0000ff50    00000044                    : BIOS.obj (.text:ti_sysbios_knl_Task_allBlockedFunction__I)
                  0000ff94    0000000c     --HOLE-- [fill = 0]
                  0000ffa0    00000044                    : BIOS.obj (.text:xdc_runtime_System_atexit__E)
                  0000ffe4    00000042     libmmwave_xwr68xx.aer4f : mmwave_link.oer4f (.text:MMWave_executeLink)
                  00010026    00000042     libmmwavelink_xwr68xx.aer4f : rl_controller.oer4f (.text:rlGetSubBlock)
                  00010068    00000040                                 : rl_driver.oer4f (.text:rlDriverValidateHdr)
                  000100a8    00000040     rtsv7R4_T_le_v3D16_eabi.lib : strtok.obj (.text)
                  000100e8    00000008     --HOLE-- [fill = 0]
                  000100f0    00000040     sysbios.aer4ft : BIOS.obj (.text:ti_sysbios_timers_rti_Timer_stop__E)
                  00010130    0000003e     libcrc_xwr68xx.aer4f : crc.oer4f (.text:CSL_FINSR)
                  0001016e    0000003e     libdma_xwr68xx.aer4f : dma.oer4f (.text:CSL_FINSR)
                  000101ac    0000003e     libgpio_xwr68xx.aer4f : gpio.oer4f (.text:CSL_FINSR)
                  000101ea    0000003e     libpinmux_xwr68xx.aer4f : pinmux.oer4f (.text:CSL_FINSR)
                  00010228    0000003e     libsoc_xwr68xx.aer4f : soc.oer4f (.text:CSL_FINSR)
                  00010266    0000003e                          : soc_xwr68xx.oer4f (.text:CSL_FINSR)
                  000102a4    0000003e                          : soc_xwr68xx_mss.oer4f (.text:CSL_FINSR)
                  000102e2    0000003e     libuart_xwr68xx.aer4f : uartsci.oer4f (.text:CSL_FINSR)
                  00010320    0000003e     libmmwave_xwr68xx.aer4f : mmwave.oer4f (.text:MMWave_decodeError)
                  0001035e    0000003e     libuart_xwr68xx.aer4f : uartsci.oer4f (.text:UartSci_close)
                  0001039c    0000003c     libcli_xwr68xx.aer4f : cli_mmwave.oer4f (.text:CLI_MMWaveFlushCfg)
                  000103d8    0000003c     libmailbox_xwr68xx.aer4f : mailbox.oer4f (.text:Mailbox_writeReset)
                  00010414    0000003c     libsoc_xwr68xx.aer4f : soc.oer4f (.text:SOC_unhaltBSS)
                  00010450    0000003c     sysbios.aer4ft : vim_Hwi_asm.obj (.text:ti_sysbios_family_arm_v7r_vim_Hwi_init__I)
                  0001048c    00000004     --HOLE-- [fill = 0]
                  00010490    0000003c                    : BIOS.obj (.text:ti_sysbios_hal_Hwi_checkStack)
                  000104cc    00000004     --HOLE-- [fill = 0]
                  000104d0    0000003c                    : BIOS.obj (.text:ti_sysbios_heaps_HeapMem_init__I)
                  0001050c    00000004     --HOLE-- [fill = 0]
                  00010510    0000003c                    : BIOS.obj (.text:ti_sysbios_timers_rti_Timer_setPeriod__E)
                  0001054c    0000003a     libosal_xwr68xx.aer4f : HwiP_tirtos.oer4f (.text:HwiP_delete)
                  00010586    00000002     --HOLE-- [fill = 0]
                  00010588    00000038     libcli_xwr68xx.aer4f : cli_mmwave.oer4f (.text:CLI_MMWaveExtensionInit)
                  000105c0    00000038     libuart_xwr68xx.aer4f : UART.oer4f (.text:UART_init)
                  000105f8    00000036     libmmwavelink_xwr68xx.aer4f : rl_controller.oer4f (.text:rlAppendSubBlock)
                  0001062e    00000036     rtsv7R4_T_le_v3D16_eabi.lib : strncpy.obj (.text)
                  00010664    00000034     libmmwave_xwr68xx.aer4f : mmwave_link.oer4f (.text:MMWave_mboxWrite)
                  00010698    00000034     mss_main.oer4f (.text:MmwDemo_installDss2MssExceptionSignallingISR)
                  000106cc    00000034     libsoc_xwr68xx.aer4f : soc_xwr68xx_mss.oer4f (.text:SOC_hasDSPCore)
                  00010700    00000034                          : soc_xwr68xx.oer4f (.text:SOC_setMMWaveDSSLinkState)
                  00010734    00000034                          : soc_xwr68xx.oer4f (.text:SOC_setMMWaveMSSLinkState)
                  00010768    00000034     libuart_xwr68xx.aer4f : UART.oer4f (.text:UART_open)
                  0001079c    00000034     mss_mmw_per4ft.oer4ft (.text:ti_sysbios_knl_Semaphore_create)
                  000107d0    00000032     libcrc_xwr68xx.aer4f : crc.oer4f (.text:CRC_getCRCDataSelectBitValue)
                  00010802    00000002     --HOLE-- [fill = 0]
                  00010804    00000032                          : crc.oer4f (.text:CRC_getCRCTypeBitValue)
                  00010836    0000000a     --HOLE-- [fill = 0]
                  00010840    00000032     sysbios.aer4ft : BIOS.obj (.text:ti_sysbios_hal_Hwi_initStack)
                  00010872    00000030     libmmwave_xwr68xx.aer4f : mmwave_listlib.oer4f (.text:MMWave_listRemoveNode)
                  000108a2    00000002     --HOLE-- [fill = 0]
                  000108a4    00000030     libsoc_xwr68xx.aer4f : soc.oer4f (.text:SOC_getDevicePartNumber)
                  000108d4    00000030     libmmwavelink_xwr68xx.aer4f : rl_sensor.oer4f (.text:rlSensorStart)
                  00010904    00000030     mss_mmw_per4ft.oer4ft (.text:ti_sysbios_BIOS_atExitFunc__I)
                  00010934    00000030     mss_mmw_per4ft.oer4ft (.text:ti_sysbios_BIOS_startFunc__I)
                  00010964    0000000c     --HOLE-- [fill = 0]
                  00010970    00000030     sysbios.aer4ft : BIOS.obj (.text:ti_sysbios_family_arm_TaskSupport_start__E)
                  000109a0    00000030     mss_mmw_per4ft.oer4ft (.text:ti_sysbios_gates_GateHwi_Object__create__S)
                  000109d0    00000030     mss_mmw_per4ft.oer4ft (.text:ti_sysbios_gates_GateMutex_Object__create__S)
                  00010a00    00000030     mss_mmw_per4ft.oer4ft (.text:ti_sysbios_heaps_HeapMem_Object__create__S)
                  00010a30    00000030     sysbios.aer4ft : BIOS.obj (.text:ti_sysbios_heaps_HeapMem_free__E)
                  00010a60    00000030     mss_mmw_per4ft.oer4ft (.text:ti_sysbios_knl_Event_create)
                  00010a90    00000030     mss_mmw_per4ft.oer4ft (.text:ti_sysbios_knl_Semaphore_construct)
                  00010ac0    0000002f     sysbios.aer4ft : BIOS.obj (.text:xdc_runtime_Text_printVisFxn__I)
                  00010aef    00000001     --HOLE-- [fill = 0]
                  00010af0    0000002e                    : BIOS.obj (.text:ti_sysbios_knl_Event_pendTimeout__I)
                  00010b1e    00000002     --HOLE-- [fill = 0]
                  00010b20    0000002e                    : BIOS.obj (.text:ti_sysbios_knl_Semaphore_pendTimeout__I)
                  00010b4e    0000002e     mss_mmw_per4ft.oer4ft (.text:ti_sysbios_rts_MemAlloc_alloc)
                  00010b7c    0000002c     libgpio_xwr68xx.aer4f : gpio.oer4f (.text:GPIO_HighPriorityISR)
                  00010ba8    0000002c                           : gpio.oer4f (.text:GPIO_LowPriorityISR)
                  00010bd4    0000002c     libmmwave_xwr68xx.aer4f : mmwave_osal.oer4f (.text:MMWave_osalMutexCreate)
                  00010c00    0000002c                             : mmwave_osal.oer4f (.text:MMWave_osalSemCreate)
                  00010c2c    0000002c     libsoc_xwr68xx.aer4f : soc_xwr68xx_mss.oer4f (.text:SOC_waitBSSPowerUp)
                  00010c58    0000002c     libmmwavelink_xwr68xx.aer4f : rl_device.oer4f (.text:rlDeviceGetMssVersion)
                  00010c84    0000002c                                 : rl_sensor.oer4f (.text:rlSensorStop)
                  00010cb0    0000002c     rtsv7R4_T_le_v3D16_eabi.lib : unlink.obj (.text)
                  00010cdc    0000002c     mss_mmw_per4ft.oer4ft (.text:ti_sysbios_knl_Clock_doTick__I)
                  00010d08    0000002c     mss_mmw_per4ft.oer4ft (.text:ti_sysbios_knl_Queue_construct)
                  00010d34    0000000c     --HOLE-- [fill = 0]
                  00010d40    0000002c     sysbios.aer4ft : BIOS.obj (.text:ti_sysbios_knl_Swi_Module_startup__E)
                  00010d6c    00000004     --HOLE-- [fill = 0]
                  00010d70    0000002c                    : BIOS.obj (.text:ti_sysbios_timers_rti_Timer_periodicStub__E)
                  00010d9c    0000002a     libsoc_xwr68xx.aer4f : soc.oer4f (.text:SOC_SystemISR)
                  00010dc6    0000002a     libmmwavelink_xwr68xx.aer4f : rl_device.oer4f (.text:rlDeviceGetMmWaveLinkVersion)
                  00010df0    0000002a     rtsv7R4_T_le_v3D16_eabi.lib : strspn.obj (.text)
                  00010e1a    00000002     --HOLE-- [fill = 0]
                  00010e1c    00000028     libmailbox_xwr68xx.aer4f : mailbox.oer4f (.text:Mailbox_Config_init)
                  00010e44    00000028     libuart_xwr68xx.aer4f : uartsci_dma.oer4f (.text:UartSci_RxDMACallbackFxn)
                  00010e6c    00000028                           : uartsci_dma.oer4f (.text:UartSci_TxDMACallbackFxn)
                  00010e94    00000028     cli.oer4f (.text:log2Approx)
                  00010ebc    00000028     libmmwavelink_xwr68xx.aer4f : rl_driver.oer4f (.text:rlDriverConstructInMsg)
                  00010ee4    00000028     rtsv7R4_T_le_v3D16_eabi.lib : lseek.obj (.text)
                  00010f0c    00000028                                 : write.obj (.text)
                  00010f34    0000000c     --HOLE-- [fill = 0]
                  00010f40    00000028     sysbios.aer4ft : BIOS.obj (.text:ti_sysbios_knl_Idle_run__E)
                  00010f68    00000008     --HOLE-- [fill = 0]
                  00010f70    00000028                    : BIOS.obj (.text:xdc_runtime_SysStd_abort__E)
                  00010f98    00000008     --HOLE-- [fill = 0]
                  00010fa0    00000028                    : BIOS.obj (.text:xdc_runtime_System_aprintf_va__F)
                  00010fc8    00000026     libmmwavelink_xwr68xx.aer4f : rl_sensor.oer4f (.text:rlRfInitCalibConfig)
                  00010fee    00000026                                 : rl_sensor.oer4f (.text:rlRfRunTimeCalibConfig)
                  00011014    00000026                                 : rl_sensor.oer4f (.text:rlRfSetCalMonFreqLimitConfig)
                  0001103a    00000026                                 : rl_sensor.oer4f (.text:rlRfSetDeviceCfg)
                  00011060    00000026                                 : rl_sensor.oer4f (.text:rlSetAdcOutConfig)
                  00011086    00000026                                 : rl_sensor.oer4f (.text:rlSetBpmCommonConfig)
                  000110ac    00000026                                 : rl_sensor.oer4f (.text:rlSetChannelConfig)
                  000110d2    00000026                                 : rl_sensor.oer4f (.text:rlSetContModeConfig)
                  000110f8    00000026     rtsv7R4_T_le_v3D16_eabi.lib : memcmp.obj (.text)
                  0001111e    00000002     --HOLE-- [fill = 0]
                  00011120    00000026     sysbios.aer4ft : BIOS.obj (.text:xdc_runtime_System_printf_va__F)
                  00011146    00000024     libcrc_xwr68xx.aer4f : crc.oer4f (.text:CRC_isTransactionIdValid)
                  0001116a    00000002     --HOLE-- [fill = 0]
                  0001116c    00000024     libgpio_xwr68xx.aer4f : gpio.oer4f (.text:GPIO_processInterrupt)
                  00011190    00000024     mss_main.oer4f (.text:MmwDemo_notifySensorStart)
                  000111b4    00000024     libsoc_xwr68xx.aer4f : soc_xwr68xx.oer4f (.text:SOC_isMMWaveDSSOperational)
                  000111d8    00000024                          : soc_xwr68xx.oer4f (.text:SOC_isMMWaveMSSOperational)
                  000111fc    00000024     libmmwavelink_xwr68xx.aer4f : rl_sensor.oer4f (.text:rlEnableContMode)
                  00011220    00000024                                 : rl_sensor.oer4f (.text:rlRfSetCalMonTimeUnitConfig)
                  00011244    00000024                                 : rl_sensor.oer4f (.text:rlSetLowPowerModeConfig)
                  00011268    00000024     mss_mmw_per4ft.oer4ft (.text:ti_sysbios_BIOS_errorRaiseHook__I)
                  0001128c    00000024     mss_mmw_per4ft.oer4ft (.text:ti_sysbios_BIOS_registerRTSLock__I)
                  000112b0    00000024     mss_mmw_per4ft.oer4ft (.text:ti_sysbios_BIOS_removeRTSLock__I)
                  000112d4    00000024     mss_mmw_per4ft.oer4ft (.text:ti_sysbios_gates_GateMutex_Object__delete__S)
                  000112f8    00000008     --HOLE-- [fill = 0]
                  00011300    00000024     sysbios.aer4ft : BIOS.obj (.text:ti_sysbios_knl_Clock_Module_startup__E)
                  00011324    00000024     mss_mmw_per4ft.oer4ft (.text:ti_sysbios_knl_Semaphore_Object__delete__S)
                  00011348    00000008     --HOLE-- [fill = 0]
                  00011350    00000024     sysbios.aer4ft : BIOS.obj (.text:ti_sysbios_knl_Task_restoreHwi__E)
                  00011374    00000022     cli.oer4f (.text:MmwDemo_CLISensorStart)
                  00011396    00000022     libuart_xwr68xx.aer4f : uartsci.oer4f (.text:UartSci_disableRxDMA)
                  000113b8    00000022                           : uartsci.oer4f (.text:UartSci_enableRxDMA)
                  000113da    00000022     rtsv7R4_T_le_v3D16_eabi.lib : strcspn.obj (.text)
                  000113fc    00000020     libesm_xwr68xx.aer4f : esm.oer4f (.text:ESM_lowpriority_IRQ)
                  0001141c    00000020     libmmwave_xwr68xx.aer4f : mmwave_listlib.oer4f (.text:MMWave_listCat)
                  0001143c    00000020     libpinmux_xwr68xx.aer4f : pinmux.oer4f (.text:Pinmux_Unlock)
                  0001145c    00000020     libmmwavelink_xwr68xx.aer4f : rl_sensor.oer4f (.text:rlRfInit)
                  0001147c    00000004     --HOLE-- [fill = 0]
                  00011480    00000020     sysbios.aer4ft : BIOS.obj (.text:ti_sysbios_family_arm_v7a_Pmu_Module_startup__E)
                  000114a0    00000020     mss_mmw_per4ft.oer4ft (.text:ti_sysbios_family_arm_v7r_vim_Hwi_Object__delete__S)
                  000114c0    00000020     sysbios.aer4ft : BIOS.obj (.text:ti_sysbios_family_arm_v7r_vim_Hwi_disableInterrupt__E)
                  000114e0    00000020                    : BIOS.obj (.text:ti_sysbios_family_arm_v7r_vim_Hwi_enableInterrupt__E)
                  00011500    00000020     mss_mmw_per4ft.oer4ft (.text:ti_sysbios_gates_GateHwi_Object__delete__S)
                  00011520    00000020     mss_mmw_per4ft.oer4ft (.text:ti_sysbios_heaps_HeapMem_Object__delete__S)
                  00011540    00000020     mss_mmw_per4ft.oer4ft (.text:ti_sysbios_knl_Semaphore_destruct)
                  00011560    0000001e     libmmwave_xwr68xx.aer4f : mmwave_fullcfg.oer4f (.text:MMWave_internalDelChirp)
                  0001157e    0000001e     libsoc_xwr68xx.aer4f : soc_xwr68xx_mss.oer4f (.text:SOC_getOutAddr_LUTType)
                  0001159c    0000001c     libcrc_xwr68xx.aer4f : crc.oer4f (.text:CRC_releaseTransactionId)
                  000115b8    0000001c     libdma_xwr68xx.aer4f : dma.oer4f (.text:CSL_FEXTR)
                  000115d4    0000001c     libmmwave_xwr68xx.aer4f : mmwave.oer4f (.text:CSL_FEXTR)
                  000115f0    0000001c     libsoc_xwr68xx.aer4f : soc.oer4f (.text:CSL_FEXTR)
                  0001160c    0000001c                          : soc_xwr68xx.oer4f (.text:CSL_FEXTR)
                  00011628    0000001c                          : soc_xwr68xx_mss.oer4f (.text:CSL_FEXTR)
                  00011644    0000001c     libuart_xwr68xx.aer4f : uartsci.oer4f (.text:CSL_FEXTR)
                  00011660    0000001c     libmmwave_xwr68xx.aer4f : mmwave_listlib.oer4f (.text:MMWave_listRemove)
                  0001167c    0000001c     mss_main.oer4f (.text:MmwDemo_mboxWrite)
                  00011698    0000001c     mss_main.oer4f (.text:MmwDemo_mssMmwaveStartCallbackFxn)
                  000116b4    0000001c     mss_main.oer4f (.text:MmwDemo_notifySensorStop)
                  000116d0    0000001c     libsoc_xwr68xx.aer4f : soc_xwr68xx_mss.oer4f (.text:SOC_getInAddr_LUTType)
                  000116ec    0000001c     sysbios.aer4ft : arm_TaskSupport_asm.obj (.text:_ti_sysbios_family_arm_TaskSupport_glue)
                  00011708    0000001c                    : arm_TaskSupport_asm.obj (.text:_ti_sysbios_family_arm_TaskSupport_swap__E)
                  00011724    0000001c     rtsv7R4_T_le_v3D16_eabi.lib : memccpy.obj (.text)
                  00011740    0000001c     mss_mmw_per4ft.oer4ft (.text:ti_sysbios_BIOS_rtsLock__I)
                  0001175c    00000004     --HOLE-- [fill = 0]
                  00011760    0000001c     sysbios.aer4ft : BIOS.obj (.text:ti_sysbios_family_arm_v7r_vim_Hwi_clearInterrupt__E)
                  0001177c    00000004     --HOLE-- [fill = 0]
                  00011780    0000001c                    : BIOS.obj (.text:ti_sysbios_gates_GateMutex_Instance_init__E)
                  0001179c    00000004     --HOLE-- [fill = 0]
                  000117a0    0000001c                    : BIOS.obj (.text:ti_sysbios_gates_GateMutex_leave__E)
                  000117bc    0000001c     mss_mmw_per4ft.oer4ft (.text:ti_sysbios_knl_Queue_destruct)
                  000117d8    0000001a     libmmwave_xwr68xx.aer4f : mmwave_dualcore.oer4f (.text:MMWave_deviceSyncFxn)
                  000117f2    0000001a                             : mmwave.oer4f (.text:MMWave_encodeError)
                  0001180c    0000001a                             : mmwave_listlib.oer4f (.text:MMWave_listAdd)
                  00011826    0000001a     mss_mmw_per4ft.oer4ft (.text:free)
                  00011840    0000001a     libmmwavelink_xwr68xx.aer4f : rl_sensor.oer4f (.text:rlGetRfDieId)
                  0001185a    0000001a     rtsv7R4_T_le_v3D16_eabi.lib : s_copysign.obj (.text)
                  00011874    0000001a     mss_mmw_per4ft.oer4ft (.text:ti_sysbios_gates_GateHwi_Handle__label__S)
                  0001188e    0000001a     mss_mmw_per4ft.oer4ft (.text:ti_sysbios_gates_GateMutex_Handle__label__S)
                  000118a8    0000001a     mss_mmw_per4ft.oer4ft (.text:ti_sysbios_heaps_HeapMem_Handle__label__S)
                  000118c2    0000001a     mss_mmw_per4ft.oer4ft (.text:xdc_runtime_System_aprintf__E)
                  000118dc    0000001a     mss_mmw_per4ft.oer4ft (.text:xdc_runtime_System_printf__E)
                  000118f6    00000002     --HOLE-- [fill = 0]
                  000118f8    00000018     libcli_xwr68xx.aer4f : cli_mmwave.oer4f (.text:CLI_getMMWaveExtensionOpenConfig)
                  00011910    00000018     libmmwave_xwr68xx.aer4f : mmwave_osal.oer4f (.text:MMWave_osalMutexLock)
                  00011928    00000018                             : mmwave_osal.oer4f (.text:MMWave_osalSemWait)
                  00011940    00000018     libmailbox_xwr68xx.aer4f : mailbox.oer4f (.text:Mailbox_boxEmptyISRBss)
                  00011958    00000018                              : mailbox.oer4f (.text:Mailbox_boxEmptyISRMssDss)
                  00011970    00000018                              : mailbox.oer4f (.text:Mailbox_boxFullISRBss)
                  00011988    00000018     mss_main.oer4f (.text:MmwDemo_switchPressFxn)
                  000119a0    00000018     libmmwavelink_xwr68xx.aer4f : rl_device.oer4f (.text:rlDeviceGetRfVersion)
                  000119b8    00000018                                 : rl_driver.oer4f (.text:rlDriverCalCRC)
                  000119d0    00000018                                 : rl_driver.oer4f (.text:rlDriverFillPayload)
                  000119e8    00000018     rtsv7R4_T_le_v3D16_eabi.lib : args_main.obj (.text)
                  00011a00    00000018                                 : strcmp.obj (.text)
                  00011a18    00000018     mss_mmw_per4ft.oer4ft (.text:ti_sysbios_BIOS_rtsUnlock__I)
                  00011a30    00000018     sysbios.aer4ft : BIOS.obj (.text:ti_sysbios_family_arm_v7a_Pmu_initCounters__I)
                  00011a48    00000018     mss_mmw_per4ft.oer4ft (.text:ti_sysbios_family_arm_v7r_vim_Hwi_Module__startupDone__F)
                  00011a60    00000018     mss_mmw_per4ft.oer4ft (.text:ti_sysbios_family_arm_v7r_vim_Hwi_Params__init__S)
                  00011a78    00000018     mss_mmw_per4ft.oer4ft (.text:ti_sysbios_knl_Semaphore_Params__init__S)
                  00011a90    00000018     mss_mmw_per4ft.oer4ft (.text:ti_sysbios_knl_Task_Params__init__S)
                  00011aa8    00000008     --HOLE-- [fill = 0]
                  00011ab0    00000018     sysbios.aer4ft : BIOS.obj (.text:ti_sysbios_knl_Task_enter__I)
                  00011ac8    00000018     mss_mmw_per4ft.oer4ft (.text:ti_sysbios_timers_rti_Timer_Module__startupDone__F)
                  00011ae0    00000018     sysbios.aer4ft : BIOS.obj (.text:xdc_runtime_Error_init__E)
                  00011af8    00000016     rtsv7R4_T_le_v3D16_eabi.lib : strchr.obj (.text)
                  00011b0e    00000016                                 : strlen.obj (.text)
                  00011b24    00000016     mss_mmw_per4ft.oer4ft (.text:ti_sysbios_BIOS_exitFunc__I)
                  00011b3a    00000006     --HOLE-- [fill = 0]
                  00011b40    00000016     sysbios.aer4ft : BIOS.obj (.text:ti_sysbios_knl_Idle_loop__E)
                  00011b56    0000000a     --HOLE-- [fill = 0]
                  00011b60    00000016                    : BIOS.obj (.text:ti_sysbios_knl_Task_sleepTimeout__I)
                  00011b76    00000014     libosal_xwr68xx.aer4f : HwiP_tirtos.oer4f (.text:HwiP_Params_init)
                  00011b8a    00000014     libmmwave_xwr68xx.aer4f : mmwave_fullcfg.oer4f (.text:MMWave_internalDelBpmChirp)
                  00011b9e    00000014                             : mmwave_fullcfg.oer4f (.text:MMWave_internalDelProfile)
                  00011bb2    00000014                             : mmwave_osal.oer4f (.text:MMWave_osalMutexDelete)
                  00011bc6    00000014                             : mmwave_osal.oer4f (.text:MMWave_osalSemDelete)
                  00011bda    00000002     --HOLE-- [fill = 0]
                  00011bdc    00000014     libpinmux_xwr68xx.aer4f : pinmux.oer4f (.text:Pinmux_Lock)
                  00011bf0    00000014     libuart_xwr68xx.aer4f : uartsci.oer4f (.text:UartSci_disableTxDMA)
                  00011c04    00000014                           : uartsci.oer4f (.text:UartSci_enableTxDMA)
                  00011c18    00000014     libosal_xwr68xx.aer4f : DebugP_tirtos.oer4f (.text:_DebugP_assert)
                  00011c2c    00000014     libmmwavelink_xwr68xx.aer4f : rl_controller.oer4f (.text:rlAppendDummy)
                  00011c40    00000014                                 : rl_driver.oer4f (.text:rlDriverIsDeviceMapValid)
                  00011c54    00000014     rtsv7R4_T_le_v3D16_eabi.lib : _lock.obj (.text)
                  00011c68    00000014                                 : strcpy.obj (.text)
                  00011c7c    00000014     mss_mmw_per4ft.oer4ft (.text:ti_sysbios_heaps_HeapMem_Object__get__S)
                  00011c90    00000014     sysbios.aer4ft : BIOS.obj (.text:ti_sysbios_knl_Event_Instance_init__E)
                  00011ca4    00000014     mss_mmw_per4ft.oer4ft (.text:ti_sysbios_knl_Swi_Object__get__S)
                  00011cb8    00000012     libcrc_xwr68xx.aer4f : crc.oer4f (.text:CRC_initConfigParams)
                  00011cca    00000012     libmmwave_xwr68xx.aer4f : mmwave_dualcore.oer4f (.text:MMWave_deviceGetDeviceInfo)
                  00011cdc    00000012     libosal_xwr68xx.aer4f : MemoryP_tirtos.oer4f (.text:MemoryP_ctrlAlloc)
                  00011cee    00000012                           : SemaphoreP_tirtos.oer4f (.text:SemaphoreP_pend)
                  00011d00    00000012     sysbios.aer4ft : BIOS.obj (.text:ti_sysbios_hal_Hwi_Module_startup__E)
                  00011d12    00000012     mss_mmw_per4ft.oer4ft (.text:xdc_runtime_Startup_exec__I)
                  00011d24    00000010     libcli_xwr68xx.aer4f : cli_mmwave.oer4f (.text:CLI_getMMWaveExtensionConfig)
                  00011d34    00000010     libcrc_xwr68xx.aer4f : crc.oer4f (.text:CRC_getSignatureRegister)
                  00011d44    00000010     mss_main.oer4f (.text:MmwDemo_mssMmwaveConfigCallbackFxn)
                  00011d54    00000010     mss_main.oer4f (.text:MmwDemo_mssMmwaveStopCallbackFxn)
                  00011d64    0000000c     --HOLE-- [fill = 0]
                  00011d70    00000010     sysbios.aer4ft : BIOS.obj (.text:ti_sysbios_BIOS_setThreadType__E)
                  00011d80    00000010                    : BIOS.obj (.text:ti_sysbios_BIOS_start__E)
                  00011d90    00000010                    : BIOS.obj (.text:ti_sysbios_family_arm_v7a_Pmu_disableInterruptI__E)
                  00011da0    00000010                    : BIOS.obj (.text:ti_sysbios_family_arm_v7a_Pmu_enableInterruptI__E)
                  00011db0    00000010                    : BIOS.obj (.text:ti_sysbios_family_arm_v7a_Pmu_getNumCounters__E)
                  00011dc0    00000010                    : BIOS.obj (.text:ti_sysbios_family_arm_v7a_Pmu_startCounterI__E)
                  00011dd0    00000010                    : BIOS.obj (.text:ti_sysbios_family_arm_v7a_Pmu_stopCounterI__E)
                  00011de0    00000010                    : BIOS.obj (.text:ti_sysbios_gates_GateMutex_Instance_finalize__E)
                  00011df0    00000010     mss_mmw_per4ft.oer4ft (.text:ti_sysbios_heaps_HeapBuf_Object__get__S)
                  00011e00    00000010     sysbios.aer4ft : BIOS.obj (.text:ti_sysbios_knl_Semaphore_Instance_finalize__E)
                  00011e10    00000010                    : BIOS.obj (.text:ti_sysbios_knl_Swi_disable__E)
                  00011e20    00000010     mss_mmw_per4ft.oer4ft (.text:ti_sysbios_knl_Task_Object__get__S)
                  00011e30    00000010     sysbios.aer4ft : BIOS.obj (.text:ti_sysbios_knl_Task_disable__E)
                  00011e40    00000010                    : BIOS.obj (.text:xdc_runtime_Memory_free__E)
                  00011e50    00000010     mss_mmw_per4ft.oer4ft (.text:xdc_runtime_Text_visitRope__I)
                  00011e60    0000000e     libosal_xwr68xx.aer4f : SemaphoreP_tirtos.oer4f (.text:SemaphoreP_delete)
                  00011e6e    0000000e     rtsv7R4_T_le_v3D16_eabi.lib : copy_decompress_none.obj (.text:decompress:none)
                  00011e7c    00000004     --HOLE-- [fill = 0]
                  00011e80    0000000e     sysbios.aer4ft : BIOS.obj (.text:ti_sysbios_knl_Queue_empty__E)
                  00011e8e    00000002     --HOLE-- [fill = 0]
                  00011e90    0000000c                    : BIOS.obj (.text:ti_sysbios_family_arm_TaskSupport_checkStack__E)
                  00011e9c    00000004     --HOLE-- [fill = 0]
                  00011ea0    0000000c                    : BIOS.obj (.text:ti_sysbios_family_arm_TaskSupport_getStackAlignment__E)
                  00011eac    00000004     --HOLE-- [fill = 0]
                  00011eb0    0000000c                    : BIOS.obj (.text:ti_sysbios_family_arm_exc_Exception_Module_startup__E)
                  00011ebc    00000004     --HOLE-- [fill = 0]
                  00011ec0    0000000c                    : BIOS.obj (.text:ti_sysbios_family_arm_v7r_vim_Hwi_switchFromBootStack__E)
                  00011ecc    00000004     --HOLE-- [fill = 0]
                  00011ed0    0000000c                    : BIOS.obj (.text:xdc_runtime_Startup_rtsDone__E)
                  00011edc    00000004     --HOLE-- [fill = 0]
                  00011ee0    0000000c                    : BIOS.obj (.text:xdc_runtime_SysStd_exit__E)
                  00011eec    00000004     --HOLE-- [fill = 0]
                  00011ef0    00000008                    : BIOS.obj (.text:ti_sysbios_gates_GateHwi_enter__E)
                  00011ef8    00000008     --HOLE-- [fill = 0]
                  00011f00    00000006                    : BIOS.obj (.text:ti_sysbios_family_arm_v7r_vim_Hwi_startup__E)
                  00011f06    0000000a     --HOLE-- [fill = 0]
                  00011f10    00000006                    : BIOS.obj (.text:ti_sysbios_gates_GateHwi_leave__E)
                  00011f16    0000000a     --HOLE-- [fill = 0]
                  00011f20    00000006                    : BIOS.obj (.text:ti_sysbios_heaps_HeapMem_isBlocking__E)
                  00011f26    0000000a     --HOLE-- [fill = 0]
                  00011f30    00000006                    : BIOS.obj (.text:ti_sysbios_knl_Queue_Instance_init__E)
                  00011f36    0000000a     --HOLE-- [fill = 0]
                  00011f40    00000006                    : BIOS.obj (.text:xdc_runtime_System_Module_startup__E)
                  00011f46    0000000a     --HOLE-- [fill = 0]
                  00011f50    00000004                    : BIOS.obj (.text:ti_sysbios_gates_GateHwi_query__E)
                  00011f54    0000000c     --HOLE-- [fill = 0]
                  00011f60    00000004                    : BIOS.obj (.text:ti_sysbios_gates_GateMutex_query__E)
                  00011f64    0000000c     --HOLE-- [fill = 0]
                  00011f70    00000004                    : BIOS.obj (.text:ti_sysbios_knl_Task_startup__E)
                  00011f74    0000000c     --HOLE-- [fill = 0]
                  00011f80    00000004                    : BIOS.obj (.text:ti_sysbios_timers_rti_Timer_getMaxTicks__E)
                  00011f84    0000000c     --HOLE-- [fill = 0]
                  00011f90    00000004                    : BIOS.obj (.text:xdc_runtime_SysStd_putch__E)
                  00011f94    0000000c     --HOLE-- [fill = 0]
                  00011fa0    00000004                    : BIOS.obj (.text:xdc_runtime_SysStd_ready__E)
                  00011fa4    0000000c     --HOLE-- [fill = 0]
                  00011fb0    00000002                    : BIOS.obj (.text:ti_sysbios_BIOS_linkedWithIncorrectBootLibrary__E)
                  00011fb2    0000000e     --HOLE-- [fill = 0]
                  00011fc0    00000002                    : BIOS.obj (.text:ti_sysbios_gates_GateHwi_Instance_init__E)

.const     0    00011fc8    0000290e     
                  00011fc8    00001b6f     mss_mmw_per4ft.oer4ft (.const:xdc_runtime_Text_charTab__A)
                  00013b37    00000001     --HOLE-- [fill = 0]
                  00013b38    000002b8     libmmwavelink_xwr68xx.aer4f : rl_sensor.oer4f (.const:$O1$$)
                  00013df0    00000101     rtsv7R4_T_le_v3D16_eabi.lib : ctype.obj (.const:.string:_ctypes_)
                  00013ef1    00000001     --HOLE-- [fill = 0]
                  00013ef2    000000d8     mss_mmw_per4ft.oer4ft (.const:xdc_runtime_Text_nodeTab__A)
                  00013fca    00000002     mss_mmw_per4ft.oer4ft (.const:ti_sysbios_family_arm_exc_Exception_Module__id__C)
                  00013fcc    000000a0     libcli_xwr68xx.aer4f : cli_mmwave.oer4f (.const:.string)
                  0001406c    00000004                          : cli.oer4f (.const:.string:$P$T0$1)
                  00014070    00000098     rtsv7R4_T_le_v3D16_eabi.lib : strtod.obj (.const:$O1$$)
                  00014108    00000088     libmmwavelink_xwr68xx.aer4f : rl_driver.oer4f (.const:$O2$$)
                  00014190    00000080     mss_mmw_per4ft.oer4ft (.const:ti_sysbios_family_arm_v7r_vim_Hwi_channelMap__A)
                  00014210    00000058     mss_mmw_per4ft.oer4ft (.const:.string)
                  00014268    00000044     mss_mmw_per4ft.oer4ft (.const:ti_sysbios_knl_Task_Object__PARAMS__C)
                  000142ac    0000003c     libuart_xwr68xx.aer4f : UART.oer4f (.const:UART_defaultParams)
                  000142e8    00000030     mss_mmw_per4ft.oer4ft (.const:ti_sysbios_family_arm_v7r_vim_Hwi_Object__PARAMS__C)
                  00014318    0000002c     mss_mmw_per4ft.oer4ft (.const:xdc_runtime_Startup_sfxnTab__A)
                  00014344    00000028     mss_mmw_per4ft.oer4ft (.const:ti_sysbios_heaps_HeapMem_Module__FXNS__C)
                  0001436c    00000024     libmailbox_xwr68xx.aer4f : mailbox.oer4f (.const:Mailbox_defaultCfg)
                  00014390    00000024     mss_mmw_per4ft.oer4ft (.const:ti_sysbios_gates_GateHwi_Module__FXNS__C)
                  000143b4    00000024     mss_mmw_per4ft.oer4ft (.const:ti_sysbios_gates_GateMutex_Module__FXNS__C)
                  000143d8    00000024     mss_mmw_per4ft.oer4ft (.const:ti_sysbios_heaps_HeapMem_Object__PARAMS__C)
                  000143fc    00000024     mss_mmw_per4ft.oer4ft (.const:ti_sysbios_knl_Semaphore_Object__PARAMS__C)
                  00014420    00000020     libcli_xwr68xx.aer4f : cli_mmwave.oer4f (.const:$P$T0$1)
                  00014440    00000020     mss_mmw_per4ft.oer4ft (.const:ti_sysbios_family_arm_v7r_vim_Hwi_Object__DESC__C)
                  00014460    00000020     mss_mmw_per4ft.oer4ft (.const:ti_sysbios_gates_GateHwi_Object__DESC__C)
                  00014480    00000020     mss_mmw_per4ft.oer4ft (.const:ti_sysbios_gates_GateMutex_Object__DESC__C)
                  000144a0    00000020     mss_mmw_per4ft.oer4ft (.const:ti_sysbios_heaps_HeapMem_Object__DESC__C)
                  000144c0    00000020     mss_mmw_per4ft.oer4ft (.const:ti_sysbios_knl_Event_Object__DESC__C)
                  000144e0    00000020     mss_mmw_per4ft.oer4ft (.const:ti_sysbios_knl_Queue_Object__DESC__C)
                  00014500    00000020     mss_mmw_per4ft.oer4ft (.const:ti_sysbios_knl_Semaphore_Object__DESC__C)
                  00014520    00000020     mss_mmw_per4ft.oer4ft (.const:ti_sysbios_knl_Task_Object__DESC__C)
                  00014540    00000018     mss_mmw_per4ft.oer4ft (.const:ti_sysbios_gates_GateHwi_Object__PARAMS__C)
                  00014558    00000018     mss_mmw_per4ft.oer4ft (.const:ti_sysbios_gates_GateMutex_Object__PARAMS__C)
                  00014570    00000018     mss_mmw_per4ft.oer4ft (.const:ti_sysbios_knl_Event_Object__PARAMS__C)
                  00014588    00000018     mss_mmw_per4ft.oer4ft (.const:ti_sysbios_knl_Queue_Object__PARAMS__C)
                  000145a0    00000016     mss_mmw_per4ft.oer4ft (.const:xdc_runtime_Startup_sfxnRts__A)
                  000145b6    00000002     mss_mmw_per4ft.oer4ft (.const:ti_sysbios_family_arm_v7a_Pmu_Module__id__C)
                  000145b8    00000010     mss_mmw_per4ft.oer4ft (.const:ti_sysbios_family_arm_v7r_vim_Hwi_intReqEnaSet__A)
                  000145c8    00000010     mss_mmw_per4ft.oer4ft (.const:ti_sysbios_family_arm_v7r_vim_Hwi_wakeEnaSet__A)
                  000145d8    00000008     mss_mmw_per4ft.oer4ft (.const:ti_sysbios_knl_Idle_funcList__A)
                  000145e0    00000008     mss_mmw_per4ft.oer4ft (.const:ti_sysbios_knl_Idle_funcList__C)
                  000145e8    00000008     mss_mmw_per4ft.oer4ft (.const:xdc_runtime_Startup_firstFxns__A)
                  000145f0    00000008     mss_mmw_per4ft.oer4ft (.const:xdc_runtime_Startup_firstFxns__C)
                  000145f8    00000008     mss_mmw_per4ft.oer4ft (.const:xdc_runtime_Startup_lastFxns__C)
                  00014600    00000004     mss_mmw_per4ft.oer4ft (.const:ti_sysbios_family_arm_TaskSupport_stackAlignment__C)
                  00014604    00000004     mss_mmw_per4ft.oer4ft (.const:ti_sysbios_family_arm_exc_Exception_E_dataAbort__C)
                  00014608    00000004     mss_mmw_per4ft.oer4ft (.const:ti_sysbios_family_arm_exc_Exception_E_prefetchAbort__C)
                  0001460c    00000004     mss_mmw_per4ft.oer4ft (.const:ti_sysbios_family_arm_exc_Exception_E_swi__C)
                  00014610    00000004     mss_mmw_per4ft.oer4ft (.const:ti_sysbios_family_arm_exc_Exception_E_undefinedInstruction__C)
                  00014614    00000004     mss_mmw_per4ft.oer4ft (.const:ti_sysbios_family_arm_exc_Exception_excHookFuncs__A)
                  00014618    00000004     mss_mmw_per4ft.oer4ft (.const:ti_sysbios_family_arm_exc_Exception_excHookFuncs__C)
                  0001461c    00000004     mss_mmw_per4ft.oer4ft (.const:ti_sysbios_family_arm_v7a_Pmu_A_invalidCounterId__C)
                  00014620    00000004     mss_mmw_per4ft.oer4ft (.const:ti_sysbios_family_arm_v7a_Pmu_Module__diagsEnabled__C)
                  00014624    00000004     mss_mmw_per4ft.oer4ft (.const:ti_sysbios_family_arm_v7a_Pmu_Module__diagsIncluded__C)
                  00014628    00000004     mss_mmw_per4ft.oer4ft (.const:ti_sysbios_family_arm_v7a_Pmu_Module__diagsMask__C)
                  0001462c    00000004     mss_mmw_per4ft.oer4ft (.const:ti_sysbios_family_arm_v7r_tms570_Core_E_mismatchedIds__C)
                  00014630    00000004     mss_mmw_per4ft.oer4ft (.const:ti_sysbios_family_arm_v7r_tms570_Core_id__C)
                  00014634    00000004     mss_mmw_per4ft.oer4ft (.const:ti_sysbios_family_arm_v7r_vim_Hwi_A_badChannelId__C)
                  00014638    00000004     mss_mmw_per4ft.oer4ft (.const:ti_sysbios_family_arm_v7r_vim_Hwi_E_alreadyDefined__C)
                  0001463c    00000004     mss_mmw_per4ft.oer4ft (.const:ti_sysbios_family_arm_v7r_vim_Hwi_E_badIntNum__C)
                  00014640    00000004     mss_mmw_per4ft.oer4ft (.const:ti_sysbios_family_arm_v7r_vim_Hwi_E_phantomInterrupt__C)
                  00014644    00000004     mss_mmw_per4ft.oer4ft (.const:ti_sysbios_family_arm_v7r_vim_Hwi_E_undefined__C)
                  00014648    00000004     mss_mmw_per4ft.oer4ft (.const:ti_sysbios_family_arm_v7r_vim_Hwi_E_unsupportedMaskingOption__C)
                  0001464c    00000004     mss_mmw_per4ft.oer4ft (.const:ti_sysbios_family_arm_v7r_vim_Hwi_LD_end__C)
                  00014650    00000004     mss_mmw_per4ft.oer4ft (.const:ti_sysbios_family_arm_v7r_vim_Hwi_LM_begin__C)
                  00014654    00000004     mss_mmw_per4ft.oer4ft (.const:ti_sysbios_family_arm_v7r_vim_Hwi_Module__diagsEnabled__C)
                  00014658    00000004     mss_mmw_per4ft.oer4ft (.const:ti_sysbios_family_arm_v7r_vim_Hwi_Module__diagsIncluded__C)
[...]
000146d8  ti_sysbios_heaps_HeapMem_Object__count__C                            
000146dc  ti_sysbios_heaps_HeapMem_reqAlign__C                                 
000146e0  ti_sysbios_knl_Clock_LM_begin__C                                     
000146e4  ti_sysbios_knl_Clock_LM_tick__C                                      
000146e8  ti_sysbios_knl_Clock_LW_delayed__C                                   
000146ec  ti_sysbios_knl_Clock_Module_State_clockQ__O                          
000146f0  ti_sysbios_knl_Clock_Module__diagsEnabled__C                         
000146f4  ti_sysbios_knl_Clock_Module__diagsIncluded__C                        
000146f8  ti_sysbios_knl_Clock_Module__diagsMask__C                            
000146fc  ti_sysbios_knl_Clock_Module__loggerFxn1__C                           
00014700  ti_sysbios_knl_Clock_Module__loggerFxn2__C                           
00014704  ti_sysbios_knl_Clock_Module__loggerObj__C                            
00014708  ti_sysbios_knl_Event_A_badContext__C                                 
0001470c  ti_sysbios_knl_Event_A_eventInUse__C                                 
00014710  ti_sysbios_knl_Event_A_nullEventId__C                                
00014714  ti_sysbios_knl_Event_A_nullEventMasks__C                             
00014718  ti_sysbios_knl_Event_A_pendTaskDisabled__C                           
0001471c  ti_sysbios_knl_Event_Instance_State_pendQ__O                         
00014720  ti_sysbios_knl_Event_LM_pend__C                                      
00014724  ti_sysbios_knl_Event_LM_post__C                                      
00014728  ti_sysbios_knl_Event_Module__diagsEnabled__C                         
0001472c  ti_sysbios_knl_Event_Module__diagsIncluded__C                        
00014730  ti_sysbios_knl_Event_Module__diagsMask__C                            
00014734  ti_sysbios_knl_Event_Module__loggerFxn4__C                           
00014738  ti_sysbios_knl_Event_Module__loggerFxn8__C                           
0001473c  ti_sysbios_knl_Event_Module__loggerObj__C                            
00014740  ti_sysbios_knl_Semaphore_A_badContext__C                             
00014744  ti_sysbios_knl_Semaphore_A_noEvents__C                               
00014748  ti_sysbios_knl_Semaphore_A_overflow__C                               
0001474c  ti_sysbios_knl_Semaphore_A_pendTaskDisabled__C                       
00014750  ti_sysbios_knl_Semaphore_Instance_State_pendQ__O                     
00014754  ti_sysbios_knl_Semaphore_LM_pend__C                                  
00014758  ti_sysbios_knl_Semaphore_LM_post__C                                  
0001475c  ti_sysbios_knl_Semaphore_Module__diagsEnabled__C                     
00014760  ti_sysbios_knl_Semaphore_Module__diagsIncluded__C                    
00014764  ti_sysbios_knl_Semaphore_Module__diagsMask__C                        
00014768  ti_sysbios_knl_Semaphore_Module__loggerFxn2__C                       
0001476c  ti_sysbios_knl_Semaphore_Module__loggerFxn4__C                       
00014770  ti_sysbios_knl_Semaphore_Module__loggerObj__C                        
00014774  ti_sysbios_knl_Swi_LD_end__C                                         
00014778  ti_sysbios_knl_Swi_LM_begin__C                                       
0001477c  ti_sysbios_knl_Swi_LM_post__C                                        
00014780  ti_sysbios_knl_Swi_Module__diagsEnabled__C                           
00014784  ti_sysbios_knl_Swi_Module__diagsIncluded__C                          
00014788  ti_sysbios_knl_Swi_Module__diagsMask__C                              
0001478c  ti_sysbios_knl_Swi_Module__loggerFxn1__C                             
00014790  ti_sysbios_knl_Swi_Module__loggerFxn4__C                             
00014794  ti_sysbios_knl_Swi_Module__loggerObj__C                              
00014798  ti_sysbios_knl_Swi_Object__count__C                                  
0001479c  ti_sysbios_knl_Task_A_badPriority__C                                 
000147a0  ti_sysbios_knl_Task_A_badTaskState__C                                
000147a4  ti_sysbios_knl_Task_A_badThreadType__C                               
000147a8  ti_sysbios_knl_Task_A_badTimeout__C                                  
000147ac  ti_sysbios_knl_Task_A_noPendElem__C                                  
000147b0  ti_sysbios_knl_Task_A_sleepTaskDisabled__C                           
000147b4  ti_sysbios_knl_Task_E_spOutOfBounds__C                               
000147b8  ti_sysbios_knl_Task_E_stackOverflow__C                               
000147bc  ti_sysbios_knl_Task_LD_block__C                                      
000147c0  ti_sysbios_knl_Task_LD_exit__C                                       
000147c4  ti_sysbios_knl_Task_LD_ready__C                                      
000147c8  ti_sysbios_knl_Task_LM_sleep__C                                      
000147cc  ti_sysbios_knl_Task_LM_switch__C                                     
000147d0  ti_sysbios_knl_Task_Module_State_inactiveQ__O                        
000147d4  ti_sysbios_knl_Task_Module__diagsEnabled__C                          
000147d8  ti_sysbios_knl_Task_Module__diagsIncluded__C                         
000147dc  ti_sysbios_knl_Task_Module__diagsMask__C                             
000147e0  ti_sysbios_knl_Task_Module__loggerFxn2__C                            
000147e4  ti_sysbios_knl_Task_Module__loggerFxn4__C                            
000147e8  ti_sysbios_knl_Task_Module__loggerObj__C                             
000147ec  ti_sysbios_knl_Task_Object__count__C                                 
000147f0  ti_sysbios_knl_Task_allBlockedFunc__C                                
000147f4  ti_sysbios_knl_Task_defaultStackHeap__C                              
000147f8  ti_sysbios_knl_Task_defaultStackSize__C                              
000147fc  ti_sysbios_knl_Task_numConstructedTasks__C                           
00014800  ti_sysbios_timers_rti_Timer_E_cannotSupport__C                       
00014804  ti_sysbios_timers_rti_Timer_Module__diagsEnabled__C                  
00014808  ti_sysbios_timers_rti_Timer_Module__diagsIncluded__C                 
0001480c  ti_sysbios_timers_rti_Timer_Module__diagsMask__C                     
00014810  ti_sysbios_timers_rti_Timer_numTimerDevices__C                       
00014814  ti_sysbios_timers_rti_Timer_startupNeeded__C                         
00014818  xdc_runtime_Assert_E_assertFailed__C                                 
0001481c  xdc_runtime_Core_A_initializedParams__C                              
00014820  xdc_runtime_Core_Module__diagsEnabled__C                             
00014824  xdc_runtime_Core_Module__diagsIncluded__C                            
00014828  xdc_runtime_Core_Module__diagsMask__C                                
0001482c  xdc_runtime_Error_E_memory__C                                        
00014830  xdc_runtime_Error_Module__diagsEnabled__C                            
00014834  xdc_runtime_Error_Module__diagsIncluded__C                           
00014838  xdc_runtime_Error_Module__diagsMask__C                               
0001483c  xdc_runtime_Error_Module__loggerFxn8__C                              
00014840  xdc_runtime_Error_Module__loggerObj__C                               
00014844  xdc_runtime_Error_policyFxn__C                                       
00014848  xdc_runtime_Error_policy__C                                          
0001484c  xdc_runtime_Error_raiseHook__C                                       
00014850  xdc_runtime_IGateProvider_Interface__BASE__C                         
00014854  xdc_runtime_IHeap_Interface__BASE__C                                 
00014858  xdc_runtime_IModule_Interface__BASE__C                               
0001485c  xdc_runtime_Log_L_error__C                                           
00014860  xdc_runtime_Memory_defaultHeapInstance__C                            
00014864  xdc_runtime_Startup_execImpl__C                                      
00014868  xdc_runtime_Startup_maxPasses__C                                     
0001486c  xdc_runtime_Startup_sfxnRts__C                                       
00014870  xdc_runtime_Startup_sfxnTab__C                                       
00014874  xdc_runtime_System_Module__gateObj__C                                
00014878  xdc_runtime_System_abortFxn__C                                       
0001487c  xdc_runtime_System_exitFxn__C                                        
00014880  xdc_runtime_System_extendFxn__C                                      
00014884  xdc_runtime_System_maxAtexitHandlers__C                              
00014888  xdc_runtime_Text_charTab__C                                          
0001488c  xdc_runtime_Text_nameEmpty__C                                        
00014890  xdc_runtime_Text_nameStatic__C                                       
00014894  xdc_runtime_Text_nameUnknown__C                                      
00014898  xdc_runtime_Text_nodeTab__C                                          
0001489c  xdc_runtime_Text_visitRopeFxn__C                                     
000148a0  ti_sysbios_family_arm_v7r_tms570_Core_Module__id__C                  
000148a2  ti_sysbios_family_arm_v7r_vim_Hwi_Module__id__C                      
000148a4  ti_sysbios_family_arm_v7r_vim_Hwi_Module__loggerDefined__C           
000148a6  ti_sysbios_gates_GateMutex_Module__id__C                             
000148a8  ti_sysbios_hal_Hwi_Module__id__C                                     
000148aa  ti_sysbios_heaps_HeapMem_Module__id__C                               
000148ac  ti_sysbios_knl_Clock_Module__id__C                                   
000148ae  ti_sysbios_knl_Clock_Module__loggerDefined__C                        
000148b0  ti_sysbios_knl_Event_Module__id__C                                   
000148b2  ti_sysbios_knl_Event_Module__loggerDefined__C                        
000148b4  ti_sysbios_knl_Semaphore_Module__id__C                               
000148b6  ti_sysbios_knl_Semaphore_Module__loggerDefined__C                    
000148b8  ti_sysbios_knl_Swi_Module__id__C                                     
000148ba  ti_sysbios_knl_Swi_Module__loggerDefined__C                          
000148bc  ti_sysbios_knl_Task_Module__id__C                                    
000148be  ti_sysbios_knl_Task_Module__loggerDefined__C                         
000148c0  ti_sysbios_timers_rti_Timer_Module__id__C                            
000148c2  ti_sysbios_timers_rti_Timer_continueOnSuspend__C                     
000148c4  xdc_runtime_Core_Module__id__C                                       
000148c6  xdc_runtime_Error_Module__loggerDefined__C                           
000148c8  xdc_runtime_Error_maxDepth__C                                        
000148ca  xdc_runtime_Main_Module__id__C                                       
000148cc  xdc_runtime_Memory_Module__id__C                                     
000148ce  xdc_runtime_Text_charCnt__C                                          
000148d0  xdc_runtime_Text_isLoaded__C                                         
000148d2  xdc_runtime_Text_registryModsLastId__C                               
000148d4  xdc_runtime_Text_unnamedModsLastId__C                                
000148d8  __TI_static_base__                                                   
00014cc0  __TI_Handler_Table_Base                                              
00014ccc  __TI_Handler_Table_Limit                                             
00014ce8  __TI_CINIT_Base                                                      
00014d08  __TI_CINIT_Limit                                                     
08000000  ti_sysbios_heaps_HeapMem_Instance_State_0_buf__A                     
08008000  ti_sysbios_family_arm_exc_Exception_Module_State_0_excStack_0__A     
08009000  ti_sysbios_knl_Task_Instance_State_0_stack__A                        
08009800  gMmwMssMCB                                                           
08009bd8  gCLI                                                                 
08009d80  gGPIOMCB                                                             
08009f14  __CIOBUF_                                                            
0800a034  gMMWave_MCB                                                          
0800a134  __TI_tmpnams                                                         
0800a1d4  gEsmMCB                                                              
0800a244  gMMWave_DualcoreMCB                                                  
0800a24c  parmbuf                                                              
0800a258  rl_txMsg                                                             
0800a358  rl_rxMsg                                                             
0800a640  gCLI_mmwave_freq_scale_factor                                        
0800a648  gCLIMMWaveOpenCfg                                                    
0800a670  gCLIMMWaveExtensionTable                                             
0800a718  gCLIMMWaveControlCfg                                                 
0800a7e4  partInfoStringArray                                                  
0800a9a8  ti_sysbios_family_arm_v7r_vim_Hwi_Module_State_0_dispatchTable__A    
0800aba8  _ftable                                                              
0800ac98  ti_sysbios_knl_Swi_Module_State_0_readyQ__A                          
0800ad18  ti_sysbios_knl_Task_Module_State_0_readyQ__A                         
0800ad98  _device                                                              
0800ae10  ti_sysbios_knl_Task_Object__table__V                                 
0800ae6c  gUartSciHwCfg                                                        
0800aec4  _stream                                                              
0800af14  gMailboxMCB                                                          
0800af64  ti_sysbios_knl_Task_Module__state__V                                 
0800afac  SOC_TranslateAddr_LUT                                                
0800afec  ti_sysbios_gates_GateMutex_Object__table__V                          
0800b02c  ti_sysbios_timers_rti_Timer_Object__table__V                         
0800b068  ti_sysbios_family_arm_v7r_vim_Hwi_Module__state__V                   
0800b09c  ti_sysbios_knl_Swi_Object__table__V                                  
0800b0cc  ti_sysbios_family_arm_v7r_vim_Hwi_Object__table__V                   
0800b0f8  ti_sysbios_knl_Clock_Module__state__V                                
0800b124  gUartSciFxnTable                                                     
0800b14c  UART_config                                                          
0800b170  ti_sysbios_BIOS_Module__state__V                                     
0800b194  gCRCRegister                                                         
0800b198  gSOCHwAttrib                                                         
0800b1b8  xdc_runtime_Error_IgnoreBlock                                        
0800b1d8  xdc_runtime_System_Module_State_0_atexitHandlers__A                  
0800b1f8  ti_sysbios_knl_Swi_Module__state__V                                  
0800b214  gMailboxMssBssHwCfg                                                  
0800b22c  gMailboxMssDssHwCfg                                                  
0800b244  ti_sysbios_heaps_HeapMem_Object__table__V                            
0800b25c  ti_sysbios_timers_rti_Timer_Module_State_0_device__A                 
0800b274  ti_sysbios_family_arm_exc_Exception_Module__state__V                 
0800b288  __TI_ft_end                                                          
0800b28c  __aeabi_stdin                                                        
0800b290  __aeabi_stdout                                                       
0800b294  __aeabi_stderr                                                       
0800b298  ti_sysbios_timers_rti_Timer_Module_State_0_intFreqs__A               
0800b2a8  ti_sysbios_timers_rti_Timer_Module__state__V                         
0800b2b8  __TI_cleanup_ptr                                                     
0800b2bc  __TI_dtors_ptr                                                       
0800b2c0  __TI_enable_exit_profile_output                                      
0800b2c4  gESMHwCfgAttrs                                                       
0800b2d0  ti_sysbios_family_arm_v7a_Pmu_Module__state__V                       
0800b2dc  _lock                                                                
0800b2e0  _unlock                                                              
0800b2e4  gGPIOHwAtrrib                                                        
0800b2ec  ti_sysbios_family_arm_v7r_vim_Hwi_Module__root__V                    
0800b2f4  ti_sysbios_gates_GateHwi_Module__root__V                             
0800b2fc  ti_sysbios_gates_GateMutex_Module__root__V                           
0800b304  ti_sysbios_hal_Hwi_Object__table__V                                  
0800b30c  ti_sysbios_heaps_HeapMem_Module__root__V                             
0800b314  ti_sysbios_knl_Event_Module__root__V                                 
0800b31c  ti_sysbios_knl_Queue_Module__root__V                                 
0800b324  ti_sysbios_knl_Semaphore_Module__root__V                             
0800b32c  ti_sysbios_knl_Task_Module__root__V                                  
0800b334  ti_sysbios_timers_rti_Timer_Module_State_0_handles__A                
0800b33c  xdc_runtime_Registry_Module__state__V                                
0800b344  xdc_runtime_Startup_Module__state__V                                 
0800b34c  xdc_runtime_System_Module__state__V                                  
0800b354  gPinmuxRegs                                                          
0800b35c  errno                                                                
0800b368  main_func_sp                                                         
0800b370  ti_sysbios_family_arm_exc_Exception_Module_State_0_excContext__A     
0800b374  ti_sysbios_family_arm_exc_Exception_Module_State_0_excStackBuffers__A
0800b378  ti_sysbios_family_arm_exc_Exception_Module_State_0_excStack__A       
0800b37c  ti_sysbios_gates_GateHwi_Object__table__V                            
0800b380  ti_sysbios_heaps_HeapBuf_Module__state__V                            
0800b384  ti_sysbios_knl_Task_Module_State_0_idleTask__A                       
0800b388  xdc_runtime_Memory_Module__state__V                                  
0800b38c  ti_sysbios_family_arm_exc_Exception_Module_State_0_excActive__A      
0800b38e  xdc_runtime_Error_Module__state__V                                   
0800b390  __stack                                                              
0800c390  __STACK_END                                                          
0800c390  ti_sysbios_family_arm_v7r_vim_Hwi_Module_State_0_fiqStack__A         
fffffdec  ti_sysbios_family_arm_v7r_vim_Hwi_vim                                
ffffffff  __TI_pprof_out_hndl                                                  
ffffffff  __TI_prof_data_size                                                  
ffffffff  __TI_prof_data_start                                                 
ffffffff  __binit__                                                            
ffffffff  __c_args__                                                           
ffffffff  binit                                                                
UNDEFED   SHT$$INIT_ARRAY$$Base                                                
UNDEFED   SHT$$INIT_ARRAY$$Limit                                               

[916 symbols]
